Component: ARM Compiler 5.06 update 5 (build 528) Tool: armlink [4d35e2]

==============================================================================

Section Cross References

    main.o(.text) refers to stm32f4xx_hal_rcc.o(.text) for HAL_RCC_OscConfig
    main.o(.text) refers to rt_cmsis.o(i.osKernelInitialize) for osKernelInitialize
    main.o(.text) refers to stm32f4xx_hal.o(.text) for HAL_Init
    main.o(.text) refers to thread.o(.text) for initializeLED_IO
    main.o(.text) refers to gpio.o(.text) for MX_GPIO_Init
    main.o(.text) refers to rt_cmsis.o(i.osKernelStart) for osKernelStart
    main.o(.text) refers to rt_time.o(.data) for os_time
    supporting_functions.o(.text) refers to printfb.o(i.__0printf$bare) for __2printf
    thread.o(.text) refers to rt_cmsis.o(i.osDelay) for osDelay
    thread.o(.text) refers to rt_cmsis.o(i.osSemaphoreWait) for osSemaphoreWait
    thread.o(.text) refers to stm32f4xx_hal_gpio.o(.text) for HAL_GPIO_TogglePin
    thread.o(.text) refers to rt_cmsis.o(i.osSemaphoreRelease) for osSemaphoreRelease
    thread.o(.text) refers to leddisplay.o(.text) for showDigit
    thread.o(.text) refers to stm32f4xx_hal.o(.text) for HAL_Delay
    thread.o(.text) refers to rt_cmsis.o(i.osSemaphoreCreate) for osSemaphoreCreate
    thread.o(.text) refers to rt_cmsis.o(i.osThreadCreate) for osThreadCreate
    thread.o(.text) refers to thread.o(.data) for semaphore
    thread.o(.text) refers to thread.o(.constdata) for os_semaphore_def_semaphore
    thread.o(.text) refers to thread.o(.bss) for LED_configuration
    thread.o(.constdata) refers to thread.o(.data) for os_semaphore_cb_semaphore
    thread.o(.constdata) refers to thread.o(.text) for thread1
    filter.o(.text) refers to filter.o(.data) for accX
    filter.o(.text) refers to filter.o(.bss) for inputAccX
    gpio.o(.text) refers to stm32f4xx_hal_gpio.o(.text) for HAL_GPIO_Init
    keypad.o(.text) refers to stm32f4xx_hal_gpio.o(.text) for HAL_GPIO_Init
    keypad.o(.text) refers to keypad.o(.bss) for GPIO_InitCol
    leddisplay.o(.text) refers to stm32f4xx_hal_gpio.o(.text) for HAL_GPIO_WritePin
    stm32f4xx_hal_msp.o(.text) refers to stm32f4xx_hal_cortex.o(.text) for HAL_NVIC_SetPriorityGrouping
    stm32f4xx_it.o(.text) refers to stm32f4xx_hal_gpio.o(.text) for HAL_GPIO_EXTI_IRQHandler
    stm32f4xx_it.o(.text) refers to stm32f4xx_hal_tim.o(.text) for HAL_TIM_IRQHandler
    stm32f4xx_it.o(.text) refers to tim.o(.bss) for htim2
    tim.o(.text) refers to stm32f4xx_hal_tim.o(.text) for HAL_TIM_Base_Init
    tim.o(.text) refers to stm32f4xx_hal_tim_ex.o(.text) for HAL_TIMEx_MasterConfigSynchronization
    tim.o(.text) refers to stm32f4xx_hal_gpio.o(.text) for HAL_GPIO_Init
    tim.o(.text) refers to memcpya.o(.text) for __aeabi_memcpy4
    tim.o(.text) refers to dfltui.o(.text) for __aeabi_ui2d
    tim.o(.text) refers to ddiv.o(.text) for __aeabi_ddiv
    tim.o(.text) refers to dmul.o(.text) for __aeabi_dmul
    tim.o(.text) refers to dfixui.o(.text) for __aeabi_d2uiz
    tim.o(.text) refers to stm32f4xx_hal_cortex.o(.text) for HAL_NVIC_SetPriority
    tim.o(.text) refers to tim.o(.bss) for htim2
    lis3dsh_1.o(.text) refers to stm32f4xx_hal_gpio.o(.text) for HAL_GPIO_WritePin
    lis3dsh_1.o(.text) refers to stm32f4xx_hal_spi.o(.text) for HAL_SPI_DeInit
    lis3dsh_1.o(.text) refers to printfb.o(i.__0printf$bare) for __2printf
    lis3dsh_1.o(.text) refers to f2d.o(.text) for __aeabi_f2d
    lis3dsh_1.o(.text) refers to dmul.o(.text) for __aeabi_dmul
    lis3dsh_1.o(.text) refers to d2f.o(.text) for __aeabi_d2f
    lis3dsh_1.o(.text) refers to lis3dsh_1.o(.data) for LIS3DSHTimeout
    lis3dsh_1.o(.text) refers to lis3dsh_1.o(.bss) for SpiHandle
    rtx_conf_cm.o(.ARM.Collect$$$$000000FF) refers to rt_cmsis.o(i.osKernelInitialize) for osKernelInitialize
    rtx_conf_cm.o(.ARM.Collect$$$$000000FF) refers to rt_cmsis.o(i.osThreadCreate) for osThreadCreate
    rtx_conf_cm.o(.ARM.Collect$$$$000000FF) refers to rt_cmsis.o(i.osKernelStart) for osKernelStart
    rtx_conf_cm.o(.ARM.Collect$$$$000000FF) refers to rtx_conf_cm.o(.constdata) for .constdata
    rtx_conf_cm.o(.constdata) refers to rt_cmsis.o(i.osTimerThread) for osTimerThread
    rtx_conf_cm.o(.constdata) refers to rtx_conf_cm.o(.bss) for os_messageQ_q_osTimerMessageQ
    rtx_conf_cm.o(.constdata) refers to main.o(.text) for main
    stm32f4xx_hal.o(.text) refers to stm32f4xx_hal_rcc.o(.text) for HAL_RCC_GetHCLKFreq
    stm32f4xx_hal.o(.text) refers to stm32f4xx_hal_cortex.o(.text) for HAL_SYSTICK_Config
    stm32f4xx_hal.o(.text) refers to stm32f4xx_hal_msp.o(.text) for HAL_MspInit
    stm32f4xx_hal.o(.text) refers to main.o(.text) for HAL_GetTick
    stm32f4xx_hal.o(.text) refers to stm32f4xx_hal.o(.data) for uwTick
    stm32f4xx_hal_dma.o(.text) refers to main.o(.text) for HAL_GetTick
    stm32f4xx_hal_dma.o(.text) refers to stm32f4xx_hal_dma.o(.constdata) for flagBitshiftOffset
    stm32f4xx_hal_pwr_ex.o(.text) refers to main.o(.text) for HAL_GetTick
[...]
    Sources\\filter.c                        0x00000000   Number         0  filter.o ABSOLUTE
    Sources\\fput_debug.c                    0x00000000   Number         0  fput_debug.o ABSOLUTE
    Sources\\gpio.c                          0x00000000   Number         0  gpio.o ABSOLUTE
    Sources\\keypad.c                        0x00000000   Number         0  keypad.o ABSOLUTE
    Sources\\main.c                          0x00000000   Number         0  main.o ABSOLUTE
    Sources\\stm32f4xx_hal_msp.c             0x00000000   Number         0  stm32f4xx_hal_msp.o ABSOLUTE
    Sources\\stm32f4xx_it.c                  0x00000000   Number         0  stm32f4xx_it.o ABSOLUTE
    Sources\\tim.c                           0x00000000   Number         0  tim.o ABSOLUTE
    Sources\filter.c                         0x00000000   Number         0  filter.o ABSOLUTE
    Sources\fput_debug.c                     0x00000000   Number         0  fput_debug.o ABSOLUTE
    Sources\gpio.c                           0x00000000   Number         0  gpio.o ABSOLUTE
    Sources\keypad.c                         0x00000000   Number         0  keypad.o ABSOLUTE
    Sources\main.c                           0x00000000   Number         0  main.o ABSOLUTE
    Sources\stm32f4xx_hal_msp.c              0x00000000   Number         0  stm32f4xx_hal_msp.o ABSOLUTE
    Sources\stm32f4xx_it.c                   0x00000000   Number         0  stm32f4xx_it.o ABSOLUTE
    Sources\supporting_functions.c           0x00000000   Number         0  supporting_functions.o ABSOLUTE
    Sources\tim.c                            0x00000000   Number         0  tim.o ABSOLUTE
    cdrcmple.s                               0x00000000   Number         0  cdrcmple.o ABSOLUTE
    dc.s                                     0x00000000   Number         0  dc.o ABSOLUTE
    handlers.s                               0x00000000   Number         0  handlers.o ABSOLUTE
    init.s                                   0x00000000   Number         0  init.o ABSOLUTE
    RESET                                    0x08000000   Section      392  startup_stm32f407xx.o(RESET)
    .ARM.Collect$$$$00000000                 0x08000188   Section        0  entry.o(.ARM.Collect$$$$00000000)
    .ARM.Collect$$$$00000001                 0x08000188   Section        4  entry2.o(.ARM.Collect$$$$00000001)
    .ARM.Collect$$$$00000004                 0x0800018c   Section        4  entry5.o(.ARM.Collect$$$$00000004)
    .ARM.Collect$$$$00000008                 0x08000190   Section        0  entry7b.o(.ARM.Collect$$$$00000008)
    .ARM.Collect$$$$0000000A                 0x08000190   Section        0  entry8b.o(.ARM.Collect$$$$0000000A)
    .ARM.Collect$$$$0000000D                 0x08000190   Section        0  entry10a.o(.ARM.Collect$$$$0000000D)
    .ARM.Collect$$$$0000000F                 0x08000190   Section        0  entry11a.o(.ARM.Collect$$$$0000000F)
    .ARM.Collect$$$$000000FF                 0x08000190   Section        0  rtx_conf_cm.o(.ARM.Collect$$$$000000FF)
    .ARM.Collect$$$$00002712                 0x080001a8   Section        4  entry2.o(.ARM.Collect$$$$00002712)
    __lit__00000000                          0x080001a8   Data           4  entry2.o(.ARM.Collect$$$$00002712)
    .emb_text                                0x080001ac   Section      408  hal_cm4.o(.emb_text)
    $v0                                      0x080001ac   Number         0  hal_cm4.o(.emb_text)
    .text                                    0x08000344   Section        0  main.o(.text)
    .text                                    0x08000408   Section        0  thread.o(.text)
    .text                                    0x0800051c   Section        0  gpio.o(.text)
    .text                                    0x080007a0   Section        0  leddisplay.o(.text)
    .text                                    0x08000be0   Section        0  stm32f4xx_hal_msp.o(.text)
    .text                                    0x08000bf4   Section        0  stm32f4xx_it.o(.text)
    .text                                    0x08000c0c   Section        0  tim.o(.text)
    .text                                    0x08000edc   Section        0  rtx_conf_cm.o(.text)
    .text                                    0x08000f04   Section        0  stm32f4xx_hal.o(.text)
    .text                                    0x080010b4   Section        0  stm32f4xx_hal_cortex.o(.text)
    __NVIC_SetPriority                       0x080010b5   Thumb Code    32  stm32f4xx_hal_cortex.o(.text)
    __NVIC_GetPriorityGrouping               0x08001407   Thumb Code    12  stm32f4xx_hal_cortex.o(.text)
    .text                                    0x08001428   Section        0  stm32f4xx_hal_dma.o(.text)
    DMA_CalcBaseAndBitshift                  0x08001429   Thumb Code    46  stm32f4xx_hal_dma.o(.text)
    DMA_SetConfig                            0x0800153b   Thumb Code    44  stm32f4xx_hal_dma.o(.text)
    .text                                    0x08001a40   Section        0  stm32f4xx_hal_gpio.o(.text)
    .text                                    0x08001e0c   Section        0  stm32f4xx_hal_rcc.o(.text)
    .text                                    0x08002858   Section        0  stm32f4xx_hal_tim.o(.text)
    TIM_DMAPeriodElapsedCplt                 0x08002a53   Thumb Code    20  stm32f4xx_hal_tim.o(.text)
    TIM_OC4_SetConfig                        0x08004123   Thumb Code    88  stm32f4xx_hal_tim.o(.text)
    TIM_OC3_SetConfig                        0x0800417b   Thumb Code   122  stm32f4xx_hal_tim.o(.text)
    TIM_OC1_SetConfig                        0x08004265   Thumb Code   102  stm32f4xx_hal_tim.o(.text)
    TIM_TI4_SetConfig                        0x0800433f   Thumb Code    64  stm32f4xx_hal_tim.o(.text)
    TIM_TI3_SetConfig                        0x0800437f   Thumb Code    60  stm32f4xx_hal_tim.o(.text)
    TIM_TI2_SetConfig                        0x080043bb   Thumb Code    62  stm32f4xx_hal_tim.o(.text)
    TIM_DMATriggerCplt                       0x08004797   Thumb Code    20  stm32f4xx_hal_tim.o(.text)
    TIM_ETR_SetConfig                        0x08004bbd   Thumb Code    24  stm32f4xx_hal_tim.o(.text)
    TIM_ITRx_SetConfig                       0x08004cd1   Thumb Code    20  stm32f4xx_hal_tim.o(.text)
    TIM_TI1_ConfigInputStage                 0x08004ce5   Thumb Code    42  stm32f4xx_hal_tim.o(.text)
    TIM_TI2_ConfigInputStage                 0x08004d0f   Thumb Code    44  stm32f4xx_hal_tim.o(.text)
    TIM_SlaveTimer_SetConfig                 0x08004e85   Thumb Code   164  stm32f4xx_hal_tim.o(.text)
    .text                                    0x08005058   Section        0  stm32f4xx_hal_tim_ex.o(.text)
    TIM_CCxNChannelCmd                       0x080052d9   Thumb Code    28  stm32f4xx_hal_tim_ex.o(.text)
    .text                                    0x08005de0   Section       36  startup_stm32f407xx.o(.text)
    $v0                                      0x08005de0   Number         0  startup_stm32f407xx.o(.text)
    .text                                    0x08005e04   Section        0  system_stm32f4xx.o(.text)
    .text                                    0x08005f24   Section        0  memcpya.o(.text)
    .text                                    0x08005f48   Section        0  dmul.o(.text)
    .text                                    0x0800602c   Section        0  ddiv.o(.text)
    .text                                    0x0800610a   Section        0  dfltui.o(.text)
    .text                                    0x08006124   Section        0  dfixui.o(.text)
    .text                                    0x08006156   Section        0  llshl.o(.text)
    .text                                    0x08006174   Section        0  llushr.o(.text)
    .text                                    0x08006194   Section        0  iusefp.o(.text)
    .text                                    0x08006194   Section        0  depilogue.o(.text)
    .text                                    0x08006250   Section       36  init.o(.text)
    SVC_TABLE                                0x08006274   Section        4  svc_table.o(SVC_TABLE)
    i.__scatterload_copy                     0x08006278   Section       14  handlers.o(i.__scatterload_copy)
    i.__scatterload_null                     0x08006286   Section        2  handlers.o(i.__scatterload_null)
    i.__scatterload_zeroinit                 0x08006288   Section       14  handlers.o(i.__scatterload_zeroinit)
    i._init_box                              0x08006296   Section        0  rt_membox.o(i._init_box)
    i.dbg_init                               0x080062dc   Section        0  hal_cm.o(i.dbg_init)
    i.dbg_task_notify                        0x0800630c   Section        0  hal_cm.o(i.dbg_task_notify)
    i.dbg_task_switch                        0x0800632c   Section        0  hal_cm.o(i.dbg_task_switch)
    i.isrMessageGet                          0x0800633c   Section        0  rt_cmsis.o(i.isrMessageGet)
    i.isrMessagePut                          0x08006366   Section        0  rt_cmsis.o(i.isrMessagePut)
    i.isrSemaphoreRelease                    0x08006392   Section        0  rt_cmsis.o(i.isrSemaphoreRelease)
    i.isr_mbx_receive                        0x080063bc   Section        0  rt_mailbox.o(i.isr_mbx_receive)
    i.isr_mbx_send                           0x08006412   Section        0  rt_mailbox.o(i.isr_mbx_send)
    i.isr_sem_send                           0x08006420   Section        0  rt_semaphore.o(i.isr_sem_send)
    i.osDelay                                0x08006430   Section        0  rt_cmsis.o(i.osDelay)
    i.osKernelInitialize                     0x08006448   Section        0  rt_cmsis.o(i.osKernelInitialize)
    i.osKernelStart                          0x0800646c   Section        0  rt_cmsis.o(i.osKernelStart)
    i.osMessageGet                           0x080064d8   Section        0  rt_cmsis.o(i.osMessageGet)
    i.osSemaphoreCreate                      0x080064f0   Section        0  rt_cmsis.o(i.osSemaphoreCreate)
    i.osSemaphoreRelease                     0x0800651c   Section        0  rt_cmsis.o(i.osSemaphoreRelease)
    i.osSemaphoreWait                        0x08006534   Section        0  rt_cmsis.o(i.osSemaphoreWait)
    i.osThreadCreate                         0x0800654c   Section        0  rt_cmsis.o(i.osThreadCreate)
    i.osThreadExit                           0x08006578   Section        0  rt_cmsis.o(i.osThreadExit)
    i.osTimerCall                            0x08006590   Section        0  rt_cmsis.o(i.osTimerCall)
    i.osTimerThread                          0x0800659c   Section        0  rt_cmsis.o(i.osTimerThread)
    i.os_tick_init                           0x080065c8   Section        0  rt_system.o(i.os_tick_init)
    i.os_tick_irqack                         0x080065f0   Section        0  rt_system.o(i.os_tick_irqack)
    i.rt_alloc_box                           0x080065f2   Section        0  rt_membox.o(i.rt_alloc_box)
    i.rt_alloc_mem                           0x0800660c   Section        0  rt_memory.o(i.rt_alloc_mem)
    i.rt_block                               0x0800664c   Section        0  rt_task.o(i.rt_block)
    i.rt_chk_robin                           0x08006684   Section        0  rt_robin.o(i.rt_chk_robin)
    i.rt_dec_dly                             0x080066cc   Section        0  rt_list.o(i.rt_dec_dly)
    i.rt_dispatch                            0x0800673c   Section        0  rt_task.o(i.rt_dispatch)
    i.rt_dly_wait                            0x08006780   Section        0  rt_time.o(i.rt_dly_wait)
    i.rt_evt_psh                             0x08006788   Section        0  rt_event.o(i.rt_evt_psh)
    i.rt_free_box                            0x080067d8   Section        0  rt_membox.o(i.rt_free_box)
    i.rt_free_mem                            0x08006804   Section        0  rt_memory.o(i.rt_free_mem)
    i.rt_get_first                           0x0800682c   Section        0  rt_list.o(i.rt_get_first)
    i.rt_id2obj                              0x08006854   Section        0  rt_cmsis.o(i.rt_id2obj)
    rt_id2obj                                0x08006855   Thumb Code     8  rt_cmsis.o(i.rt_id2obj)
    i.rt_init_context                        0x0800685c   Section        0  rt_task.o(i.rt_init_context)
    rt_init_context                          0x0800685d   Thumb Code    66  rt_task.o(i.rt_init_context)
    i.rt_init_mem                            0x080068a4   Section        0  rt_memory.o(i.rt_init_mem)
    i.rt_init_robin                          0x080068c0   Section        0  rt_robin.o(i.rt_init_robin)
    i.rt_init_stack                          0x080068d8   Section        0  hal_cm.o(i.rt_init_stack)
    i.rt_mbx_check                           0x08006958   Section        0  rt_mailbox.o(i.rt_mbx_check)
    i.rt_mbx_init                            0x08006960   Section        0  rt_mailbox.o(i.rt_mbx_init)
    i.rt_mbx_psh                             0x0800697c   Section        0  rt_mailbox.o(i.rt_mbx_psh)
    i.rt_mbx_wait                            0x08006a6c   Section        0  rt_mailbox.o(i.rt_mbx_wait)
    i.rt_ms2tick                             0x08006b20   Section        0  rt_cmsis.o(i.rt_ms2tick)
    rt_ms2tick                               0x08006b21   Thumb Code    58  rt_cmsis.o(i.rt_ms2tick)
    i.rt_pop_req                             0x08006b64   Section        0  rt_system.o(i.rt_pop_req)
    i.rt_psh_req                             0x08006be0   Section        0  rt_system.o(i.rt_psh_req)
    i.rt_psq_enq                             0x08006c00   Section        0  rt_list.o(i.rt_psq_enq)
    i.rt_put_dly                             0x08006c5c   Section        0  rt_list.o(i.rt_put_dly)
    i.rt_put_prio                            0x08006ca4   Section        0  rt_list.o(i.rt_put_prio)
    i.rt_put_rdy_first                       0x08006cdc   Section        0  rt_list.o(i.rt_put_rdy_first)
    i.rt_resort_prio                         0x08006cf0   Section        0  rt_list.o(i.rt_resort_prio)
    i.rt_ret_regs                            0x08006d24   Section        0  hal_cm.o(i.rt_ret_regs)
    rt_ret_regs                              0x08006d25   Thumb Code    16  hal_cm.o(i.rt_ret_regs)
    i.rt_ret_val                             0x08006d34   Section        0  hal_cm.o(i.rt_ret_val)
    i.rt_ret_val2                            0x08006d40   Section        0  hal_cm.o(i.rt_ret_val2)
    i.rt_rmv_dly                             0x08006d50   Section        0  rt_list.o(i.rt_rmv_dly)
    i.rt_rmv_list                            0x08006d78   Section        0  rt_list.o(i.rt_rmv_list)
    i.rt_sem_init                            0x08006da8   Section        0  rt_semaphore.o(i.rt_sem_init)
    i.rt_sem_psh                             0x08006db4   Section        0  rt_semaphore.o(i.rt_sem_psh)
    i.rt_sem_send                            0x08006de8   Section        0  rt_semaphore.o(i.rt_sem_send)
    i.rt_sem_wait                            0x08006e14   Section        0  rt_semaphore.o(i.rt_sem_wait)
    i.rt_stk_check                           0x08006e54   Section        0  rt_system.o(i.rt_stk_check)
    i.rt_switch_req                          0x08006e78   Section        0  rt_task.o(i.rt_switch_req)
    i.rt_sys_init                            0x08006ea0   Section        0  rt_task.o(i.rt_sys_init)
    i.rt_sys_start                           0x08006f6c   Section        0  rt_task.o(i.rt_sys_start)
    i.rt_systick                             0x08006fe4   Section        0  rt_system.o(i.rt_systick)
    i.rt_tid2ptcb                            0x08007024   Section        0  rt_cmsis.o(i.rt_tid2ptcb)
    rt_tid2ptcb                              0x08007025   Thumb Code    18  rt_cmsis.o(i.rt_tid2ptcb)
    i.rt_timer_insert                        0x08007038   Section        0  rt_cmsis.o(i.rt_timer_insert)
    rt_timer_insert                          0x08007039   Thumb Code    48  rt_cmsis.o(i.rt_timer_insert)
    i.rt_tsk_create                          0x0800706c   Section        0  rt_task.o(i.rt_tsk_create)
    i.rt_tsk_delete                          0x080070f4   Section        0  rt_task.o(i.rt_tsk_delete)
    i.rt_tsk_prio                            0x08007270   Section        0  rt_task.o(i.rt_tsk_prio)
    i.rt_tsk_self                            0x080072ec   Section        0  rt_task.o(i.rt_tsk_self)
    i.svcDelay                               0x080072fc   Section        0  rt_cmsis.o(i.svcDelay)
    i.svcKernelInitialize                    0x08007310   Section        0  rt_cmsis.o(i.svcKernelInitialize)
    i.svcKernelStart                         0x08007380   Section        0  rt_cmsis.o(i.svcKernelStart)
    i.svcMessageCreate                       0x080073c8   Section        0  rt_cmsis.o(i.svcMessageCreate)
    i.svcMessageGet                          0x080073ec   Section        0  rt_cmsis.o(i.svcMessageGet)
    i.svcSemaphoreCreate                     0x08007426   Section        0  rt_cmsis.o(i.svcSemaphoreCreate)
    i.svcSemaphoreRelease                    0x0800744a   Section        0  rt_cmsis.o(i.svcSemaphoreRelease)
    i.svcSemaphoreWait                       0x08007472   Section        0  rt_cmsis.o(i.svcSemaphoreWait)
    i.svcThreadCreate                        0x080074a4   Section        0  rt_cmsis.o(i.svcThreadCreate)
    i.svcThreadGetId                         0x08007510   Section        0  rt_cmsis.o(i.svcThreadGetId)
    i.svcThreadTerminate                     0x0800752c   Section        0  rt_cmsis.o(i.svcThreadTerminate)
    i.svcTimerCall                           0x08007564   Section        0  rt_cmsis.o(i.svcTimerCall)
    i.sysTimerTick                           0x0800757c   Section        0  rt_cmsis.o(i.sysTimerTick)
    .constdata                               0x080075d8   Section       36  thread.o(.constdata)
    .constdata                               0x080075fc   Section      104  rtx_conf_cm.o(.constdata)
    __tagsym$$used                           0x08007618   Number         0  rtx_conf_cm.o(.constdata)
    __tagsym$$used                           0x0800761c   Number         0  rtx_conf_cm.o(.constdata)
    __tagsym$$used                           0x08007620   Number         0  rtx_conf_cm.o(.constdata)
    __tagsym$$used                           0x08007624   Number         0  rtx_conf_cm.o(.constdata)
    .constdata                               0x08007664   Section        8  stm32f4xx_hal_dma.o(.constdata)
    flagBitshiftOffset                       0x08007664   Data           8  stm32f4xx_hal_dma.o(.constdata)
    .constdata                               0x0800766c   Section       16  stm32f4xx_hal_rcc.o(.constdata)
    .constdata                               0x0800767c   Section       16  system_stm32f4xx.o(.constdata)
    .data                                    0x20000000   Section       44  thread.o(.data)
    .data                                    0x2000002c   Section       16  rtx_conf_cm.o(.data)
    .data                                    0x2000003c   Section        4  stm32f4xx_hal.o(.data)
    uwTick                                   0x2000003c   Data           4  stm32f4xx_hal.o(.data)
    .data                                    0x20000040   Section        4  system_stm32f4xx.o(.data)
    .data                                    0x20000044   Section        8  rt_cmsis.o(.data)
    .data                                    0x2000004c   Section        4  rt_time.o(.data)
    .data                                    0x20000050   Section        8  rt_task.o(.data)
    .data                                    0x20000058   Section        8  rt_system.o(.data)
    os_lock                                  0x20000058   Data           1  rt_system.o(.data)
    os_psh_flag                              0x20000059   Data           1  rt_system.o(.data)
    pend_flags                               0x2000005a   Data           1  rt_system.o(.data)
    .data                                    0x20000060   Section        1  hal_cm.o(.data)
    .data                                    0x20000064   Section        8  rt_robin.o(.data)
    .bss                                     0x2000006c   Section       20  thread.o(.bss)
    .bss                                     0x20000080   Section      148  tim.o(.bss)
    .bss                                     0x20000118   Section     4928  rtx_conf_cm.o(.bss)
    .bss                                     0x20001458   Section       52  rt_task.o(.bss)
    .bss                                     0x2000148c   Section       48  rt_list.o(.bss)
    STACK                                    0x200014c0   Section     1024  startup_stm32f407xx.o(STACK)

    Global Symbols

    Symbol Name                              Value     Ov Type        Size  Object(Section)

    BuildAttributes$$THM_ISAv4$E$P$D$K$B$S$7EM$VFPi3$EXTD16$VFPS$VFMA$PE$A:L22UL41UL21$X:L11$S22US41US21$IEEE1$IW$USESV6$~STKCKD$USESV7$~SHL$OTIME$ROPI$EBA8$MICROLIB$REQ8$PRES8$EABIv2 0x00000000   Number         0  anon$$obj.o ABSOLUTE
    __ARM_use_no_argv                        0x00000000   Number         0  main.o ABSOLUTE
    __cpp_initialize__aeabi_                  - Undefined Weak Reference
    __cxa_finalize                            - Undefined Weak Reference
    __decompress                              - Undefined Weak Reference
    _clock_init                               - Undefined Weak Reference
    _microlib_exit                            - Undefined Weak Reference
    __Vectors_Size                           0x00000188   Number         0  startup_stm32f407xx.o ABSOLUTE
    __RL_RTX_VER                             0x00000482   Number         0  rt_system.o ABSOLUTE
    __Vectors                                0x08000000   Data           4  startup_stm32f407xx.o(RESET)
    __Vectors_End                            0x08000188   Data           0  startup_stm32f407xx.o(RESET)
    __main                                   0x08000189   Thumb Code     0  entry.o(.ARM.Collect$$$$00000000)
    _main_stk                                0x08000189   Thumb Code     0  entry2.o(.ARM.Collect$$$$00000001)
    _main_scatterload                        0x0800018d   Thumb Code     0  entry5.o(.ARM.Collect$$$$00000004)
    __main_after_scatterload                 0x08000191   Thumb Code     0  entry5.o(.ARM.Collect$$$$00000004)
    __rt_final_cpp                           0x08000191   Thumb Code     0  entry10a.o(.ARM.Collect$$$$0000000D)
    __rt_final_exit                          0x08000191   Thumb Code     0  entry11a.o(.ARM.Collect$$$$0000000F)
    _main_clock                              0x08000191   Thumb Code     0  entry7b.o(.ARM.Collect$$$$00000008)
    _main_cpp_init                           0x08000191   Thumb Code     0  entry8b.o(.ARM.Collect$$$$0000000A)
    _main_init                               0x08000191   Thumb Code    18  rtx_conf_cm.o(.ARM.Collect$$$$000000FF)
    rt_set_PSP                               0x080001ad   Thumb Code     6  hal_cm4.o(.emb_text)
    rt_get_PSP                               0x080001b3   Thumb Code     6  hal_cm4.o(.emb_text)
    os_set_env                               0x080001b9   Thumb Code    24  hal_cm4.o(.emb_text)
    _alloc_box                               0x080001d5   Thumb Code    28  hal_cm4.o(.emb_text)
    _free_box                                0x080001f5   Thumb Code    28  hal_cm4.o(.emb_text)
    SVC_Handler                              0x08000215   Thumb Code   168  hal_cm4.o(.emb_text)
    PendSV_Handler                           0x080002cd   Thumb Code    96  hal_cm4.o(.emb_text)
    SysTick_Handler                          0x08000331   Thumb Code     8  hal_cm4.o(.emb_text)
    OS_Tick_Handler                          0x08000339   Thumb Code    12  hal_cm4.o(.emb_text)
    HAL_GetTick                              0x08000345   Thumb Code     6  main.o(.text)
    SystemClock_Config                       0x0800034b   Thumb Code   142  main.o(.text)
    main                                     0x080003d9   Thumb Code    34  main.o(.text)
    thread1                                  0x08000409   Thumb Code    40  thread.o(.text)
    thread2                                  0x08000431   Thumb Code    90  thread.o(.text)
    StartApplication                         0x0800048b   Thumb Code    40  thread.o(.text)
    initializeLED_IO                         0x080004b3   Thumb Code    62  thread.o(.text)
    MX_GPIO_Init                             0x0800051d   Thumb Code   610  gpio.o(.text)
    segmentDecoder                           0x080007a1   Thumb Code   796  leddisplay.o(.text)
    useDigit                                 0x08000abd   Thumb Code   236  leddisplay.o(.text)
    showDigit                                0x08000ba9   Thumb Code    20  leddisplay.o(.text)
    resetDisplay                             0x08000bbd   Thumb Code    26  leddisplay.o(.text)
    HAL_MspInit                              0x08000be1   Thumb Code    20  stm32f4xx_hal_msp.o(.text)
    EXTI0_IRQHandler                         0x08000bf5   Thumb Code    10  stm32f4xx_it.o(.text)
    TIM2_IRQHandler                          0x08000bff   Thumb Code    10  stm32f4xx_it.o(.text)
    MX_TIM2_Init                             0x08000c0d   Thumb Code    70  tim.o(.text)
    HAL_TIM_MspPostInit                      0x08000c53   Thumb Code    46  tim.o(.text)
    MX_TIM4_Init_Alt                         0x08000c81   Thumb Code   144  tim.o(.text)
    updatePulse                              0x08000d11   Thumb Code    90  tim.o(.text)
    HAL_TIM_Base_MspInit                     0x08000d6b   Thumb Code   138  tim.o(.text)
    HAL_TIM_PWM_MspInit                      0x08000df5   Thumb Code   102  tim.o(.text)
    HAL_TIM_Base_MspDeInit                   0x08000e5b   Thumb Code    42  tim.o(.text)
    HAL_TIM_PWM_MspDeInit                    0x08000e85   Thumb Code    44  tim.o(.text)
    os_idle_demon                            0x08000edd   Thumb Code     4  rtx_conf_cm.o(.text)
    os_error                                 0x08000ee1   Thumb Code    34  rtx_conf_cm.o(.text)
    HAL_InitTick                             0x08000f0f   Thumb Code    36  stm32f4xx_hal.o(.text)
    HAL_Init                                 0x08000f33   Thumb Code    54  stm32f4xx_hal.o(.text)
    HAL_MspDeInit                            0x08000f69   Thumb Code    10  stm32f4xx_hal.o(.text)
    HAL_DeInit                               0x08000f73   Thumb Code    64  stm32f4xx_hal.o(.text)
    HAL_IncTick                              0x08000fb3   Thumb Code    12  stm32f4xx_hal.o(.text)
    HAL_Delay                                0x08000fc5   Thumb Code    26  stm32f4xx_hal.o(.text)
    HAL_SuspendTick                          0x08000fdf   Thumb Code    18  stm32f4xx_hal.o(.text)
    HAL_ResumeTick                           0x08000ff1   Thumb Code    18  stm32f4xx_hal.o(.text)
    HAL_GetHalVersion                        0x08001003   Thumb Code     4  stm32f4xx_hal.o(.text)
    HAL_GetREVID                             0x08001007   Thumb Code     8  stm32f4xx_hal.o(.text)
    HAL_GetDEVID                             0x0800100f   Thumb Code    10  stm32f4xx_hal.o(.text)
    HAL_DBGMCU_EnableDBGSleepMode            0x08001019   Thumb Code    14  stm32f4xx_hal.o(.text)
    HAL_DBGMCU_DisableDBGSleepMode           0x08001027   Thumb Code    14  stm32f4xx_hal.o(.text)
    HAL_DBGMCU_EnableDBGStopMode             0x08001035   Thumb Code    14  stm32f4xx_hal.o(.text)
    HAL_DBGMCU_DisableDBGStopMode            0x08001043   Thumb Code    14  stm32f4xx_hal.o(.text)
    HAL_DBGMCU_EnableDBGStandbyMode          0x08001051   Thumb Code    14  stm32f4xx_hal.o(.text)
    HAL_DBGMCU_DisableDBGStandbyMode         0x0800105f   Thumb Code    14  stm32f4xx_hal.o(.text)
    HAL_EnableCompensationCell               0x0800106d   Thumb Code    22  stm32f4xx_hal.o(.text)
    HAL_DisableCompensationCell              0x08001083   Thumb Code    24  stm32f4xx_hal.o(.text)
    HAL_NVIC_SetPriorityGrouping             0x080010d5   Thumb Code    36  stm32f4xx_hal_cortex.o(.text)
    HAL_NVIC_SetPriority                     0x080010f9   Thumb Code   124  stm32f4xx_hal_cortex.o(.text)
    HAL_NVIC_EnableIRQ                       0x08001175   Thumb Code    32  stm32f4xx_hal_cortex.o(.text)
    HAL_NVIC_DisableIRQ                      0x08001195   Thumb Code    62  stm32f4xx_hal_cortex.o(.text)
    HAL_NVIC_SystemReset                     0x080011d3   Thumb Code    64  stm32f4xx_hal_cortex.o(.text)
    HAL_SYSTICK_Config                       0x08001213   Thumb Code    52  stm32f4xx_hal_cortex.o(.text)
    HAL_MPU_ConfigRegion                     0x08001247   Thumb Code    90  stm32f4xx_hal_cortex.o(.text)
    HAL_NVIC_GetPriorityGrouping             0x080012a1   Thumb Code     8  stm32f4xx_hal_cortex.o(.text)
    HAL_NVIC_GetPriority                     0x080012a9   Thumb Code   138  stm32f4xx_hal_cortex.o(.text)
    HAL_NVIC_SetPendingIRQ                   0x08001333   Thumb Code    32  stm32f4xx_hal_cortex.o(.text)
    HAL_NVIC_GetPendingIRQ                   0x08001353   Thumb Code    46  stm32f4xx_hal_cortex.o(.text)
    HAL_NVIC_ClearPendingIRQ                 0x08001381   Thumb Code    30  stm32f4xx_hal_cortex.o(.text)
    HAL_NVIC_GetActive                       0x0800139f   Thumb Code    46  stm32f4xx_hal_cortex.o(.text)
    HAL_SYSTICK_CLKSourceConfig              0x080013cd   Thumb Code    40  stm32f4xx_hal_cortex.o(.text)
    HAL_SYSTICK_Callback                     0x080013f5   Thumb Code    10  stm32f4xx_hal_cortex.o(.text)
    HAL_SYSTICK_IRQHandler                   0x080013ff   Thumb Code     8  stm32f4xx_hal_cortex.o(.text)
    HAL_DMA_Init                             0x08001457   Thumb Code   128  stm32f4xx_hal_dma.o(.text)
    HAL_DMA_DeInit                           0x080014d7   Thumb Code   100  stm32f4xx_hal_dma.o(.text)
    HAL_DMA_Start                            0x08001567   Thumb Code    82  stm32f4xx_hal_dma.o(.text)
    HAL_DMA_Start_IT                         0x080015b9   Thumb Code   106  stm32f4xx_hal_dma.o(.text)
    HAL_DMA_Abort                            0x08001623   Thumb Code    94  stm32f4xx_hal_dma.o(.text)
    HAL_DMA_PollForTransfer                  0x08001681   Thumb Code   412  stm32f4xx_hal_dma.o(.text)
    HAL_DMA_IRQHandler                       0x0800181d   Thumb Code   530  stm32f4xx_hal_dma.o(.text)
    HAL_DMA_GetState                         0x08001a2f   Thumb Code     8  stm32f4xx_hal_dma.o(.text)
    HAL_DMA_GetError                         0x08001a37   Thumb Code     6  stm32f4xx_hal_dma.o(.text)
    HAL_GPIO_Init                            0x08001a41   Thumb Code   476  stm32f4xx_hal_gpio.o(.text)
    HAL_GPIO_DeInit                          0x08001c1d   Thumb Code   326  stm32f4xx_hal_gpio.o(.text)
    HAL_GPIO_ReadPin                         0x08001d63   Thumb Code    16  stm32f4xx_hal_gpio.o(.text)
    HAL_GPIO_WritePin                        0x08001d73   Thumb Code    12  stm32f4xx_hal_gpio.o(.text)
    HAL_GPIO_TogglePin                       0x08001d7f   Thumb Code     8  stm32f4xx_hal_gpio.o(.text)
    HAL_GPIO_LockPin                         0x08001d87   Thumb Code    46  stm32f4xx_hal_gpio.o(.text)
    HAL_GPIO_EXTI_Callback                   0x08001db5   Thumb Code    10  stm32f4xx_hal_gpio.o(.text)
    HAL_GPIO_EXTI_IRQHandler                 0x08001dbf   Thumb Code    28  stm32f4xx_hal_gpio.o(.text)
    HAL_RCC_OscConfig                        0x08001e0f   Thumb Code  1032  stm32f4xx_hal_rcc.o(.text)
    HAL_RCC_ClockConfig                      0x08002217   Thumb Code   680  stm32f4xx_hal_rcc.o(.text)
    HAL_RCC_MCOConfig                        0x080024bf   Thumb Code   178  stm32f4xx_hal_rcc.o(.text)
    HAL_RCC_EnableCSS                        0x08002571   Thumb Code     8  stm32f4xx_hal_rcc.o(.text)
    HAL_RCC_DisableCSS                       0x08002579   Thumb Code     8  stm32f4xx_hal_rcc.o(.text)
    HAL_RCC_GetSysClockFreq                  0x08002581   Thumb Code   198  stm32f4xx_hal_rcc.o(.text)
    HAL_RCC_GetHCLKFreq                      0x08002647   Thumb Code    42  stm32f4xx_hal_rcc.o(.text)
    HAL_RCC_GetPCLK1Freq                     0x08002671   Thumb Code    36  stm32f4xx_hal_rcc.o(.text)
    HAL_RCC_GetPCLK2Freq                     0x08002695   Thumb Code    36  stm32f4xx_hal_rcc.o(.text)
    HAL_RCC_GetOscConfig                     0x080026b9   Thumb Code   296  stm32f4xx_hal_rcc.o(.text)
    HAL_RCC_GetClockConfig                   0x080027e1   Thumb Code    58  stm32f4xx_hal_rcc.o(.text)
    HAL_RCC_CSSCallback                      0x0800281b   Thumb Code    10  stm32f4xx_hal_rcc.o(.text)
    HAL_RCC_NMI_IRQHandler                   0x08002825   Thumb Code    30  stm32f4xx_hal_rcc.o(.text)
    TIM_Base_SetConfig                       0x08002859   Thumb Code   184  stm32f4xx_hal_tim.o(.text)
    HAL_TIM_Base_Init                        0x08002913   Thumb Code    52  stm32f4xx_hal_tim.o(.text)
    HAL_TIM_Base_DeInit                      0x08002949   Thumb Code    70  stm32f4xx_hal_tim.o(.text)
    HAL_TIM_Base_Start                       0x0800298f   Thumb Code    30  stm32f4xx_hal_tim.o(.text)
    HAL_TIM_Base_Stop                        0x080029ad   Thumb Code    56  stm32f4xx_hal_tim.o(.text)
    HAL_TIM_Base_Start_IT                    0x080029e5   Thumb Code    30  stm32f4xx_hal_tim.o(.text)
    HAL_TIM_Base_Stop_IT                     0x08002a03   Thumb Code    56  stm32f4xx_hal_tim.o(.text)
    HAL_TIM_ErrorCallback                    0x08002a3b   Thumb Code     2  stm32f4xx_hal_tim.o(.text)
    TIM_DMAError                             0x08002a3d   Thumb Code    20  stm32f4xx_hal_tim.o(.text)
    HAL_TIM_PeriodElapsedCallback            0x08002a51   Thumb Code     2  stm32f4xx_hal_tim.o(.text)
    HAL_TIM_Base_Start_DMA                   0x08002a67   Thumb Code    98  stm32f4xx_hal_tim.o(.text)
    HAL_TIM_Base_Stop_DMA                    0x08002ac9   Thumb Code    62  stm32f4xx_hal_tim.o(.text)
    HAL_TIM_OC_MspInit                       0x08002b07   Thumb Code     2  stm32f4xx_hal_tim.o(.text)
    HAL_TIM_OC_Init                          0x08002b09   Thumb Code    52  stm32f4xx_hal_tim.o(.text)
    HAL_TIM_OC_MspDeInit                     0x08002b3d   Thumb Code     2  stm32f4xx_hal_tim.o(.text)
    HAL_TIM_OC_DeInit                        0x08002b3f   Thumb Code    70  stm32f4xx_hal_tim.o(.text)
    TIM_CCxChannelCmd                        0x08002b85   Thumb Code    28  stm32f4xx_hal_tim.o(.text)
    HAL_TIM_OC_Start                         0x08002ba1   Thumb Code    68  stm32f4xx_hal_tim.o(.text)
    HAL_TIM_OC_Stop                          0x08002be5   Thumb Code   170  stm32f4xx_hal_tim.o(.text)
    HAL_TIM_OC_Start_IT                      0x08002c8f   Thumb Code   144  stm32f4xx_hal_tim.o(.text)
    HAL_TIM_OC_Stop_IT                       0x08002d1f   Thumb Code   196  stm32f4xx_hal_tim.o(.text)
    HAL_TIM_PWM_PulseFinishedCallback        0x08002de3   Thumb Code     2  stm32f4xx_hal_tim.o(.text)
    TIM_DMADelayPulseCplt                    0x08002de5   Thumb Code    70  stm32f4xx_hal_tim.o(.text)
    HAL_TIM_OC_Start_DMA                     0x08002e2b   Thumb Code   312  stm32f4xx_hal_tim.o(.text)
    HAL_TIM_OC_Stop_DMA                      0x08002f63   Thumb Code   202  stm32f4xx_hal_tim.o(.text)
    HAL_TIM_PWM_Init                         0x0800302f   Thumb Code    52  stm32f4xx_hal_tim.o(.text)
    HAL_TIM_PWM_DeInit                       0x08003065   Thumb Code    70  stm32f4xx_hal_tim.o(.text)
    HAL_TIM_PWM_Start                        0x080030ab   Thumb Code    78  stm32f4xx_hal_tim.o(.text)
    HAL_TIM_PWM_Stop                         0x080030f9   Thumb Code   126  stm32f4xx_hal_tim.o(.text)
    HAL_TIM_PWM_Start_IT                     0x08003177   Thumb Code   144  stm32f4xx_hal_tim.o(.text)
    HAL_TIM_PWM_Stop_IT                      0x08003207   Thumb Code   196  stm32f4xx_hal_tim.o(.text)
    HAL_TIM_PWM_Start_DMA                    0x080032cb   Thumb Code   312  stm32f4xx_hal_tim.o(.text)
    HAL_TIM_PWM_Stop_DMA                     0x08003403   Thumb Code   202  stm32f4xx_hal_tim.o(.text)
    HAL_TIM_IC_MspInit                       0x080034cd   Thumb Code     2  stm32f4xx_hal_tim.o(.text)
    HAL_TIM_IC_Init                          0x080034cf   Thumb Code    62  stm32f4xx_hal_tim.o(.text)
    HAL_TIM_IC_MspDeInit                     0x0800350d   Thumb Code     2  stm32f4xx_hal_tim.o(.text)
    HAL_TIM_IC_DeInit                        0x0800350f   Thumb Code    70  stm32f4xx_hal_tim.o(.text)
    HAL_TIM_IC_Start                         0x08003555   Thumb Code    32  stm32f4xx_hal_tim.o(.text)
    HAL_TIM_IC_Stop                          0x08003575   Thumb Code    58  stm32f4xx_hal_tim.o(.text)
    HAL_TIM_IC_Start_IT                      0x080035af   Thumb Code   108  stm32f4xx_hal_tim.o(.text)
    HAL_TIM_IC_Stop_IT                       0x0800361b   Thumb Code   134  stm32f4xx_hal_tim.o(.text)
    HAL_TIM_IC_CaptureCallback               0x080036a1   Thumb Code     2  stm32f4xx_hal_tim.o(.text)
    TIM_DMACaptureCplt                       0x080036a3   Thumb Code    70  stm32f4xx_hal_tim.o(.text)
    HAL_TIM_IC_Start_DMA                     0x080036e9   Thumb Code   276  stm32f4xx_hal_tim.o(.text)
    HAL_TIM_IC_Stop_DMA                      0x080037fd   Thumb Code   140  stm32f4xx_hal_tim.o(.text)
    HAL_TIM_OnePulse_MspInit                 0x08003889   Thumb Code     2  stm32f4xx_hal_tim.o(.text)
    HAL_TIM_OnePulse_Init                    0x0800388b   Thumb Code    76  stm32f4xx_hal_tim.o(.text)
    HAL_TIM_OnePulse_MspDeInit               0x080038d7   Thumb Code     2  stm32f4xx_hal_tim.o(.text)
    HAL_TIM_OnePulse_DeInit                  0x080038d9   Thumb Code    70  stm32f4xx_hal_tim.o(.text)
    HAL_TIM_OnePulse_Start                   0x0800391f   Thumb Code    66  stm32f4xx_hal_tim.o(.text)
    HAL_TIM_OnePulse_Stop                    0x08003961   Thumb Code   130  stm32f4xx_hal_tim.o(.text)
    HAL_TIM_OnePulse_Start_IT                0x080039e3   Thumb Code    90  stm32f4xx_hal_tim.o(.text)
    HAL_TIM_OnePulse_Stop_IT                 0x08003a3d   Thumb Code   154  stm32f4xx_hal_tim.o(.text)
    HAL_TIM_Encoder_MspInit                  0x08003ad7   Thumb Code     2  stm32f4xx_hal_tim.o(.text)
    HAL_TIM_Encoder_Init                     0x08003ad9   Thumb Code   180  stm32f4xx_hal_tim.o(.text)
    HAL_TIM_Encoder_MspDeInit                0x08003b8d   Thumb Code     2  stm32f4xx_hal_tim.o(.text)
    HAL_TIM_Encoder_DeInit                   0x08003b8f   Thumb Code    70  stm32f4xx_hal_tim.o(.text)
    HAL_TIM_Encoder_Start                    0x08003bd5   Thumb Code    78  stm32f4xx_hal_tim.o(.text)
    HAL_TIM_Encoder_Stop                     0x08003c23   Thumb Code   104  stm32f4xx_hal_tim.o(.text)
    HAL_TIM_Encoder_Start_IT                 0x08003c8b   Thumb Code   126  stm32f4xx_hal_tim.o(.text)
    HAL_TIM_Encoder_Stop_IT                  0x08003d09   Thumb Code   160  stm32f4xx_hal_tim.o(.text)
    HAL_TIM_Encoder_Start_DMA                0x08003da9   Thumb Code   328  stm32f4xx_hal_tim.o(.text)
    HAL_TIM_Encoder_Stop_DMA                 0x08003ef1   Thumb Code   152  stm32f4xx_hal_tim.o(.text)
    HAL_TIM_TriggerCallback                  0x08003f89   Thumb Code     2  stm32f4xx_hal_tim.o(.text)
    HAL_TIM_OC_DelayElapsedCallback          0x08003f8b   Thumb Code     2  stm32f4xx_hal_tim.o(.text)
    HAL_TIM_IRQHandler                       0x08003f8d   Thumb Code   406  stm32f4xx_hal_tim.o(.text)
    TIM_OC2_SetConfig                        0x080041f5   Thumb Code   112  stm32f4xx_hal_tim.o(.text)
    HAL_TIM_OC_ConfigChannel                 0x080042cb   Thumb Code   116  stm32f4xx_hal_tim.o(.text)
    TIM_TI1_SetConfig                        0x080043f9   Thumb Code   122  stm32f4xx_hal_tim.o(.text)
    HAL_TIM_IC_ConfigChannel                 0x08004473   Thumb Code   224  stm32f4xx_hal_tim.o(.text)
    HAL_TIM_PWM_ConfigChannel                0x08004553   Thumb Code   294  stm32f4xx_hal_tim.o(.text)
    HAL_TIM_OnePulse_ConfigChannel           0x08004679   Thumb Code   286  stm32f4xx_hal_tim.o(.text)
    HAL_TIM_DMABurst_WriteStart              0x080047ab   Thumb Code   366  stm32f4xx_hal_tim.o(.text)
    HAL_TIM_DMABurst_WriteStop               0x08004919   Thumb Code   128  stm32f4xx_hal_tim.o(.text)
    HAL_TIM_DMABurst_ReadStart               0x08004999   Thumb Code   366  stm32f4xx_hal_tim.o(.text)
    HAL_TIM_DMABurst_ReadStop                0x08004b07   Thumb Code   128  stm32f4xx_hal_tim.o(.text)
    HAL_TIM_GenerateEvent                    0x08004b87   Thumb Code    54  stm32f4xx_hal_tim.o(.text)
    HAL_TIM_ConfigOCrefClear                 0x08004bd5   Thumb Code   252  stm32f4xx_hal_tim.o(.text)
    HAL_TIM_ConfigClockSource                0x08004d3b   Thumb Code   306  stm32f4xx_hal_tim.o(.text)
    HAL_TIM_ConfigTI1Input                   0x08004e6d   Thumb Code    24  stm32f4xx_hal_tim.o(.text)
    HAL_TIM_SlaveConfigSynchronization       0x08004f29   Thumb Code    86  stm32f4xx_hal_tim.o(.text)
    HAL_TIM_SlaveConfigSynchronization_IT    0x08004f7f   Thumb Code    86  stm32f4xx_hal_tim.o(.text)
    HAL_TIM_ReadCapturedValue                0x08004fd5   Thumb Code    84  stm32f4xx_hal_tim.o(.text)
    HAL_TIM_Base_GetState                    0x08005029   Thumb Code     8  stm32f4xx_hal_tim.o(.text)
    HAL_TIM_OC_GetState                      0x08005031   Thumb Code     8  stm32f4xx_hal_tim.o(.text)
    HAL_TIM_PWM_GetState                     0x08005039   Thumb Code     8  stm32f4xx_hal_tim.o(.text)
    HAL_TIM_IC_GetState                      0x08005041   Thumb Code     8  stm32f4xx_hal_tim.o(.text)
    HAL_TIM_OnePulse_GetState                0x08005049   Thumb Code     8  stm32f4xx_hal_tim.o(.text)
    HAL_TIM_Encoder_GetState                 0x08005051   Thumb Code     8  stm32f4xx_hal_tim.o(.text)
    HAL_TIMEx_HallSensor_MspInit             0x08005059   Thumb Code     2  stm32f4xx_hal_tim_ex.o(.text)
    HAL_TIMEx_HallSensor_Init                0x0800505b   Thumb Code   196  stm32f4xx_hal_tim_ex.o(.text)
    HAL_TIMEx_HallSensor_MspDeInit           0x0800511f   Thumb Code     2  stm32f4xx_hal_tim_ex.o(.text)
    HAL_TIMEx_HallSensor_DeInit              0x08005121   Thumb Code    70  stm32f4xx_hal_tim_ex.o(.text)
    HAL_TIMEx_HallSensor_Start               0x08005167   Thumb Code    30  stm32f4xx_hal_tim_ex.o(.text)
    HAL_TIMEx_HallSensor_Stop                0x08005185   Thumb Code    56  stm32f4xx_hal_tim_ex.o(.text)
    HAL_TIMEx_HallSensor_Start_IT            0x080051bd   Thumb Code    42  stm32f4xx_hal_tim_ex.o(.text)
    HAL_TIMEx_HallSensor_Stop_IT             0x080051e7   Thumb Code    68  stm32f4xx_hal_tim_ex.o(.text)
    HAL_TIMEx_HallSensor_Start_DMA           0x0800522b   Thumb Code   106  stm32f4xx_hal_tim_ex.o(.text)
    HAL_TIMEx_HallSensor_Stop_DMA            0x08005295   Thumb Code    68  stm32f4xx_hal_tim_ex.o(.text)
    HAL_TIMEx_OCN_Start                      0x080052f5   Thumb Code    44  stm32f4xx_hal_tim_ex.o(.text)
    HAL_TIMEx_OCN_Stop                       0x08005321   Thumb Code    96  stm32f4xx_hal_tim_ex.o(.text)
    HAL_TIMEx_OCN_Start_IT                   0x08005381   Thumb Code   132  stm32f4xx_hal_tim_ex.o(.text)
    HAL_TIMEx_OCN_Stop_IT                    0x08005405   Thumb Code   196  stm32f4xx_hal_tim_ex.o(.text)
    HAL_TIMEx_OCN_Start_DMA                  0x080054c9   Thumb Code   272  stm32f4xx_hal_tim_ex.o(.text)
    HAL_TIMEx_OCN_Stop_DMA                   0x080055d9   Thumb Code   192  stm32f4xx_hal_tim_ex.o(.text)
    HAL_TIMEx_PWMN_Start                     0x08005699   Thumb Code    44  stm32f4xx_hal_tim_ex.o(.text)
    HAL_TIMEx_PWMN_Stop                      0x080056c5   Thumb Code    96  stm32f4xx_hal_tim_ex.o(.text)
    HAL_TIMEx_PWMN_Start_IT                  0x08005725   Thumb Code   132  stm32f4xx_hal_tim_ex.o(.text)
    HAL_TIMEx_PWMN_Stop_IT                   0x080057a9   Thumb Code   196  stm32f4xx_hal_tim_ex.o(.text)
    HAL_TIMEx_PWMN_Start_DMA                 0x0800586d   Thumb Code   272  stm32f4xx_hal_tim_ex.o(.text)
    HAL_TIMEx_PWMN_Stop_DMA                  0x0800597d   Thumb Code   178  stm32f4xx_hal_tim_ex.o(.text)
    HAL_TIMEx_OnePulseN_Start                0x08005a2f   Thumb Code    32  stm32f4xx_hal_tim_ex.o(.text)
    HAL_TIMEx_OnePulseN_Stop                 0x08005a4f   Thumb Code    96  stm32f4xx_hal_tim_ex.o(.text)
    HAL_TIMEx_OnePulseN_Start_IT             0x08005aaf   Thumb Code    56  stm32f4xx_hal_tim_ex.o(.text)
    HAL_TIMEx_OnePulseN_Stop_IT              0x08005ae7   Thumb Code   120  stm32f4xx_hal_tim_ex.o(.text)
    HAL_TIMEx_ConfigCommutationEvent         0x08005b5f   Thumb Code   110  stm32f4xx_hal_tim_ex.o(.text)
    HAL_TIMEx_ConfigCommutationEvent_IT      0x08005bcd   Thumb Code   122  stm32f4xx_hal_tim_ex.o(.text)
    HAL_TIMEx_CommutationCallback            0x08005c47   Thumb Code     2  stm32f4xx_hal_tim_ex.o(.text)
    TIMEx_DMACommutationCplt                 0x08005c49   Thumb Code    20  stm32f4xx_hal_tim_ex.o(.text)
    HAL_TIMEx_ConfigCommutationEvent_DMA     0x08005c5d   Thumb Code   146  stm32f4xx_hal_tim_ex.o(.text)
    HAL_TIMEx_MasterConfigSynchronization    0x08005cef   Thumb Code    98  stm32f4xx_hal_tim_ex.o(.text)
    HAL_TIMEx_ConfigBreakDeadTime            0x08005d51   Thumb Code    80  stm32f4xx_hal_tim_ex.o(.text)
    HAL_TIMEx_RemapConfig                    0x08005da1   Thumb Code    48  stm32f4xx_hal_tim_ex.o(.text)
    HAL_TIMEx_BreakCallback                  0x08005dd1   Thumb Code     2  stm32f4xx_hal_tim_ex.o(.text)
    HAL_TIMEx_HallSensor_GetState            0x08005dd3   Thumb Code     8  stm32f4xx_hal_tim_ex.o(.text)
    Reset_Handler                            0x08005de1   Thumb Code     8  startup_stm32f407xx.o(.text)
    NMI_Handler                              0x08005de9   Thumb Code     2  startup_stm32f407xx.o(.text)
    HardFault_Handler                        0x08005deb   Thumb Code     2  startup_stm32f407xx.o(.text)
    MemManage_Handler                        0x08005ded   Thumb Code     2  startup_stm32f407xx.o(.text)
    BusFault_Handler                         0x08005def   Thumb Code     2  startup_stm32f407xx.o(.text)
    UsageFault_Handler                       0x08005df1   Thumb Code     2  startup_stm32f407xx.o(.text)
    DebugMon_Handler                         0x08005df5   Thumb Code     2  startup_stm32f407xx.o(.text)
    ADC_IRQHandler                           0x08005dfb   Thumb Code     0  startup_stm32f407xx.o(.text)
    CAN1_RX0_IRQHandler                      0x08005dfb   Thumb Code     0  startup_stm32f407xx.o(.text)
    CAN1_RX1_IRQHandler                      0x08005dfb   Thumb Code     0  startup_stm32f407xx.o(.text)
    CAN1_SCE_IRQHandler                      0x08005dfb   Thumb Code     0  startup_stm32f407xx.o(.text)
    CAN1_TX_IRQHandler                       0x08005dfb   Thumb Code     0  startup_stm32f407xx.o(.text)
    CAN2_RX0_IRQHandler                      0x08005dfb   Thumb Code     0  startup_stm32f407xx.o(.text)
    CAN2_RX1_IRQHandler                      0x08005dfb   Thumb Code     0  startup_stm32f407xx.o(.text)
    CAN2_SCE_IRQHandler                      0x08005dfb   Thumb Code     0  startup_stm32f407xx.o(.text)
    CAN2_TX_IRQHandler                       0x08005dfb   Thumb Code     0  startup_stm32f407xx.o(.text)
    DCMI_IRQHandler                          0x08005dfb   Thumb Code     0  startup_stm32f407xx.o(.text)
    DMA1_Stream0_IRQHandler                  0x08005dfb   Thumb Code     0  startup_stm32f407xx.o(.text)
    DMA1_Stream1_IRQHandler                  0x08005dfb   Thumb Code     0  startup_stm32f407xx.o(.text)
    DMA1_Stream2_IRQHandler                  0x08005dfb   Thumb Code     0  startup_stm32f407xx.o(.text)
    DMA1_Stream3_IRQHandler                  0x08005dfb   Thumb Code     0  startup_stm32f407xx.o(.text)
    DMA1_Stream4_IRQHandler                  0x08005dfb   Thumb Code     0  startup_stm32f407xx.o(.text)
    DMA1_Stream5_IRQHandler                  0x08005dfb   Thumb Code     0  startup_stm32f407xx.o(.text)
    DMA1_Stream6_IRQHandler                  0x08005dfb   Thumb Code     0  startup_stm32f407xx.o(.text)
    DMA1_Stream7_IRQHandler                  0x08005dfb   Thumb Code     0  startup_stm32f407xx.o(.text)
    DMA2_Stream0_IRQHandler                  0x08005dfb   Thumb Code     0  startup_stm32f407xx.o(.text)
    DMA2_Stream1_IRQHandler                  0x08005dfb   Thumb Code     0  startup_stm32f407xx.o(.text)
    DMA2_Stream2_IRQHandler                  0x08005dfb   Thumb Code     0  startup_stm32f407xx.o(.text)
    DMA2_Stream3_IRQHandler                  0x08005dfb   Thumb Code     0  startup_stm32f407xx.o(.text)
    DMA2_Stream4_IRQHandler                  0x08005dfb   Thumb Code     0  startup_stm32f407xx.o(.text)
    DMA2_Stream5_IRQHandler                  0x08005dfb   Thumb Code     0  startup_stm32f407xx.o(.text)
    DMA2_Stream6_IRQHandler                  0x08005dfb   Thumb Code     0  startup_stm32f407xx.o(.text)
    DMA2_Stream7_IRQHandler                  0x08005dfb   Thumb Code     0  startup_stm32f407xx.o(.text)
    ETH_IRQHandler                           0x08005dfb   Thumb Code     0  startup_stm32f407xx.o(.text)
    ETH_WKUP_IRQHandler                      0x08005dfb   Thumb Code     0  startup_stm32f407xx.o(.text)
    EXTI15_10_IRQHandler                     0x08005dfb   Thumb Code     0  startup_stm32f407xx.o(.text)
    EXTI1_IRQHandler                         0x08005dfb   Thumb Code     0  startup_stm32f407xx.o(.text)
    EXTI2_IRQHandler                         0x08005dfb   Thumb Code     0  startup_stm32f407xx.o(.text)
    EXTI3_IRQHandler                         0x08005dfb   Thumb Code     0  startup_stm32f407xx.o(.text)
    EXTI4_IRQHandler                         0x08005dfb   Thumb Code     0  startup_stm32f407xx.o(.text)
    EXTI9_5_IRQHandler                       0x08005dfb   Thumb Code     0  startup_stm32f407xx.o(.text)
    FLASH_IRQHandler                         0x08005dfb   Thumb Code     0  startup_stm32f407xx.o(.text)
    FMC_IRQHandler                           0x08005dfb   Thumb Code     0  startup_stm32f407xx.o(.text)
    FPU_IRQHandler                           0x08005dfb   Thumb Code     0  startup_stm32f407xx.o(.text)
    HASH_RNG_IRQHandler                      0x08005dfb   Thumb Code     0  startup_stm32f407xx.o(.text)
    I2C1_ER_IRQHandler                       0x08005dfb   Thumb Code     0  startup_stm32f407xx.o(.text)
    I2C1_EV_IRQHandler                       0x08005dfb   Thumb Code     0  startup_stm32f407xx.o(.text)
    I2C2_ER_IRQHandler                       0x08005dfb   Thumb Code     0  startup_stm32f407xx.o(.text)
    I2C2_EV_IRQHandler                       0x08005dfb   Thumb Code     0  startup_stm32f407xx.o(.text)
    I2C3_ER_IRQHandler                       0x08005dfb   Thumb Code     0  startup_stm32f407xx.o(.text)
    I2C3_EV_IRQHandler                       0x08005dfb   Thumb Code     0  startup_stm32f407xx.o(.text)
    OTG_FS_IRQHandler                        0x08005dfb   Thumb Code     0  startup_stm32f407xx.o(.text)
    OTG_FS_WKUP_IRQHandler                   0x08005dfb   Thumb Code     0  startup_stm32f407xx.o(.text)
    OTG_HS_EP1_IN_IRQHandler                 0x08005dfb   Thumb Code     0  startup_stm32f407xx.o(.text)
    OTG_HS_EP1_OUT_IRQHandler                0x08005dfb   Thumb Code     0  startup_stm32f407xx.o(.text)
    OTG_HS_IRQHandler                        0x08005dfb   Thumb Code     0  startup_stm32f407xx.o(.text)
    OTG_HS_WKUP_IRQHandler                   0x08005dfb   Thumb Code     0  startup_stm32f407xx.o(.text)
    PVD_IRQHandler                           0x08005dfb   Thumb Code     0  startup_stm32f407xx.o(.text)
    RCC_IRQHandler                           0x08005dfb   Thumb Code     0  startup_stm32f407xx.o(.text)
    RTC_Alarm_IRQHandler                     0x08005dfb   Thumb Code     0  startup_stm32f407xx.o(.text)
    RTC_WKUP_IRQHandler                      0x08005dfb   Thumb Code     0  startup_stm32f407xx.o(.text)
    SDIO_IRQHandler                          0x08005dfb   Thumb Code     0  startup_stm32f407xx.o(.text)
    SPI1_IRQHandler                          0x08005dfb   Thumb Code     0  startup_stm32f407xx.o(.text)
    SPI2_IRQHandler                          0x08005dfb   Thumb Code     0  startup_stm32f407xx.o(.text)
    SPI3_IRQHandler                          0x08005dfb   Thumb Code     0  startup_stm32f407xx.o(.text)
    TAMP_STAMP_IRQHandler                    0x08005dfb   Thumb Code     0  startup_stm32f407xx.o(.text)
    TIM1_BRK_TIM9_IRQHandler                 0x08005dfb   Thumb Code     0  startup_stm32f407xx.o(.text)
    TIM1_CC_IRQHandler                       0x08005dfb   Thumb Code     0  startup_stm32f407xx.o(.text)
    TIM1_TRG_COM_TIM11_IRQHandler            0x08005dfb   Thumb Code     0  startup_stm32f407xx.o(.text)
    TIM1_UP_TIM10_IRQHandler                 0x08005dfb   Thumb Code     0  startup_stm32f407xx.o(.text)
    TIM3_IRQHandler                          0x08005dfb   Thumb Code     0  startup_stm32f407xx.o(.text)
    TIM4_IRQHandler                          0x08005dfb   Thumb Code     0  startup_stm32f407xx.o(.text)
    TIM5_IRQHandler                          0x08005dfb   Thumb Code     0  startup_stm32f407xx.o(.text)
    TIM6_DAC_IRQHandler                      0x08005dfb   Thumb Code     0  startup_stm32f407xx.o(.text)
    TIM7_IRQHandler                          0x08005dfb   Thumb Code     0  startup_stm32f407xx.o(.text)
    TIM8_BRK_TIM12_IRQHandler                0x08005dfb   Thumb Code     0  startup_stm32f407xx.o(.text)
    TIM8_CC_IRQHandler                       0x08005dfb   Thumb Code     0  startup_stm32f407xx.o(.text)
    TIM8_TRG_COM_TIM14_IRQHandler            0x08005dfb   Thumb Code     0  startup_stm32f407xx.o(.text)
    TIM8_UP_TIM13_IRQHandler                 0x08005dfb   Thumb Code     0  startup_stm32f407xx.o(.text)
    UART4_IRQHandler                         0x08005dfb   Thumb Code     0  startup_stm32f407xx.o(.text)
    UART5_IRQHandler                         0x08005dfb   Thumb Code     0  startup_stm32f407xx.o(.text)
    USART1_IRQHandler                        0x08005dfb   Thumb Code     0  startup_stm32f407xx.o(.text)
    USART2_IRQHandler                        0x08005dfb   Thumb Code     0  startup_stm32f407xx.o(.text)
    USART3_IRQHandler                        0x08005dfb   Thumb Code     0  startup_stm32f407xx.o(.text)
    USART6_IRQHandler                        0x08005dfb   Thumb Code     0  startup_stm32f407xx.o(.text)
    WWDG_IRQHandler                          0x08005dfb   Thumb Code     0  startup_stm32f407xx.o(.text)
    SystemInit                               0x08005e05   Thumb Code    82  system_stm32f4xx.o(.text)
    SystemCoreClockUpdate                    0x08005e57   Thumb Code   174  system_stm32f4xx.o(.text)
    __aeabi_memcpy                           0x08005f25   Thumb Code    36  memcpya.o(.text)
    __aeabi_memcpy4                          0x08005f25   Thumb Code     0  memcpya.o(.text)
    __aeabi_memcpy8                          0x08005f25   Thumb Code     0  memcpya.o(.text)
    __aeabi_dmul                             0x08005f49   Thumb Code   228  dmul.o(.text)
    __aeabi_ddiv                             0x0800602d   Thumb Code   222  ddiv.o(.text)
    __aeabi_ui2d                             0x0800610b   Thumb Code    26  dfltui.o(.text)
    __aeabi_d2uiz                            0x08006125   Thumb Code    50  dfixui.o(.text)
    __aeabi_llsl                             0x08006157   Thumb Code    30  llshl.o(.text)
    _ll_shift_l                              0x08006157   Thumb Code     0  llshl.o(.text)
    __aeabi_llsr                             0x08006175   Thumb Code    32  llushr.o(.text)
    _ll_ushift_r                             0x08006175   Thumb Code     0  llushr.o(.text)
    __I$use$fp                               0x08006195   Thumb Code     0  iusefp.o(.text)
    _double_round                            0x08006195   Thumb Code    30  depilogue.o(.text)
    _double_epilogue                         0x080061b3   Thumb Code   156  depilogue.o(.text)
    __scatterload                            0x08006251   Thumb Code    28  init.o(.text)
    __scatterload_rt2                        0x08006251   Thumb Code     0  init.o(.text)
    SVC_Count                                0x08006274   Data           4  svc_table.o(SVC_TABLE)
    SVC_Table                                0x08006278   Data           0  svc_table.o(SVC_TABLE)
    __scatterload_copy                       0x08006279   Thumb Code    14  handlers.o(i.__scatterload_copy)
    __scatterload_null                       0x08006287   Thumb Code     2  handlers.o(i.__scatterload_null)
    __scatterload_zeroinit                   0x08006289   Thumb Code    14  handlers.o(i.__scatterload_zeroinit)
    _init_box                                0x08006297   Thumb Code    70  rt_membox.o(i._init_box)
    dbg_init                                 0x080062dd   Thumb Code    34  hal_cm.o(i.dbg_init)
    dbg_task_notify                          0x0800630d   Thumb Code    32  hal_cm.o(i.dbg_task_notify)
    dbg_task_switch                          0x0800632d   Thumb Code    16  hal_cm.o(i.dbg_task_switch)
    isrMessageGet                            0x0800633d   Thumb Code    42  rt_cmsis.o(i.isrMessageGet)
    isrMessagePut                            0x08006367   Thumb Code    44  rt_cmsis.o(i.isrMessagePut)
    isrSemaphoreRelease                      0x08006393   Thumb Code    40  rt_cmsis.o(i.isrSemaphoreRelease)
    isr_mbx_receive                          0x080063bd   Thumb Code    86  rt_mailbox.o(i.isr_mbx_receive)
    isr_mbx_send                             0x08006413   Thumb Code    14  rt_mailbox.o(i.isr_mbx_send)
    isr_sem_send                             0x08006421   Thumb Code    16  rt_semaphore.o(i.isr_sem_send)
    osDelay                                  0x08006431   Thumb Code    18  rt_cmsis.o(i.osDelay)
    osKernelInitialize                       0x08006449   Thumb Code    30  rt_cmsis.o(i.osKernelInitialize)
    osKernelStart                            0x0800646d   Thumb Code    98  rt_cmsis.o(i.osKernelStart)
    osMessageGet                             0x080064d9   Thumb Code    18  rt_cmsis.o(i.osMessageGet)
    osSemaphoreCreate                        0x080064f1   Thumb Code    36  rt_cmsis.o(i.osSemaphoreCreate)
    osSemaphoreRelease                       0x0800651d   Thumb Code    18  rt_cmsis.o(i.osSemaphoreRelease)
    osSemaphoreWait                          0x08006535   Thumb Code    20  rt_cmsis.o(i.osSemaphoreWait)
    osThreadCreate                           0x0800654d   Thumb Code    36  rt_cmsis.o(i.osThreadCreate)
    osThreadExit                             0x08006579   Thumb Code    14  rt_cmsis.o(i.osThreadExit)
    osTimerCall                              0x08006591   Thumb Code     8  rt_cmsis.o(i.osTimerCall)
    osTimerThread                            0x0800659d   Thumb Code    38  rt_cmsis.o(i.osTimerThread)
    os_tick_init                             0x080065c9   Thumb Code    32  rt_system.o(i.os_tick_init)
    os_tick_irqack                           0x080065f1   Thumb Code     2  rt_system.o(i.os_tick_irqack)
    rt_alloc_box                             0x080065f3   Thumb Code    26  rt_membox.o(i.rt_alloc_box)
    rt_alloc_mem                             0x0800660d   Thumb Code    62  rt_memory.o(i.rt_alloc_mem)
    rt_block                                 0x0800664d   Thumb Code    48  rt_task.o(i.rt_block)
    rt_chk_robin                             0x08006685   Thumb Code    60  rt_robin.o(i.rt_chk_robin)
    rt_dec_dly                               0x080066cd   Thumb Code   102  rt_list.o(i.rt_dec_dly)
    rt_dispatch                              0x0800673d   Thumb Code    60  rt_task.o(i.rt_dispatch)
    rt_dly_wait                              0x08006781   Thumb Code     6  rt_time.o(i.rt_dly_wait)
    rt_evt_psh                               0x08006789   Thumb Code    76  rt_event.o(i.rt_evt_psh)
    rt_free_box                              0x080067d9   Thumb Code    44  rt_membox.o(i.rt_free_box)
    rt_free_mem                              0x08006805   Thumb Code    40  rt_memory.o(i.rt_free_mem)
    rt_get_first                             0x0800682d   Thumb Code    40  rt_list.o(i.rt_get_first)
    rt_init_mem                              0x080068a5   Thumb Code    26  rt_memory.o(i.rt_init_mem)
    rt_init_robin                            0x080068c1   Thumb Code    14  rt_robin.o(i.rt_init_robin)
    rt_init_stack                            0x080068d9   Thumb Code   118  hal_cm.o(i.rt_init_stack)
    rt_mbx_check                             0x08006959   Thumb Code     8  rt_mailbox.o(i.rt_mbx_check)
    rt_mbx_init                              0x08006961   Thumb Code    26  rt_mailbox.o(i.rt_mbx_init)
    rt_mbx_psh                               0x0800697d   Thumb Code   236  rt_mailbox.o(i.rt_mbx_psh)
    rt_mbx_wait                              0x08006a6d   Thumb Code   174  rt_mailbox.o(i.rt_mbx_wait)
    rt_pop_req                               0x08006b65   Thumb Code   112  rt_system.o(i.rt_pop_req)
    rt_psh_req                               0x08006be1   Thumb Code    22  rt_system.o(i.rt_psh_req)
    rt_psq_enq                               0x08006c01   Thumb Code    88  rt_list.o(i.rt_psq_enq)
    rt_put_dly                               0x08006c5d   Thumb Code    68  rt_list.o(i.rt_put_dly)
    rt_put_prio                              0x08006ca5   Thumb Code    54  rt_list.o(i.rt_put_prio)
    rt_put_rdy_first                         0x08006cdd   Thumb Code    14  rt_list.o(i.rt_put_rdy_first)
    rt_resort_prio                           0x08006cf1   Thumb Code    46  rt_list.o(i.rt_resort_prio)
    rt_ret_val                               0x08006d35   Thumb Code    12  hal_cm.o(i.rt_ret_val)
    rt_ret_val2                              0x08006d41   Thumb Code    16  hal_cm.o(i.rt_ret_val2)
    rt_rmv_dly                               0x08006d51   Thumb Code    40  rt_list.o(i.rt_rmv_dly)
    rt_rmv_list                              0x08006d79   Thumb Code    44  rt_list.o(i.rt_rmv_list)
    rt_sem_init                              0x08006da9   Thumb Code    12  rt_semaphore.o(i.rt_sem_init)
    rt_sem_psh                               0x08006db5   Thumb Code    48  rt_semaphore.o(i.rt_sem_psh)
    rt_sem_send                              0x08006de9   Thumb Code    42  rt_semaphore.o(i.rt_sem_send)
    rt_sem_wait                              0x08006e15   Thumb Code    58  rt_semaphore.o(i.rt_sem_wait)
    rt_stk_check                             0x08006e55   Thumb Code    28  rt_system.o(i.rt_stk_check)
    rt_switch_req                            0x08006e79   Thumb Code    30  rt_task.o(i.rt_switch_req)
    rt_sys_init                              0x08006ea1   Thumb Code   138  rt_task.o(i.rt_sys_init)
    rt_sys_start                             0x08006f6d   Thumb Code   110  rt_task.o(i.rt_sys_start)
    rt_systick                               0x08006fe5   Thumb Code    50  rt_system.o(i.rt_systick)
    rt_tsk_create                            0x0800706d   Thumb Code   118  rt_task.o(i.rt_tsk_create)
    rt_tsk_delete                            0x080070f5   Thumb Code   352  rt_task.o(i.rt_tsk_delete)
    rt_tsk_prio                              0x08007271   Thumb Code   108  rt_task.o(i.rt_tsk_prio)
    rt_tsk_self                              0x080072ed   Thumb Code    12  rt_task.o(i.rt_tsk_self)
    svcDelay                                 0x080072fd   Thumb Code    18  rt_cmsis.o(i.svcDelay)
    svcKernelInitialize                      0x08007311   Thumb Code    80  rt_cmsis.o(i.svcKernelInitialize)
    svcKernelStart                           0x08007381   Thumb Code    62  rt_cmsis.o(i.svcKernelStart)
    svcMessageCreate                         0x080073c9   Thumb Code    36  rt_cmsis.o(i.svcMessageCreate)
    svcMessageGet                            0x080073ed   Thumb Code    58  rt_cmsis.o(i.svcMessageGet)
    svcSemaphoreCreate                       0x08007427   Thumb Code    36  rt_cmsis.o(i.svcSemaphoreCreate)
    svcSemaphoreRelease                      0x0800744b   Thumb Code    40  rt_cmsis.o(i.svcSemaphoreRelease)
    svcSemaphoreWait                         0x08007473   Thumb Code    50  rt_cmsis.o(i.svcSemaphoreWait)
    svcThreadCreate                          0x080074a5   Thumb Code    96  rt_cmsis.o(i.svcThreadCreate)
    svcThreadGetId                           0x08007511   Thumb Code    22  rt_cmsis.o(i.svcThreadGetId)
    svcThreadTerminate                       0x0800752d   Thumb Code    50  rt_cmsis.o(i.svcThreadTerminate)
    svcTimerCall                             0x08007565   Thumb Code    24  rt_cmsis.o(i.svcTimerCall)
    sysTimerTick                             0x0800757d   Thumb Code    84  rt_cmsis.o(i.sysTimerTick)
    os_semaphore_def_semaphore               0x080075d8   Data           4  thread.o(.constdata)
    os_thread_def_thread1                    0x080075dc   Data          16  thread.o(.constdata)
    os_thread_def_thread2                    0x080075ec   Data          16  thread.o(.constdata)
    os_maxtaskrun                            0x080075fc   Data           2  rtx_conf_cm.o(.constdata)
    os_stackinfo                             0x08007600   Data           4  rtx_conf_cm.o(.constdata)
    os_rrobin                                0x08007604   Data           4  rtx_conf_cm.o(.constdata)
    os_tickfreq                              0x08007608   Data           4  rtx_conf_cm.o(.constdata)
    os_tickus_i                              0x0800760c   Data           2  rtx_conf_cm.o(.constdata)
    os_tickus_f                              0x0800760e   Data           2  rtx_conf_cm.o(.constdata)
    os_trv                                   0x08007610   Data           4  rtx_conf_cm.o(.constdata)
    os_flags                                 0x08007614   Data           1  rtx_conf_cm.o(.constdata)
    CMSIS_RTOS_API_Version                   0x08007618   Data           4  rtx_conf_cm.o(.constdata)
    CMSIS_RTOS_RTX_Version                   0x0800761c   Data           4  rtx_conf_cm.o(.constdata)
    os_clockrate                             0x08007620   Data           4  rtx_conf_cm.o(.constdata)
    os_timernum                              0x08007624   Data           4  rtx_conf_cm.o(.constdata)
    mp_tcb_size                              0x08007628   Data           2  rtx_conf_cm.o(.constdata)
    mp_stk_size                              0x0800762c   Data           4  rtx_conf_cm.o(.constdata)
    os_stack_sz                              0x08007630   Data           4  rtx_conf_cm.o(.constdata)
    os_fifo_size                             0x08007634   Data           1  rtx_conf_cm.o(.constdata)
    os_thread_def_osTimerThread              0x08007638   Data          16  rtx_conf_cm.o(.constdata)
    os_messageQ_def_osTimerMessageQ          0x08007648   Data           8  rtx_conf_cm.o(.constdata)
    mp_tmr_size                              0x08007650   Data           2  rtx_conf_cm.o(.constdata)
    os_thread_def_main                       0x08007654   Data          16  rtx_conf_cm.o(.constdata)
    APBAHBPrescTable                         0x0800766c   Data          16  stm32f4xx_hal_rcc.o(.constdata)
    AHBPrescTable                            0x0800767c   Data          16  system_stm32f4xx.o(.constdata)
    Region$$Table$$Base                      0x0800768c   Number         0  anon$$obj.o(Region$$Table)
    Region$$Table$$Limit                     0x080076ac   Number         0  anon$$obj.o(Region$$Table)
    tid_thread1                              0x20000000   Data           4  thread.o(.data)
    tid_thread2                              0x20000004   Data           4  thread.o(.data)
    semaphore                                0x20000008   Data           4  thread.o(.data)
    os_semaphore_cb_semaphore                0x2000000c   Data           8  thread.o(.data)
    digitIndex                               0x20000014   Data           4  thread.o(.data)
    counter                                  0x20000018   Data           4  thread.o(.data)
    digit                                    0x2000001c   Data          16  thread.o(.data)
    osThreadId_osTimerThread                 0x2000002c   Data           4  rtx_conf_cm.o(.data)
    osMessageQId_osTimerMessageQ             0x20000030   Data           4  rtx_conf_cm.o(.data)
    os_tmr                                   0x20000034   Data           4  rtx_conf_cm.o(.data)
    m_tmr                                    0x20000038   Data           4  rtx_conf_cm.o(.data)
    SystemCoreClock                          0x20000040   Data           4  system_stm32f4xx.o(.data)
    os_initialized                           0x20000044   Data           1  rt_cmsis.o(.data)
    os_running                               0x20000045   Data           1  rt_cmsis.o(.data)
    os_timer_head                            0x20000048   Data           4  rt_cmsis.o(.data)
    os_time                                  0x2000004c   Data           4  rt_time.o(.data)
    os_tsk                                   0x20000050   Data           8  rt_task.o(.data)
    os_tick_irqn                             0x2000005c   Data           4  rt_system.o(.data)
    dbg_msg                                  0x20000060   Data           1  hal_cm.o(.data)
    os_robin                                 0x20000064   Data           8  rt_robin.o(.data)
    LED_configuration                        0x2000006c   Data          20  thread.o(.bss)
    htim2                                    0x20000080   Data          60  tim.o(.bss)
    htim4                                    0x200000bc   Data          60  tim.o(.bss)
    TIM4_ConfigHandler                       0x200000f8   Data          28  tim.o(.bss)
    mp_tcb                                   0x20000118   Data         272  rtx_conf_cm.o(.bss)
    mp_stk                                   0x20000228   Data        3216  rtx_conf_cm.o(.bss)
    os_stack_mem                             0x20000eb8   Data        1256  rtx_conf_cm.o(.bss)
    os_fifo                                  0x200013a0   Data         132  rtx_conf_cm.o(.bss)
    os_active_TCB                            0x20001424   Data          20  rtx_conf_cm.o(.bss)
    os_messageQ_q_osTimerMessageQ            0x20001438   Data          32  rtx_conf_cm.o(.bss)
    os_idle_TCB                              0x20001458   Data          52  rt_task.o(.bss)
    os_rdy                                   0x2000148c   Data          24  rt_list.o(.bss)
    os_dly                                   0x200014a4   Data          24  rt_list.o(.bss)
    __initial_sp                             0x200018c0   Data           0  startup_stm32f407xx.o(STACK)



==============================================================================

Memory Map of the image

  Image Entry point : 0x08000189

  Load Region LR_IROM1 (Base: 0x08000000, Size: 0x00007718, Max: 0x00100000, ABSOLUTE)

    Execution Region ER_IROM1 (Exec base: 0x08000000, Load base: 0x08000000, Size: 0x000076ac, Max: 0x00100000, ABSOLUTE)

    Exec Addr    Load Addr    Size         Type   Attr      Idx    E Section Name        Object

    0x08000000   0x08000000   0x00000188   Data   RO          844    RESET               startup_stm32f407xx.o
    0x08000188   0x08000188   0x00000000   Code   RO         2093  * .ARM.Collect$$$$00000000  mc_w.l(entry.o)
    0x08000188   0x08000188   0x00000004   Code   RO         2374    .ARM.Collect$$$$00000001  mc_w.l(entry2.o)
    0x0800018c   0x0800018c   0x00000004   Code   RO         2377    .ARM.Collect$$$$00000004  mc_w.l(entry5.o)
    0x08000190   0x08000190   0x00000000   Code   RO         2379    .ARM.Collect$$$$00000008  mc_w.l(entry7b.o)
    0x08000190   0x08000190   0x00000000   Code   RO         2381    .ARM.Collect$$$$0000000A  mc_w.l(entry8b.o)
    0x08000190   0x08000190   0x00000000   Code   RO         2382    .ARM.Collect$$$$0000000D  mc_w.l(entry10a.o)
    0x08000190   0x08000190   0x00000000   Code   RO         2384    .ARM.Collect$$$$0000000F  mc_w.l(entry11a.o)
    0x08000190   0x08000190   0x00000018   Code   RO          443    .ARM.Collect$$$$000000FF  rtx_conf_cm.o
    0x080001a8   0x080001a8   0x00000004   Code   RO         2375    .ARM.Collect$$$$00002712  mc_w.l(entry2.o)
    0x080001ac   0x080001ac   0x00000198   Code   RO         2080    .emb_text           RTX_CM4.lib(hal_cm4.o)
    0x08000344   0x08000344   0x000000c4   Code   RO            4    .text               main.o
    0x08000408   0x08000408   0x00000114   Code   RO          153    .text               thread.o
    0x0800051c   0x0800051c   0x00000284   Code   RO          254    .text               gpio.o
    0x080007a0   0x080007a0   0x00000440   Code   RO          308    .text               leddisplay.o
    0x08000be0   0x08000be0   0x00000014   Code   RO          332    .text               stm32f4xx_hal_msp.o
    0x08000bf4   0x08000bf4   0x00000018   Code   RO          356    .text               stm32f4xx_it.o
    0x08000c0c   0x08000c0c   0x000002d0   Code   RO          387    .text               tim.o
    0x08000edc   0x08000edc   0x00000026   Code   RO          444    .text               rtx_conf_cm.o
    0x08000f02   0x08000f02   0x00000002   PAD
    0x08000f04   0x08000f04   0x000001b0   Code   RO          475    .text               stm32f4xx_hal.o
    0x080010b4   0x080010b4   0x00000374   Code   RO          537    .text               stm32f4xx_hal_cortex.o
    0x08001428   0x08001428   0x00000618   Code   RO          565    .text               stm32f4xx_hal_dma.o
    0x08001a40   0x08001a40   0x000003cc   Code   RO          614    .text               stm32f4xx_hal_gpio.o
    0x08001e0c   0x08001e0c   0x00000a4c   Code   RO          686    .text               stm32f4xx_hal_rcc.o
    0x08002858   0x08002858   0x00002800   Code   RO          761    .text               stm32f4xx_hal_tim.o
    0x08005058   0x08005058   0x00000d88   Code   RO          785    .text               stm32f4xx_hal_tim_ex.o
    0x08005de0   0x08005de0   0x00000024   Code   RO          845    .text               startup_stm32f407xx.o
    0x08005e04   0x08005e04   0x00000120   Code   RO          852    .text               system_stm32f4xx.o
    0x08005f24   0x08005f24   0x00000024   Code   RO         2098    .text               mc_w.l(memcpya.o)
    0x08005f48   0x08005f48   0x000000e4   Code   RO         2362    .text               mf_w.l(dmul.o)
    0x0800602c   0x0800602c   0x000000de   Code   RO         2364    .text               mf_w.l(ddiv.o)
    0x0800610a   0x0800610a   0x0000001a   Code   RO         2366    .text               mf_w.l(dfltui.o)
    0x08006124   0x08006124   0x00000032   Code   RO         2368    .text               mf_w.l(dfixui.o)
    0x08006156   0x08006156   0x0000001e   Code   RO         2389    .text               mc_w.l(llshl.o)
    0x08006174   0x08006174   0x00000020   Code   RO         2391    .text               mc_w.l(llushr.o)
    0x08006194   0x08006194   0x00000000   Code   RO         2393    .text               mc_w.l(iusefp.o)
    0x08006194   0x08006194   0x000000ba   Code   RO         2396    .text               mf_w.l(depilogue.o)
    0x0800624e   0x0800624e   0x00000002   PAD
    0x08006250   0x08006250   0x00000024   Code   RO         2404    .text               mc_w.l(init.o)
    0x08006274   0x08006274   0x00000004   Code   RO         2090    SVC_TABLE           RTX_CM4.lib(svc_table.o)
    0x08006278   0x08006278   0x0000000e   Code   RO         2410    i.__scatterload_copy  mc_w.l(handlers.o)
    0x08006286   0x08006286   0x00000002   Code   RO         2411    i.__scatterload_null  mc_w.l(handlers.o)
    0x08006288   0x08006288   0x0000000e   Code   RO         2412    i.__scatterload_zeroinit  mc_w.l(handlers.o)
    0x08006296   0x08006296   0x00000046   Code   RO         1953    i._init_box         RTX_CM4.lib(rt_membox.o)
    0x080062dc   0x080062dc   0x00000030   Code   RO         2006    i.dbg_init          RTX_CM4.lib(hal_cm.o)
    0x0800630c   0x0800630c   0x00000020   Code   RO         2007    i.dbg_task_notify   RTX_CM4.lib(hal_cm.o)
    0x0800632c   0x0800632c   0x00000010   Code   RO         2008    i.dbg_task_switch   RTX_CM4.lib(hal_cm.o)
    0x0800633c   0x0800633c   0x0000002a   Code   RO          883    i.isrMessageGet     RTX_CM4.lib(rt_cmsis.o)
    0x08006366   0x08006366   0x0000002c   Code   RO          884    i.isrMessagePut     RTX_CM4.lib(rt_cmsis.o)
    0x08006392   0x08006392   0x00000028   Code   RO          885    i.isrSemaphoreRelease  RTX_CM4.lib(rt_cmsis.o)
    0x080063ba   0x080063ba   0x00000002   PAD
    0x080063bc   0x080063bc   0x00000056   Code   RO         1832    i.isr_mbx_receive   RTX_CM4.lib(rt_mailbox.o)
    0x08006412   0x08006412   0x0000000e   Code   RO         1833    i.isr_mbx_send      RTX_CM4.lib(rt_mailbox.o)
    0x08006420   0x08006420   0x00000010   Code   RO         1880    i.isr_sem_send      RTX_CM4.lib(rt_semaphore.o)
    0x08006430   0x08006430   0x00000018   Code   RO          887    i.osDelay           RTX_CM4.lib(rt_cmsis.o)
    0x08006448   0x08006448   0x00000024   Code   RO          888    i.osKernelInitialize  RTX_CM4.lib(rt_cmsis.o)
    0x0800646c   0x0800646c   0x0000006c   Code   RO          890    i.osKernelStart     RTX_CM4.lib(rt_cmsis.o)
    0x080064d8   0x080064d8   0x00000018   Code   RO          899    i.osMessageGet      RTX_CM4.lib(rt_cmsis.o)
    0x080064f0   0x080064f0   0x0000002c   Code   RO          909    i.osSemaphoreCreate  RTX_CM4.lib(rt_cmsis.o)
    0x0800651c   0x0800651c   0x00000018   Code   RO          911    i.osSemaphoreRelease  RTX_CM4.lib(rt_cmsis.o)
    0x08006534   0x08006534   0x00000018   Code   RO          912    i.osSemaphoreWait   RTX_CM4.lib(rt_cmsis.o)
    0x0800654c   0x0800654c   0x0000002c   Code   RO          916    i.osThreadCreate    RTX_CM4.lib(rt_cmsis.o)
    0x08006578   0x08006578   0x00000018   Code   RO          917    i.osThreadExit      RTX_CM4.lib(rt_cmsis.o)
    0x08006590   0x08006590   0x0000000c   Code   RO          923    i.osTimerCall       RTX_CM4.lib(rt_cmsis.o)
    0x0800659c   0x0800659c   0x0000002c   Code   RO          928    i.osTimerThread     RTX_CM4.lib(rt_cmsis.o)
    0x080065c8   0x080065c8   0x00000028   Code   RO         1620    i.os_tick_init      RTX_CM4.lib(rt_system.o)
    0x080065f0   0x080065f0   0x00000002   Code   RO         1621    i.os_tick_irqack    RTX_CM4.lib(rt_system.o)
    0x080065f2   0x080065f2   0x0000001a   Code   RO         1954    i.rt_alloc_box      RTX_CM4.lib(rt_membox.o)
    0x0800660c   0x0800660c   0x0000003e   Code   RO         1982    i.rt_alloc_mem      RTX_CM4.lib(rt_memory.o)
    0x0800664a   0x0800664a   0x00000002   PAD
    0x0800664c   0x0800664c   0x00000038   Code   RO         1535    i.rt_block          RTX_CM4.lib(rt_task.o)
    0x08006684   0x08006684   0x00000048   Code   RO         2059    i.rt_chk_robin      RTX_CM4.lib(rt_robin.o)
    0x080066cc   0x080066cc   0x00000070   Code   RO         1756    i.rt_dec_dly        RTX_CM4.lib(rt_list.o)
    0x0800673c   0x0800673c   0x00000044   Code   RO         1536    i.rt_dispatch       RTX_CM4.lib(rt_task.o)
    0x08006780   0x08006780   0x00000006   Code   RO         1502    i.rt_dly_wait       RTX_CM4.lib(rt_time.o)
    0x08006786   0x08006786   0x00000002   PAD
    0x08006788   0x08006788   0x00000050   Code   RO         1713    i.rt_evt_psh        RTX_CM4.lib(rt_event.o)
    0x080067d8   0x080067d8   0x0000002c   Code   RO         1955    i.rt_free_box       RTX_CM4.lib(rt_membox.o)
    0x08006804   0x08006804   0x00000028   Code   RO         1983    i.rt_free_mem       RTX_CM4.lib(rt_memory.o)
    0x0800682c   0x0800682c   0x00000028   Code   RO         1757    i.rt_get_first      RTX_CM4.lib(rt_list.o)
    0x08006854   0x08006854   0x00000008   Code   RO          933    i.rt_id2obj         RTX_CM4.lib(rt_cmsis.o)
    0x0800685c   0x0800685c   0x00000048   Code   RO         1537    i.rt_init_context   RTX_CM4.lib(rt_task.o)
    0x080068a4   0x080068a4   0x0000001a   Code   RO         1984    i.rt_init_mem       RTX_CM4.lib(rt_memory.o)
    0x080068be   0x080068be   0x00000002   PAD
    0x080068c0   0x080068c0   0x00000018   Code   RO         2060    i.rt_init_robin     RTX_CM4.lib(rt_robin.o)
    0x080068d8   0x080068d8   0x00000080   Code   RO         2009    i.rt_init_stack     RTX_CM4.lib(hal_cm.o)
    0x08006958   0x08006958   0x00000008   Code   RO         1834    i.rt_mbx_check      RTX_CM4.lib(rt_mailbox.o)
    0x08006960   0x08006960   0x0000001a   Code   RO         1835    i.rt_mbx_init       RTX_CM4.lib(rt_mailbox.o)
    0x0800697a   0x0800697a   0x00000002   PAD
    0x0800697c   0x0800697c   0x000000f0   Code   RO         1836    i.rt_mbx_psh        RTX_CM4.lib(rt_mailbox.o)
    0x08006a6c   0x08006a6c   0x000000b4   Code   RO         1838    i.rt_mbx_wait       RTX_CM4.lib(rt_mailbox.o)
    0x08006b20   0x08006b20   0x00000044   Code   RO          934    i.rt_ms2tick        RTX_CM4.lib(rt_cmsis.o)
    0x08006b64   0x08006b64   0x0000007c   Code   RO         1624    i.rt_pop_req        RTX_CM4.lib(rt_system.o)
    0x08006be0   0x08006be0   0x00000020   Code   RO         1625    i.rt_psh_req        RTX_CM4.lib(rt_system.o)
    0x08006c00   0x08006c00   0x0000005c   Code   RO         1759    i.rt_psq_enq        RTX_CM4.lib(rt_list.o)
    0x08006c5c   0x08006c5c   0x00000048   Code   RO         1760    i.rt_put_dly        RTX_CM4.lib(rt_list.o)
    0x08006ca4   0x08006ca4   0x00000036   Code   RO         1761    i.rt_put_prio       RTX_CM4.lib(rt_list.o)
    0x08006cda   0x08006cda   0x00000002   PAD
    0x08006cdc   0x08006cdc   0x00000014   Code   RO         1762    i.rt_put_rdy_first  RTX_CM4.lib(rt_list.o)
    0x08006cf0   0x08006cf0   0x00000034   Code   RO         1763    i.rt_resort_prio    RTX_CM4.lib(rt_list.o)
    0x08006d24   0x08006d24   0x00000010   Code   RO         2010    i.rt_ret_regs       RTX_CM4.lib(hal_cm.o)
    0x08006d34   0x08006d34   0x0000000c   Code   RO         2011    i.rt_ret_val        RTX_CM4.lib(hal_cm.o)
    0x08006d40   0x08006d40   0x00000010   Code   RO         2012    i.rt_ret_val2       RTX_CM4.lib(hal_cm.o)
    0x08006d50   0x08006d50   0x00000028   Code   RO         1764    i.rt_rmv_dly        RTX_CM4.lib(rt_list.o)
    0x08006d78   0x08006d78   0x00000030   Code   RO         1765    i.rt_rmv_list       RTX_CM4.lib(rt_list.o)
    0x08006da8   0x08006da8   0x0000000c   Code   RO         1882    i.rt_sem_init       RTX_CM4.lib(rt_semaphore.o)
    0x08006db4   0x08006db4   0x00000034   Code   RO         1883    i.rt_sem_psh        RTX_CM4.lib(rt_semaphore.o)
    0x08006de8   0x08006de8   0x0000002a   Code   RO         1884    i.rt_sem_send       RTX_CM4.lib(rt_semaphore.o)
    0x08006e12   0x08006e12   0x00000002   PAD
    0x08006e14   0x08006e14   0x00000040   Code   RO         1885    i.rt_sem_wait       RTX_CM4.lib(rt_semaphore.o)
    0x08006e54   0x08006e54   0x00000024   Code   RO         1627    i.rt_stk_check      RTX_CM4.lib(rt_system.o)
    0x08006e78   0x08006e78   0x00000028   Code   RO         1538    i.rt_switch_req     RTX_CM4.lib(rt_task.o)
    0x08006ea0   0x08006ea0   0x000000cc   Code   RO         1539    i.rt_sys_init       RTX_CM4.lib(rt_task.o)
    0x08006f6c   0x08006f6c   0x00000078   Code   RO         1540    i.rt_sys_start      RTX_CM4.lib(rt_task.o)
    0x08006fe4   0x08006fe4   0x00000040   Code   RO         1629    i.rt_systick        RTX_CM4.lib(rt_system.o)
    0x08007024   0x08007024   0x00000012   Code   RO          935    i.rt_tid2ptcb       RTX_CM4.lib(rt_cmsis.o)
    0x08007036   0x08007036   0x00000002   PAD
    0x08007038   0x08007038   0x00000034   Code   RO          936    i.rt_timer_insert   RTX_CM4.lib(rt_cmsis.o)
    0x0800706c   0x0800706c   0x00000088   Code   RO         1541    i.rt_tsk_create     RTX_CM4.lib(rt_task.o)
    0x080070f4   0x080070f4   0x0000017c   Code   RO         1542    i.rt_tsk_delete     RTX_CM4.lib(rt_task.o)
    0x08007270   0x08007270   0x0000007c   Code   RO         1544    i.rt_tsk_prio       RTX_CM4.lib(rt_task.o)
    0x080072ec   0x080072ec   0x00000010   Code   RO         1545    i.rt_tsk_self       RTX_CM4.lib(rt_task.o)
    0x080072fc   0x080072fc   0x00000012   Code   RO          938    i.svcDelay          RTX_CM4.lib(rt_cmsis.o)
    0x0800730e   0x0800730e   0x00000002   PAD
    0x08007310   0x08007310   0x00000070   Code   RO          939    i.svcKernelInitialize  RTX_CM4.lib(rt_cmsis.o)
    0x08007380   0x08007380   0x00000048   Code   RO          941    i.svcKernelStart    RTX_CM4.lib(rt_cmsis.o)
    0x080073c8   0x080073c8   0x00000024   Code   RO          944    i.svcMessageCreate  RTX_CM4.lib(rt_cmsis.o)
    0x080073ec   0x080073ec   0x0000003a   Code   RO          945    i.svcMessageGet     RTX_CM4.lib(rt_cmsis.o)
    0x08007426   0x08007426   0x00000024   Code   RO          952    i.svcSemaphoreCreate  RTX_CM4.lib(rt_cmsis.o)
    0x0800744a   0x0800744a   0x00000028   Code   RO          954    i.svcSemaphoreRelease  RTX_CM4.lib(rt_cmsis.o)
    0x08007472   0x08007472   0x00000032   Code   RO          955    i.svcSemaphoreWait  RTX_CM4.lib(rt_cmsis.o)
    0x080074a4   0x080074a4   0x0000006c   Code   RO          959    i.svcThreadCreate   RTX_CM4.lib(rt_cmsis.o)
    0x08007510   0x08007510   0x0000001c   Code   RO          960    i.svcThreadGetId    RTX_CM4.lib(rt_cmsis.o)
    0x0800752c   0x0800752c   0x00000038   Code   RO          963    i.svcThreadTerminate  RTX_CM4.lib(rt_cmsis.o)
    0x08007564   0x08007564   0x00000018   Code   RO          965    i.svcTimerCall      RTX_CM4.lib(rt_cmsis.o)
    0x0800757c   0x0800757c   0x0000005c   Code   RO          974    i.sysTimerTick      RTX_CM4.lib(rt_cmsis.o)
    0x080075d8   0x080075d8   0x00000024   Data   RO          155    .constdata          thread.o
    0x080075fc   0x080075fc   0x00000068   Data   RO          446    .constdata          rtx_conf_cm.o
    0x08007664   0x08007664   0x00000008   Data   RO          566    .constdata          stm32f4xx_hal_dma.o
    0x0800766c   0x0800766c   0x00000010   Data   RO          687    .constdata          stm32f4xx_hal_rcc.o
    0x0800767c   0x0800767c   0x00000010   Data   RO          853    .constdata          system_stm32f4xx.o
    0x0800768c   0x0800768c   0x00000020   Data   RO         2408    Region$$Table       anon$$obj.o


    Execution Region RW_IRAM1 (Exec base: 0x20000000, Load base: 0x080076ac, Size: 0x000018c0, Max: 0x00020000, ABSOLUTE)

    Exec Addr    Load Addr    Size         Type   Attr      Idx    E Section Name        Object

    0x20000000   0x080076ac   0x0000002c   Data   RW          156    .data               thread.o
    0x2000002c   0x080076d8   0x00000010   Data   RW          447    .data               rtx_conf_cm.o
    0x2000003c   0x080076e8   0x00000004   Data   RW          476    .data               stm32f4xx_hal.o
    0x20000040   0x080076ec   0x00000004   Data   RW          854    .data               system_stm32f4xx.o
    0x20000044   0x080076f0   0x00000008   Data   RW          977    .data               RTX_CM4.lib(rt_cmsis.o)
    0x2000004c   0x080076f8   0x00000004   Data   RW         1506    .data               RTX_CM4.lib(rt_time.o)
    0x20000050   0x080076fc   0x00000008   Data   RW         1547    .data               RTX_CM4.lib(rt_task.o)
    0x20000058   0x08007704   0x00000008   Data   RW         1632    .data               RTX_CM4.lib(rt_system.o)
    0x20000060   0x0800770c   0x00000001   Data   RW         2013    .data               RTX_CM4.lib(hal_cm.o)
    0x20000061   0x0800770d   0x00000003   PAD
    0x20000064   0x08007710   0x00000008   Data   RW         2061    .data               RTX_CM4.lib(rt_robin.o)
    0x2000006c        -       0x00000014   Zero   RW          154    .bss                thread.o
    0x20000080        -       0x00000094   Zero   RW          388    .bss                tim.o
    0x20000114   0x08007718   0x00000004   PAD
    0x20000118        -       0x00001340   Zero   RW          445    .bss                rtx_conf_cm.o
    0x20001458        -       0x00000034   Zero   RW         1546    .bss                RTX_CM4.lib(rt_task.o)
    0x2000148c        -       0x00000030   Zero   RW         1766    .bss                RTX_CM4.lib(rt_list.o)
    0x200014bc   0x08007718   0x00000004   PAD
    0x200014c0        -       0x00000400   Zero   RW          842    STACK               startup_stm32f407xx.o


==============================================================================

Image component sizes


      Code (inc. data)   RO Data    RW Data    ZI Data      Debug   Object Name

       644         34          0          0          0       1335   gpio.o
      1088         28          0          0          0       1493   leddisplay.o
       196         14          0          0          0     367477   main.o
        62          6        104         16       4928       7454   rtx_conf_cm.o
        36          8        392          0       1024        860   startup_stm32f407xx.o
       432         26          0          4          0       5002   stm32f4xx_hal.o
       884         22          0          0          0      35687   stm32f4xx_hal_cortex.o
      1560         16          8          0          0       5216   stm32f4xx_hal_dma.o
       972         50          0          0          0       3903   stm32f4xx_hal_gpio.o
        20          0          0          0          0        490   stm32f4xx_hal_msp.o
      2636         66         16          0          0       5810   stm32f4xx_hal_rcc.o
     10240        152          0          0          0      32698   stm32f4xx_hal_tim.o
      3464         26          0          0          0      12430   stm32f4xx_hal_tim_ex.o
        24          4          0          0          0        607   stm32f4xx_it.o
       288         32         16          4          0       1639   system_stm32f4xx.o
       276         44         36         44         20       2248   thread.o
       720         44          0          0        148       3203   tim.o

    ----------------------------------------------------------------------
     23544        572        604         68       6124     487552   Object Totals
         0          0         32          0          0          0   (incl. Generated)
         2          0          0          0          4          0   (incl. Padding)

    ----------------------------------------------------------------------

      Code (inc. data)   RO Data    RW Data    ZI Data      Debug   Library Member Name

       268         24          0          1          0       4524   hal_cm.o
       408         34          0          0          0        824   hal_cm4.o
      1410        162          0          8          0      40585   rt_cmsis.o
        80          4          0          0          0        709   rt_event.o
       530         34          0          0         48       8685   rt_list.o
       554         10          0          0          0       4237   rt_mailbox.o
       140          0          0          0          0       2069   rt_membox.o
       128          0          0          0          0       2451   rt_memory.o
        96         22          0          8          0       1254   rt_robin.o
       186         10          0          0          0       3142   rt_semaphore.o
       298         52          0          8          0       6511   rt_system.o
      1216        174          0          8         52      10129   rt_task.o
         6          0          0          4          0        700   rt_time.o
         4          4          0          0          0        208   svc_table.o
         0          0          0          0          0          0   entry.o
         0          0          0          0          0          0   entry10a.o
         0          0          0          0          0          0   entry11a.o
         8          4          0          0          0          0   entry2.o
         4          0          0          0          0          0   entry5.o
         0          0          0          0          0          0   entry7b.o
         0          0          0          0          0          0   entry8b.o
        30          0          0          0          0          0   handlers.o
        36          8          0          0          0         68   init.o
         0          0          0          0          0          0   iusefp.o
        30          0          0          0          0         68   llshl.o
        32          0          0          0          0         68   llushr.o
        36          0          0          0          0         68   memcpya.o
       222          0          0          0          0        100   ddiv.o
       186          0          0          0          0        176   depilogue.o
        50          0          0          0          0         76   dfixui.o
        26          0          0          0          0         76   dfltui.o
       228          0          0          0          0         96   dmul.o

    ----------------------------------------------------------------------
      6232        542          0         40        104      86824   Library Totals
        20          0          0          3          4          0   (incl. Padding)

    ----------------------------------------------------------------------

      Code (inc. data)   RO Data    RW Data    ZI Data      Debug   Library Name

      5324        530          0         37        100      86028   RTX_CM4.lib
       176         12          0          0          0        272   mc_w.l
       712          0          0          0          0        524   mf_w.l

    ----------------------------------------------------------------------
      6232        542          0         40        104      86824   Library Totals

    ----------------------------------------------------------------------

==============================================================================


      Code (inc. data)   RO Data    RW Data    ZI Data      Debug   

     29776       1114        604        108       6228     563016   Grand Totals
     29776       1114        604        108       6228     563016   ELF Image Totals
     29776       1114        604        108          0          0   ROM Totals

==============================================================================

    Total RO  Size (Code + RO Data)                30380 (  29.67kB)
    Total RW  Size (RW Data + ZI Data)              6336 (   6.19kB)
    Total ROM Size (Code + RO Data + RW Data)      30488 (  29.77kB)

==============================================================================

