Component: ARM Compiler 5.06 update 5 (build 528) Tool: armlink [4d35e2]

==============================================================================

Section Cross References

    main.o(.text) refers to stm32f4xx_hal_rcc.o(.text) for HAL_RCC_OscConfig
    main.o(.text) refers to rt_cmsis.o(i.osKernelInitialize) for osKernelInitialize
    main.o(.text) refers to stm32f4xx_hal.o(.text) for HAL_Init
    main.o(.text) refers to thread.o(.text) for initializeLED_IO
    main.o(.text) refers to gpio.o(.text) for MX_GPIO_Init
    main.o(.text) refers to rt_cmsis.o(i.osKernelStart) for osKernelStart
    main.o(.text) refers to rt_time.o(.data) for os_time
    supporting_functions.o(.text) refers to printfb.o(i.__0printf$bare) for __2printf
    thread.o(.text) refers to lis3dsh_1.o(.text) for LIS3DSH_Init
    thread.o(.text) refers to rt_cmsis.o(i.osSemaphoreWait) for osSemaphoreWait
    thread.o(.text) refers to filter.o(.text) for filterRawData
    thread.o(.text) refers to rt_cmsis.o(i.osSemaphoreRelease) for osSemaphoreRelease
    thread.o(.text) refers to rt_cmsis.o(i.osDelay) for osDelay
    thread.o(.text) refers to leddisplay.o(.text) for showDigit
    thread.o(.text) refers to rt_cmsis.o(i.osSemaphoreCreate) for osSemaphoreCreate
    thread.o(.text) refers to rt_cmsis.o(i.osThreadCreate) for osThreadCreate
    thread.o(.text) refers to stm32f4xx_hal_gpio.o(.text) for HAL_GPIO_Init
    thread.o(.text) refers to thread.o(.bss) for digit
    thread.o(.text) refers to thread.o(.data) for Acc_instance
    thread.o(.text) refers to thread.o(.constdata) for os_semaphore_def_semaphore
    thread.o(.constdata) refers to thread.o(.data) for os_semaphore_cb_semaphore
    thread.o(.constdata) refers to thread.o(.text) for thread1
    filter.o(.text) refers to filter.o(.data) for accX
    filter.o(.text) refers to filter.o(.bss) for inputAccX
    gpio.o(.text) refers to stm32f4xx_hal_gpio.o(.text) for HAL_GPIO_Init
    keypad.o(.text) refers to stm32f4xx_hal_gpio.o(.text) for HAL_GPIO_Init
    keypad.o(.text) refers to keypad.o(.bss) for GPIO_InitCol
    leddisplay.o(.text) refers to stm32f4xx_hal_gpio.o(.text) for HAL_GPIO_WritePin
    stm32f4xx_hal_msp.o(.text) refers to stm32f4xx_hal_cortex.o(.text) for HAL_NVIC_SetPriorityGrouping
    stm32f4xx_it.o(.text) refers to stm32f4xx_hal_gpio.o(.text) for HAL_GPIO_EXTI_IRQHandler
    stm32f4xx_it.o(.text) refers to stm32f4xx_hal_tim.o(.text) for HAL_TIM_IRQHandler
    stm32f4xx_it.o(.text) refers to tim.o(.bss) for htim2
    tim.o(.text) refers to stm32f4xx_hal_tim.o(.text) for HAL_TIM_Base_Init
    tim.o(.text) refers to stm32f4xx_hal_tim_ex.o(.text) for HAL_TIMEx_MasterConfigSynchronization
    tim.o(.text) refers to stm32f4xx_hal_gpio.o(.text) for HAL_GPIO_Init
    tim.o(.text) refers to memcpya.o(.text) for __aeabi_memcpy4
    tim.o(.text) refers to dfltui.o(.text) for __aeabi_ui2d
    tim.o(.text) refers to ddiv.o(.text) for __aeabi_ddiv
    tim.o(.text) refers to dmul.o(.text) for __aeabi_dmul
    tim.o(.text) refers to dfixui.o(.text) for __aeabi_d2uiz
    tim.o(.text) refers to stm32f4xx_hal_cortex.o(.text) for HAL_NVIC_SetPriority
    tim.o(.text) refers to tim.o(.bss) for htim2
    lis3dsh_1.o(.text) refers to stm32f4xx_hal_gpio.o(.text) for HAL_GPIO_WritePin
    lis3dsh_1.o(.text) refers to stm32f4xx_hal_spi.o(.text) for HAL_SPI_DeInit
    lis3dsh_1.o(.text) refers to printfb.o(i.__0printf$bare) for __2printf
    lis3dsh_1.o(.text) refers to f2d.o(.text) for __aeabi_f2d
    lis3dsh_1.o(.text) refers to dmul.o(.text) for __aeabi_dmul
    lis3dsh_1.o(.text) refers to d2f.o(.text) for __aeabi_d2f
    lis3dsh_1.o(.text) refers to lis3dsh_1.o(.data) for LIS3DSHTimeout
    lis3dsh_1.o(.text) refers to lis3dsh_1.o(.bss) for SpiHandle
    rtx_conf_cm.o(.ARM.Collect$$$$000000FF) refers to rt_cmsis.o(i.osKernelInitialize) for osKernelInitialize
    rtx_conf_cm.o(.ARM.Collect$$$$000000FF) refers to rt_cmsis.o(i.osThreadCreate) for osThreadCreate
    rtx_conf_cm.o(.ARM.Collect$$$$000000FF) refers to rt_cmsis.o(i.osKernelStart) for osKernelStart
    rtx_conf_cm.o(.ARM.Collect$$$$000000FF) refers to rtx_conf_cm.o(.constdata) for .constdata
    rtx_conf_cm.o(.constdata) refers to rt_cmsis.o(i.osTimerThread) for osTimerThread
    rtx_conf_cm.o(.constdata) refers to rtx_conf_cm.o(.bss) for os_messageQ_q_osTimerMessageQ
    rtx_conf_cm.o(.constdata) refers to main.o(.text) for main
    stm32f4xx_hal.o(.text) refers to stm32f4xx_hal_rcc.o(.text) for HAL_RCC_GetHCLKFreq
    stm32f4xx_hal.o(.text) refers to stm32f4xx_hal_cortex.o(.text) for HAL_SYSTICK_Config
    stm32f4xx_hal.o(.text) refers to stm32f4xx_hal_msp.o(.text) for HAL_MspInit
    stm32f4xx_hal.o(.text) refers to main.o(.text) for HAL_GetTick
    stm32f4xx_hal.o(.text) refers to stm32f4xx_hal.o(.data) for uwTick
    stm32f4xx_hal_dma.o(.text) refers to main.o(.text) for HAL_GetTick
    stm32f4xx_hal_dma.o(.text) refers to stm32f4xx_hal_dma.o(.constdata) for flagBitshiftOffset
[...]
    SPI_DMAEndTransmitReceive                0x08004195   Thumb Code   162  stm32f4xx_hal_spi.o(.text)
    SPI_DMAReceiveCplt                       0x08004237   Thumb Code   214  stm32f4xx_hal_spi.o(.text)
    SPI_DMAHalfReceiveCplt                   0x0800430f   Thumb Code    14  stm32f4xx_hal_spi.o(.text)
    SPI_DMATransmitReceiveCplt               0x0800431d   Thumb Code    56  stm32f4xx_hal_spi.o(.text)
    SPI_DMAHalfTransmitReceiveCplt           0x08004357   Thumb Code    14  stm32f4xx_hal_spi.o(.text)
    .text                                    0x080047a0   Section        0  stm32f4xx_hal_tim.o(.text)
    TIM_DMAPeriodElapsedCplt                 0x0800499b   Thumb Code    20  stm32f4xx_hal_tim.o(.text)
    TIM_OC4_SetConfig                        0x0800606b   Thumb Code    88  stm32f4xx_hal_tim.o(.text)
    TIM_OC3_SetConfig                        0x080060c3   Thumb Code   122  stm32f4xx_hal_tim.o(.text)
    TIM_OC1_SetConfig                        0x080061ad   Thumb Code   102  stm32f4xx_hal_tim.o(.text)
    TIM_TI4_SetConfig                        0x08006287   Thumb Code    64  stm32f4xx_hal_tim.o(.text)
    TIM_TI3_SetConfig                        0x080062c7   Thumb Code    60  stm32f4xx_hal_tim.o(.text)
    TIM_TI2_SetConfig                        0x08006303   Thumb Code    62  stm32f4xx_hal_tim.o(.text)
    TIM_DMATriggerCplt                       0x080066df   Thumb Code    20  stm32f4xx_hal_tim.o(.text)
    TIM_ETR_SetConfig                        0x08006b05   Thumb Code    24  stm32f4xx_hal_tim.o(.text)
    TIM_ITRx_SetConfig                       0x08006c19   Thumb Code    20  stm32f4xx_hal_tim.o(.text)
    TIM_TI1_ConfigInputStage                 0x08006c2d   Thumb Code    42  stm32f4xx_hal_tim.o(.text)
    TIM_TI2_ConfigInputStage                 0x08006c57   Thumb Code    44  stm32f4xx_hal_tim.o(.text)
    TIM_SlaveTimer_SetConfig                 0x08006dcd   Thumb Code   164  stm32f4xx_hal_tim.o(.text)
    .text                                    0x08006fa0   Section        0  stm32f4xx_hal_tim_ex.o(.text)
    TIM_CCxNChannelCmd                       0x08007221   Thumb Code    28  stm32f4xx_hal_tim_ex.o(.text)
    .text                                    0x08007d28   Section       36  startup_stm32f407xx.o(.text)
    $v0                                      0x08007d28   Number         0  startup_stm32f407xx.o(.text)
    .text                                    0x08007d4c   Section        0  system_stm32f4xx.o(.text)
    .text                                    0x08007e6c   Section        0  memcpya.o(.text)
    .text                                    0x08007e90   Section        0  dmul.o(.text)
    .text                                    0x08007f74   Section        0  ddiv.o(.text)
    .text                                    0x08008052   Section        0  dfltui.o(.text)
    .text                                    0x0800806c   Section        0  dfixui.o(.text)
    .text                                    0x0800809e   Section        0  f2d.o(.text)
    .text                                    0x080080c4   Section        0  d2f.o(.text)
    .text                                    0x080080fc   Section        0  llshl.o(.text)
    .text                                    0x0800811a   Section        0  llushr.o(.text)
    .text                                    0x0800813a   Section        0  fepilogue.o(.text)
    .text                                    0x0800813a   Section        0  iusefp.o(.text)
    .text                                    0x080081a8   Section        0  depilogue.o(.text)
    .text                                    0x08008264   Section       36  init.o(.text)
    SVC_TABLE                                0x08008288   Section        4  svc_table.o(SVC_TABLE)
    i.__0printf$bare                         0x0800828c   Section        0  printfb.o(i.__0printf$bare)
    i.__scatterload_copy                     0x0800829c   Section       14  handlers.o(i.__scatterload_copy)
    i.__scatterload_null                     0x080082aa   Section        2  handlers.o(i.__scatterload_null)
    i.__scatterload_zeroinit                 0x080082ac   Section       14  handlers.o(i.__scatterload_zeroinit)
    i._init_box                              0x080082ba   Section        0  rt_membox.o(i._init_box)
    i._printf_core                           0x08008300   Section        0  printfb.o(i._printf_core)
    _printf_core                             0x08008301   Thumb Code    34  printfb.o(i._printf_core)
    i.dbg_init                               0x08008324   Section        0  hal_cm.o(i.dbg_init)
    i.dbg_task_notify                        0x08008354   Section        0  hal_cm.o(i.dbg_task_notify)
    i.dbg_task_switch                        0x08008374   Section        0  hal_cm.o(i.dbg_task_switch)
    i.isrMessageGet                          0x08008384   Section        0  rt_cmsis.o(i.isrMessageGet)
    i.isrMessagePut                          0x080083ae   Section        0  rt_cmsis.o(i.isrMessagePut)
    i.isrSemaphoreRelease                    0x080083da   Section        0  rt_cmsis.o(i.isrSemaphoreRelease)
    i.isr_mbx_receive                        0x08008404   Section        0  rt_mailbox.o(i.isr_mbx_receive)
    i.isr_mbx_send                           0x0800845a   Section        0  rt_mailbox.o(i.isr_mbx_send)
    i.isr_sem_send                           0x08008468   Section        0  rt_semaphore.o(i.isr_sem_send)
    i.osDelay                                0x08008478   Section        0  rt_cmsis.o(i.osDelay)
    i.osKernelInitialize                     0x08008490   Section        0  rt_cmsis.o(i.osKernelInitialize)
    i.osKernelStart                          0x080084b4   Section        0  rt_cmsis.o(i.osKernelStart)
    i.osMessageGet                           0x08008520   Section        0  rt_cmsis.o(i.osMessageGet)
    i.osSemaphoreCreate                      0x08008538   Section        0  rt_cmsis.o(i.osSemaphoreCreate)
    i.osSemaphoreRelease                     0x08008564   Section        0  rt_cmsis.o(i.osSemaphoreRelease)
    i.osSemaphoreWait                        0x0800857c   Section        0  rt_cmsis.o(i.osSemaphoreWait)
    i.osThreadCreate                         0x08008594   Section        0  rt_cmsis.o(i.osThreadCreate)
    i.osThreadExit                           0x080085c0   Section        0  rt_cmsis.o(i.osThreadExit)
    i.osTimerCall                            0x080085d8   Section        0  rt_cmsis.o(i.osTimerCall)
    i.osTimerThread                          0x080085e4   Section        0  rt_cmsis.o(i.osTimerThread)
    i.os_tick_init                           0x08008610   Section        0  rt_system.o(i.os_tick_init)
    i.os_tick_irqack                         0x08008638   Section        0  rt_system.o(i.os_tick_irqack)
    i.rt_alloc_box                           0x0800863a   Section        0  rt_membox.o(i.rt_alloc_box)
    i.rt_alloc_mem                           0x08008654   Section        0  rt_memory.o(i.rt_alloc_mem)
    i.rt_block                               0x08008694   Section        0  rt_task.o(i.rt_block)
    i.rt_chk_robin                           0x080086cc   Section        0  rt_robin.o(i.rt_chk_robin)
    i.rt_dec_dly                             0x08008714   Section        0  rt_list.o(i.rt_dec_dly)
    i.rt_dispatch                            0x08008784   Section        0  rt_task.o(i.rt_dispatch)
    i.rt_dly_wait                            0x080087c8   Section        0  rt_time.o(i.rt_dly_wait)
    i.rt_evt_psh                             0x080087d0   Section        0  rt_event.o(i.rt_evt_psh)
    i.rt_free_box                            0x08008820   Section        0  rt_membox.o(i.rt_free_box)
    i.rt_free_mem                            0x0800884c   Section        0  rt_memory.o(i.rt_free_mem)
    i.rt_get_first                           0x08008874   Section        0  rt_list.o(i.rt_get_first)
    i.rt_id2obj                              0x0800889c   Section        0  rt_cmsis.o(i.rt_id2obj)
    rt_id2obj                                0x0800889d   Thumb Code     8  rt_cmsis.o(i.rt_id2obj)
    i.rt_init_context                        0x080088a4   Section        0  rt_task.o(i.rt_init_context)
    rt_init_context                          0x080088a5   Thumb Code    66  rt_task.o(i.rt_init_context)
    i.rt_init_mem                            0x080088ec   Section        0  rt_memory.o(i.rt_init_mem)
    i.rt_init_robin                          0x08008908   Section        0  rt_robin.o(i.rt_init_robin)
    i.rt_init_stack                          0x08008920   Section        0  hal_cm.o(i.rt_init_stack)
    i.rt_mbx_check                           0x080089a0   Section        0  rt_mailbox.o(i.rt_mbx_check)
    i.rt_mbx_init                            0x080089a8   Section        0  rt_mailbox.o(i.rt_mbx_init)
    i.rt_mbx_psh                             0x080089c4   Section        0  rt_mailbox.o(i.rt_mbx_psh)
    i.rt_mbx_wait                            0x08008ab4   Section        0  rt_mailbox.o(i.rt_mbx_wait)
    i.rt_ms2tick                             0x08008b68   Section        0  rt_cmsis.o(i.rt_ms2tick)
    rt_ms2tick                               0x08008b69   Thumb Code    58  rt_cmsis.o(i.rt_ms2tick)
    i.rt_pop_req                             0x08008bac   Section        0  rt_system.o(i.rt_pop_req)
    i.rt_psh_req                             0x08008c28   Section        0  rt_system.o(i.rt_psh_req)
    i.rt_psq_enq                             0x08008c48   Section        0  rt_list.o(i.rt_psq_enq)
    i.rt_put_dly                             0x08008ca4   Section        0  rt_list.o(i.rt_put_dly)
    i.rt_put_prio                            0x08008cec   Section        0  rt_list.o(i.rt_put_prio)
    i.rt_put_rdy_first                       0x08008d24   Section        0  rt_list.o(i.rt_put_rdy_first)
    i.rt_resort_prio                         0x08008d38   Section        0  rt_list.o(i.rt_resort_prio)
    i.rt_ret_regs                            0x08008d6c   Section        0  hal_cm.o(i.rt_ret_regs)
    rt_ret_regs                              0x08008d6d   Thumb Code    16  hal_cm.o(i.rt_ret_regs)
    i.rt_ret_val                             0x08008d7c   Section        0  hal_cm.o(i.rt_ret_val)
    i.rt_ret_val2                            0x08008d88   Section        0  hal_cm.o(i.rt_ret_val2)
    i.rt_rmv_dly                             0x08008d98   Section        0  rt_list.o(i.rt_rmv_dly)
    i.rt_rmv_list                            0x08008dc0   Section        0  rt_list.o(i.rt_rmv_list)
    i.rt_sem_init                            0x08008df0   Section        0  rt_semaphore.o(i.rt_sem_init)
    i.rt_sem_psh                             0x08008dfc   Section        0  rt_semaphore.o(i.rt_sem_psh)
    i.rt_sem_send                            0x08008e30   Section        0  rt_semaphore.o(i.rt_sem_send)
    i.rt_sem_wait                            0x08008e5c   Section        0  rt_semaphore.o(i.rt_sem_wait)
    i.rt_stk_check                           0x08008e9c   Section        0  rt_system.o(i.rt_stk_check)
    i.rt_switch_req                          0x08008ec0   Section        0  rt_task.o(i.rt_switch_req)
    i.rt_sys_init                            0x08008ee8   Section        0  rt_task.o(i.rt_sys_init)
    i.rt_sys_start                           0x08008fb4   Section        0  rt_task.o(i.rt_sys_start)
    i.rt_systick                             0x0800902c   Section        0  rt_system.o(i.rt_systick)
    i.rt_tid2ptcb                            0x0800906c   Section        0  rt_cmsis.o(i.rt_tid2ptcb)
    rt_tid2ptcb                              0x0800906d   Thumb Code    18  rt_cmsis.o(i.rt_tid2ptcb)
    i.rt_timer_insert                        0x08009080   Section        0  rt_cmsis.o(i.rt_timer_insert)
    rt_timer_insert                          0x08009081   Thumb Code    48  rt_cmsis.o(i.rt_timer_insert)
    i.rt_tsk_create                          0x080090b4   Section        0  rt_task.o(i.rt_tsk_create)
    i.rt_tsk_delete                          0x0800913c   Section        0  rt_task.o(i.rt_tsk_delete)
    i.rt_tsk_prio                            0x080092b8   Section        0  rt_task.o(i.rt_tsk_prio)
    i.rt_tsk_self                            0x08009334   Section        0  rt_task.o(i.rt_tsk_self)
    i.svcDelay                               0x08009344   Section        0  rt_cmsis.o(i.svcDelay)
    i.svcKernelInitialize                    0x08009358   Section        0  rt_cmsis.o(i.svcKernelInitialize)
    i.svcKernelStart                         0x080093c8   Section        0  rt_cmsis.o(i.svcKernelStart)
    i.svcMessageCreate                       0x08009410   Section        0  rt_cmsis.o(i.svcMessageCreate)
    i.svcMessageGet                          0x08009434   Section        0  rt_cmsis.o(i.svcMessageGet)
    i.svcSemaphoreCreate                     0x0800946e   Section        0  rt_cmsis.o(i.svcSemaphoreCreate)
    i.svcSemaphoreRelease                    0x08009492   Section        0  rt_cmsis.o(i.svcSemaphoreRelease)
    i.svcSemaphoreWait                       0x080094ba   Section        0  rt_cmsis.o(i.svcSemaphoreWait)
    i.svcThreadCreate                        0x080094ec   Section        0  rt_cmsis.o(i.svcThreadCreate)
    i.svcThreadGetId                         0x08009558   Section        0  rt_cmsis.o(i.svcThreadGetId)
    i.svcThreadTerminate                     0x08009574   Section        0  rt_cmsis.o(i.svcThreadTerminate)
    i.svcTimerCall                           0x080095ac   Section        0  rt_cmsis.o(i.svcTimerCall)
    i.sysTimerTick                           0x080095c4   Section        0  rt_cmsis.o(i.sysTimerTick)
    .constdata                               0x08009620   Section       36  thread.o(.constdata)
    .constdata                               0x08009644   Section      104  rtx_conf_cm.o(.constdata)
    __tagsym$$used                           0x08009660   Number         0  rtx_conf_cm.o(.constdata)
    __tagsym$$used                           0x08009664   Number         0  rtx_conf_cm.o(.constdata)
    __tagsym$$used                           0x08009668   Number         0  rtx_conf_cm.o(.constdata)
    __tagsym$$used                           0x0800966c   Number         0  rtx_conf_cm.o(.constdata)
    .constdata                               0x080096ac   Section        8  stm32f4xx_hal_dma.o(.constdata)
    flagBitshiftOffset                       0x080096ac   Data           8  stm32f4xx_hal_dma.o(.constdata)
    .constdata                               0x080096b4   Section       16  stm32f4xx_hal_rcc.o(.constdata)
    .constdata                               0x080096c4   Section       16  system_stm32f4xx.o(.constdata)
    .data                                    0x20000000   Section       44  thread.o(.data)
    .data                                    0x2000002c   Section      116  filter.o(.data)
    .data                                    0x200000a0   Section        4  lis3dsh_1.o(.data)
    .data                                    0x200000a4   Section       16  rtx_conf_cm.o(.data)
    .data                                    0x200000b4   Section        4  stm32f4xx_hal.o(.data)
    uwTick                                   0x200000b4   Data           4  stm32f4xx_hal.o(.data)
    .data                                    0x200000b8   Section        4  system_stm32f4xx.o(.data)
    .data                                    0x200000bc   Section        8  rt_cmsis.o(.data)
    .data                                    0x200000c4   Section        4  rt_time.o(.data)
    .data                                    0x200000c8   Section        8  rt_task.o(.data)
    .data                                    0x200000d0   Section        8  rt_system.o(.data)
    os_lock                                  0x200000d0   Data           1  rt_system.o(.data)
    os_psh_flag                              0x200000d1   Data           1  rt_system.o(.data)
    pend_flags                               0x200000d2   Data           1  rt_system.o(.data)
    .data                                    0x200000d8   Section        1  hal_cm.o(.data)
    .data                                    0x200000dc   Section        8  rt_robin.o(.data)
    .data                                    0x200000e4   Section        4  stdout.o(.data)
    .bss                                     0x200000e8   Section       36  thread.o(.bss)
    .bss                                     0x2000010c   Section       48  filter.o(.bss)
    .bss                                     0x2000013c   Section      148  tim.o(.bss)
    .bss                                     0x200001d0   Section       88  lis3dsh_1.o(.bss)
    .bss                                     0x20000228   Section     4928  rtx_conf_cm.o(.bss)
    .bss                                     0x20001568   Section       52  rt_task.o(.bss)
    .bss                                     0x2000159c   Section       48  rt_list.o(.bss)
    STACK                                    0x200015d0   Section     1024  startup_stm32f407xx.o(STACK)

    Global Symbols

    Symbol Name                              Value     Ov Type        Size  Object(Section)

    BuildAttributes$$THM_ISAv4$E$P$D$K$B$S$7EM$VFPi3$EXTD16$VFPS$VFMA$PE$A:L22UL41UL21$X:L11$S22US41US21$IEEE1$IW$USESV6$~STKCKD$USESV7$~SHL$OTIME$ROPI$EBA8$MICROLIB$REQ8$PRES8$EABIv2 0x00000000   Number         0  anon$$obj.o ABSOLUTE
    __ARM_use_no_argv                        0x00000000   Number         0  main.o ABSOLUTE
    __cpp_initialize__aeabi_                  - Undefined Weak Reference
    __cxa_finalize                            - Undefined Weak Reference
    __decompress                              - Undefined Weak Reference
    _clock_init                               - Undefined Weak Reference
    _microlib_exit                            - Undefined Weak Reference
    __Vectors_Size                           0x00000188   Number         0  startup_stm32f407xx.o ABSOLUTE
    __RL_RTX_VER                             0x00000482   Number         0  rt_system.o ABSOLUTE
    __Vectors                                0x08000000   Data           4  startup_stm32f407xx.o(RESET)
    __Vectors_End                            0x08000188   Data           0  startup_stm32f407xx.o(RESET)
    __main                                   0x08000189   Thumb Code     0  entry.o(.ARM.Collect$$$$00000000)
    _main_stk                                0x08000189   Thumb Code     0  entry2.o(.ARM.Collect$$$$00000001)
    _main_scatterload                        0x0800018d   Thumb Code     0  entry5.o(.ARM.Collect$$$$00000004)
    __main_after_scatterload                 0x08000191   Thumb Code     0  entry5.o(.ARM.Collect$$$$00000004)
    __rt_final_cpp                           0x08000191   Thumb Code     0  entry10a.o(.ARM.Collect$$$$0000000D)
    __rt_final_exit                          0x08000191   Thumb Code     0  entry11a.o(.ARM.Collect$$$$0000000F)
    _main_clock                              0x08000191   Thumb Code     0  entry7b.o(.ARM.Collect$$$$00000008)
    _main_cpp_init                           0x08000191   Thumb Code     0  entry8b.o(.ARM.Collect$$$$0000000A)
    _main_init                               0x08000191   Thumb Code    18  rtx_conf_cm.o(.ARM.Collect$$$$000000FF)
    rt_set_PSP                               0x080001ad   Thumb Code     6  hal_cm4.o(.emb_text)
    rt_get_PSP                               0x080001b3   Thumb Code     6  hal_cm4.o(.emb_text)
    os_set_env                               0x080001b9   Thumb Code    24  hal_cm4.o(.emb_text)
    _alloc_box                               0x080001d5   Thumb Code    28  hal_cm4.o(.emb_text)
    _free_box                                0x080001f5   Thumb Code    28  hal_cm4.o(.emb_text)
    SVC_Handler                              0x08000215   Thumb Code   168  hal_cm4.o(.emb_text)
    PendSV_Handler                           0x080002cd   Thumb Code    96  hal_cm4.o(.emb_text)
    SysTick_Handler                          0x08000331   Thumb Code     8  hal_cm4.o(.emb_text)
    OS_Tick_Handler                          0x08000339   Thumb Code    12  hal_cm4.o(.emb_text)
    HAL_GetTick                              0x08000345   Thumb Code     6  main.o(.text)
    SystemClock_Config                       0x0800034b   Thumb Code   142  main.o(.text)
    main                                     0x080003d9   Thumb Code    34  main.o(.text)
    displayLED                               0x08000409   Thumb Code    60  thread.o(.text)
    initializeACC                            0x08000445   Thumb Code    36  thread.o(.text)
    thread1                                  0x08000469   Thumb Code    90  thread.o(.text)
    thread2                                  0x080004c3   Thumb Code    72  thread.o(.text)
    StartApplication                         0x0800050b   Thumb Code    40  thread.o(.text)
    initializeLED_IO                         0x08000533   Thumb Code    62  thread.o(.text)
    filterRawData                            0x080005ad   Thumb Code   662  filter.o(.text)
    getFinalAccX                             0x08000843   Thumb Code     8  filter.o(.text)
    getFinalAccY                             0x0800084b   Thumb Code     8  filter.o(.text)
    getFinalAccZ                             0x08000853   Thumb Code     8  filter.o(.text)
    fputc                                    0x080008d5   Thumb Code    52  fput_debug.o(.text)
    MX_GPIO_Init                             0x0800090d   Thumb Code   610  gpio.o(.text)
    segmentDecoder                           0x08000b91   Thumb Code   796  leddisplay.o(.text)
    useDigit                                 0x08000ead   Thumb Code   236  leddisplay.o(.text)
    showDigit                                0x08000f99   Thumb Code    20  leddisplay.o(.text)
    resetDisplay                             0x08000fad   Thumb Code    26  leddisplay.o(.text)
    HAL_MspInit                              0x08000fd1   Thumb Code    20  stm32f4xx_hal_msp.o(.text)
    EXTI0_IRQHandler                         0x08000fe5   Thumb Code    10  stm32f4xx_it.o(.text)
    TIM2_IRQHandler                          0x08000fef   Thumb Code    10  stm32f4xx_it.o(.text)
    MX_TIM2_Init                             0x08000ffd   Thumb Code    70  tim.o(.text)
    HAL_TIM_MspPostInit                      0x08001043   Thumb Code    46  tim.o(.text)
    MX_TIM4_Init_Alt                         0x08001071   Thumb Code   144  tim.o(.text)
    updatePulse                              0x08001101   Thumb Code    90  tim.o(.text)
    HAL_TIM_Base_MspInit                     0x0800115b   Thumb Code   138  tim.o(.text)
    HAL_TIM_PWM_MspInit                      0x080011e5   Thumb Code   102  tim.o(.text)
    HAL_TIM_Base_MspDeInit                   0x0800124b   Thumb Code    42  tim.o(.text)
    HAL_TIM_PWM_MspDeInit                    0x08001275   Thumb Code    44  tim.o(.text)
    SPI_ReceiveData                          0x080012cd   Thumb Code    10  lis3dsh_1.o(.text)
    LIS3DSH_TIMEOUT_UserCallback             0x080012d7   Thumb Code     4  lis3dsh_1.o(.text)
    SPI_SendData                             0x080012db   Thumb Code     6  lis3dsh_1.o(.text)
    LIS3DSH_Write                            0x0800134d   Thumb Code    62  lis3dsh_1.o(.text)
    LIS3DSH_Init                             0x0800138b   Thumb Code   170  lis3dsh_1.o(.text)
    LIS3DSH_Read                             0x08001435   Thumb Code    70  lis3dsh_1.o(.text)
    LIS3DSH_DataReadyInterruptConfig         0x0800147b   Thumb Code    42  lis3dsh_1.o(.text)
    LIS3DSH_LowpowerCmd                      0x080014a5   Thumb Code    40  lis3dsh_1.o(.text)
    LIS3DSH_DataRateCmd                      0x080014cd   Thumb Code    44  lis3dsh_1.o(.text)
    LIS3DSH_FullScaleCmd                     0x080014f9   Thumb Code    44  lis3dsh_1.o(.text)
    LIS3DSH_ReadACC                          0x08001525   Thumb Code   628  lis3dsh_1.o(.text)
    HAL_SPI_MspInit                          0x08001799   Thumb Code   218  lis3dsh_1.o(.text)
    os_idle_demon                            0x0800188d   Thumb Code     4  rtx_conf_cm.o(.text)
    os_error                                 0x08001891   Thumb Code    34  rtx_conf_cm.o(.text)
    HAL_InitTick                             0x080018bf   Thumb Code    36  stm32f4xx_hal.o(.text)
    HAL_Init                                 0x080018e3   Thumb Code    54  stm32f4xx_hal.o(.text)
    HAL_MspDeInit                            0x08001919   Thumb Code    10  stm32f4xx_hal.o(.text)
    HAL_DeInit                               0x08001923   Thumb Code    64  stm32f4xx_hal.o(.text)
    HAL_IncTick                              0x08001963   Thumb Code    12  stm32f4xx_hal.o(.text)
    HAL_Delay                                0x08001975   Thumb Code    26  stm32f4xx_hal.o(.text)
    HAL_SuspendTick                          0x0800198f   Thumb Code    18  stm32f4xx_hal.o(.text)
    HAL_ResumeTick                           0x080019a1   Thumb Code    18  stm32f4xx_hal.o(.text)
    HAL_GetHalVersion                        0x080019b3   Thumb Code     4  stm32f4xx_hal.o(.text)
    HAL_GetREVID                             0x080019b7   Thumb Code     8  stm32f4xx_hal.o(.text)
    HAL_GetDEVID                             0x080019bf   Thumb Code    10  stm32f4xx_hal.o(.text)
    HAL_DBGMCU_EnableDBGSleepMode            0x080019c9   Thumb Code    14  stm32f4xx_hal.o(.text)
    HAL_DBGMCU_DisableDBGSleepMode           0x080019d7   Thumb Code    14  stm32f4xx_hal.o(.text)
    HAL_DBGMCU_EnableDBGStopMode             0x080019e5   Thumb Code    14  stm32f4xx_hal.o(.text)
    HAL_DBGMCU_DisableDBGStopMode            0x080019f3   Thumb Code    14  stm32f4xx_hal.o(.text)
    HAL_DBGMCU_EnableDBGStandbyMode          0x08001a01   Thumb Code    14  stm32f4xx_hal.o(.text)
    HAL_DBGMCU_DisableDBGStandbyMode         0x08001a0f   Thumb Code    14  stm32f4xx_hal.o(.text)
    HAL_EnableCompensationCell               0x08001a1d   Thumb Code    22  stm32f4xx_hal.o(.text)
    HAL_DisableCompensationCell              0x08001a33   Thumb Code    24  stm32f4xx_hal.o(.text)
    HAL_NVIC_SetPriorityGrouping             0x08001a85   Thumb Code    36  stm32f4xx_hal_cortex.o(.text)
    HAL_NVIC_SetPriority                     0x08001aa9   Thumb Code   124  stm32f4xx_hal_cortex.o(.text)
    HAL_NVIC_EnableIRQ                       0x08001b25   Thumb Code    32  stm32f4xx_hal_cortex.o(.text)
    HAL_NVIC_DisableIRQ                      0x08001b45   Thumb Code    62  stm32f4xx_hal_cortex.o(.text)
    HAL_NVIC_SystemReset                     0x08001b83   Thumb Code    64  stm32f4xx_hal_cortex.o(.text)
    HAL_SYSTICK_Config                       0x08001bc3   Thumb Code    52  stm32f4xx_hal_cortex.o(.text)
    HAL_MPU_ConfigRegion                     0x08001bf7   Thumb Code    90  stm32f4xx_hal_cortex.o(.text)
    HAL_NVIC_GetPriorityGrouping             0x08001c51   Thumb Code     8  stm32f4xx_hal_cortex.o(.text)
    HAL_NVIC_GetPriority                     0x08001c59   Thumb Code   138  stm32f4xx_hal_cortex.o(.text)
    HAL_NVIC_SetPendingIRQ                   0x08001ce3   Thumb Code    32  stm32f4xx_hal_cortex.o(.text)
    HAL_NVIC_GetPendingIRQ                   0x08001d03   Thumb Code    46  stm32f4xx_hal_cortex.o(.text)
    HAL_NVIC_ClearPendingIRQ                 0x08001d31   Thumb Code    30  stm32f4xx_hal_cortex.o(.text)
    HAL_NVIC_GetActive                       0x08001d4f   Thumb Code    46  stm32f4xx_hal_cortex.o(.text)
    HAL_SYSTICK_CLKSourceConfig              0x08001d7d   Thumb Code    40  stm32f4xx_hal_cortex.o(.text)
    HAL_SYSTICK_Callback                     0x08001da5   Thumb Code    10  stm32f4xx_hal_cortex.o(.text)
    HAL_SYSTICK_IRQHandler                   0x08001daf   Thumb Code     8  stm32f4xx_hal_cortex.o(.text)
    HAL_DMA_Init                             0x08001e07   Thumb Code   128  stm32f4xx_hal_dma.o(.text)
    HAL_DMA_DeInit                           0x08001e87   Thumb Code   100  stm32f4xx_hal_dma.o(.text)
    HAL_DMA_Start                            0x08001f17   Thumb Code    82  stm32f4xx_hal_dma.o(.text)
    HAL_DMA_Start_IT                         0x08001f69   Thumb Code   106  stm32f4xx_hal_dma.o(.text)
    HAL_DMA_Abort                            0x08001fd3   Thumb Code    94  stm32f4xx_hal_dma.o(.text)
    HAL_DMA_PollForTransfer                  0x08002031   Thumb Code   412  stm32f4xx_hal_dma.o(.text)
    HAL_DMA_IRQHandler                       0x080021cd   Thumb Code   530  stm32f4xx_hal_dma.o(.text)
    HAL_DMA_GetState                         0x080023df   Thumb Code     8  stm32f4xx_hal_dma.o(.text)
    HAL_DMA_GetError                         0x080023e7   Thumb Code     6  stm32f4xx_hal_dma.o(.text)
    HAL_GPIO_Init                            0x080023f1   Thumb Code   476  stm32f4xx_hal_gpio.o(.text)
    HAL_GPIO_DeInit                          0x080025cd   Thumb Code   326  stm32f4xx_hal_gpio.o(.text)
    HAL_GPIO_ReadPin                         0x08002713   Thumb Code    16  stm32f4xx_hal_gpio.o(.text)
    HAL_GPIO_WritePin                        0x08002723   Thumb Code    12  stm32f4xx_hal_gpio.o(.text)
    HAL_GPIO_TogglePin                       0x0800272f   Thumb Code     8  stm32f4xx_hal_gpio.o(.text)
    HAL_GPIO_LockPin                         0x08002737   Thumb Code    46  stm32f4xx_hal_gpio.o(.text)
    HAL_GPIO_EXTI_Callback                   0x08002765   Thumb Code    10  stm32f4xx_hal_gpio.o(.text)
    HAL_GPIO_EXTI_IRQHandler                 0x0800276f   Thumb Code    28  stm32f4xx_hal_gpio.o(.text)
    HAL_RCC_OscConfig                        0x080027bf   Thumb Code  1032  stm32f4xx_hal_rcc.o(.text)
    HAL_RCC_ClockConfig                      0x08002bc7   Thumb Code   680  stm32f4xx_hal_rcc.o(.text)
    HAL_RCC_MCOConfig                        0x08002e6f   Thumb Code   178  stm32f4xx_hal_rcc.o(.text)
    HAL_RCC_EnableCSS                        0x08002f21   Thumb Code     8  stm32f4xx_hal_rcc.o(.text)
    HAL_RCC_DisableCSS                       0x08002f29   Thumb Code     8  stm32f4xx_hal_rcc.o(.text)
    HAL_RCC_GetSysClockFreq                  0x08002f31   Thumb Code   198  stm32f4xx_hal_rcc.o(.text)
    HAL_RCC_GetHCLKFreq                      0x08002ff7   Thumb Code    42  stm32f4xx_hal_rcc.o(.text)
    HAL_RCC_GetPCLK1Freq                     0x08003021   Thumb Code    36  stm32f4xx_hal_rcc.o(.text)
    HAL_RCC_GetPCLK2Freq                     0x08003045   Thumb Code    36  stm32f4xx_hal_rcc.o(.text)
    HAL_RCC_GetOscConfig                     0x08003069   Thumb Code   296  stm32f4xx_hal_rcc.o(.text)
    HAL_RCC_GetClockConfig                   0x08003191   Thumb Code    58  stm32f4xx_hal_rcc.o(.text)
    HAL_RCC_CSSCallback                      0x080031cb   Thumb Code    10  stm32f4xx_hal_rcc.o(.text)
    HAL_RCC_NMI_IRQHandler                   0x080031d5   Thumb Code    30  stm32f4xx_hal_rcc.o(.text)
    HAL_SPI_Init                             0x0800320b   Thumb Code   136  stm32f4xx_hal_spi.o(.text)
    HAL_SPI_MspDeInit                        0x08003293   Thumb Code     2  stm32f4xx_hal_spi.o(.text)
    HAL_SPI_DeInit                           0x08003295   Thumb Code    48  stm32f4xx_hal_spi.o(.text)
    HAL_SPI_Transmit                         0x080033d9   Thumb Code   450  stm32f4xx_hal_spi.o(.text)
    HAL_SPI_TransmitReceive                  0x0800359b   Thumb Code   850  stm32f4xx_hal_spi.o(.text)
    HAL_SPI_Receive                          0x080038ed   Thumb Code   572  stm32f4xx_hal_spi.o(.text)
    HAL_SPI_ErrorCallback                    0x08003b29   Thumb Code     2  stm32f4xx_hal_spi.o(.text)
    HAL_SPI_TxCpltCallback                   0x08003b2b   Thumb Code     2  stm32f4xx_hal_spi.o(.text)
    HAL_SPI_TxRxCpltCallback                 0x08003b2d   Thumb Code     2  stm32f4xx_hal_spi.o(.text)
    HAL_SPI_Transmit_IT                      0x08003c1d   Thumb Code   198  stm32f4xx_hal_spi.o(.text)
    HAL_SPI_RxCpltCallback                   0x08003ce3   Thumb Code     2  stm32f4xx_hal_spi.o(.text)
    HAL_SPI_TransmitReceive_IT               0x08003e0b   Thumb Code   192  stm32f4xx_hal_spi.o(.text)
    HAL_SPI_Receive_IT                       0x08003f1d   Thumb Code   222  stm32f4xx_hal_spi.o(.text)
    HAL_SPI_TxHalfCpltCallback               0x080040ab   Thumb Code     2  stm32f4xx_hal_spi.o(.text)
    HAL_SPI_Transmit_DMA                     0x080040bb   Thumb Code   218  stm32f4xx_hal_spi.o(.text)
    HAL_SPI_RxHalfCpltCallback               0x0800430d   Thumb Code     2  stm32f4xx_hal_spi.o(.text)
    HAL_SPI_TxRxHalfCpltCallback             0x08004355   Thumb Code     2  stm32f4xx_hal_spi.o(.text)
    HAL_SPI_TransmitReceive_DMA              0x08004365   Thumb Code   324  stm32f4xx_hal_spi.o(.text)
    HAL_SPI_Receive_DMA                      0x080044a9   Thumb Code   288  stm32f4xx_hal_spi.o(.text)
    HAL_SPI_DMAPause                         0x080045c9   Thumb Code    62  stm32f4xx_hal_spi.o(.text)
    HAL_SPI_DMAResume                        0x08004607   Thumb Code    62  stm32f4xx_hal_spi.o(.text)
    HAL_SPI_DMAStop                          0x08004645   Thumb Code    58  stm32f4xx_hal_spi.o(.text)
    HAL_SPI_IRQHandler                       0x0800467f   Thumb Code   262  stm32f4xx_hal_spi.o(.text)
    HAL_SPI_GetState                         0x08004785   Thumb Code     8  stm32f4xx_hal_spi.o(.text)
    HAL_SPI_GetError                         0x0800478d   Thumb Code     6  stm32f4xx_hal_spi.o(.text)
    TIM_Base_SetConfig                       0x080047a1   Thumb Code   184  stm32f4xx_hal_tim.o(.text)
    HAL_TIM_Base_Init                        0x0800485b   Thumb Code    52  stm32f4xx_hal_tim.o(.text)
    HAL_TIM_Base_DeInit                      0x08004891   Thumb Code    70  stm32f4xx_hal_tim.o(.text)
    HAL_TIM_Base_Start                       0x080048d7   Thumb Code    30  stm32f4xx_hal_tim.o(.text)
    HAL_TIM_Base_Stop                        0x080048f5   Thumb Code    56  stm32f4xx_hal_tim.o(.text)
    HAL_TIM_Base_Start_IT                    0x0800492d   Thumb Code    30  stm32f4xx_hal_tim.o(.text)
    HAL_TIM_Base_Stop_IT                     0x0800494b   Thumb Code    56  stm32f4xx_hal_tim.o(.text)
    HAL_TIM_ErrorCallback                    0x08004983   Thumb Code     2  stm32f4xx_hal_tim.o(.text)
    TIM_DMAError                             0x08004985   Thumb Code    20  stm32f4xx_hal_tim.o(.text)
    HAL_TIM_PeriodElapsedCallback            0x08004999   Thumb Code     2  stm32f4xx_hal_tim.o(.text)
    HAL_TIM_Base_Start_DMA                   0x080049af   Thumb Code    98  stm32f4xx_hal_tim.o(.text)
    HAL_TIM_Base_Stop_DMA                    0x08004a11   Thumb Code    62  stm32f4xx_hal_tim.o(.text)
    HAL_TIM_OC_MspInit                       0x08004a4f   Thumb Code     2  stm32f4xx_hal_tim.o(.text)
    HAL_TIM_OC_Init                          0x08004a51   Thumb Code    52  stm32f4xx_hal_tim.o(.text)
    HAL_TIM_OC_MspDeInit                     0x08004a85   Thumb Code     2  stm32f4xx_hal_tim.o(.text)
    HAL_TIM_OC_DeInit                        0x08004a87   Thumb Code    70  stm32f4xx_hal_tim.o(.text)
    TIM_CCxChannelCmd                        0x08004acd   Thumb Code    28  stm32f4xx_hal_tim.o(.text)
    HAL_TIM_OC_Start                         0x08004ae9   Thumb Code    68  stm32f4xx_hal_tim.o(.text)
    HAL_TIM_OC_Stop                          0x08004b2d   Thumb Code   170  stm32f4xx_hal_tim.o(.text)
    HAL_TIM_OC_Start_IT                      0x08004bd7   Thumb Code   144  stm32f4xx_hal_tim.o(.text)
    HAL_TIM_OC_Stop_IT                       0x08004c67   Thumb Code   196  stm32f4xx_hal_tim.o(.text)
    HAL_TIM_PWM_PulseFinishedCallback        0x08004d2b   Thumb Code     2  stm32f4xx_hal_tim.o(.text)
    TIM_DMADelayPulseCplt                    0x08004d2d   Thumb Code    70  stm32f4xx_hal_tim.o(.text)
    HAL_TIM_OC_Start_DMA                     0x08004d73   Thumb Code   312  stm32f4xx_hal_tim.o(.text)
    HAL_TIM_OC_Stop_DMA                      0x08004eab   Thumb Code   202  stm32f4xx_hal_tim.o(.text)
    HAL_TIM_PWM_Init                         0x08004f77   Thumb Code    52  stm32f4xx_hal_tim.o(.text)
    HAL_TIM_PWM_DeInit                       0x08004fad   Thumb Code    70  stm32f4xx_hal_tim.o(.text)
    HAL_TIM_PWM_Start                        0x08004ff3   Thumb Code    78  stm32f4xx_hal_tim.o(.text)
    HAL_TIM_PWM_Stop                         0x08005041   Thumb Code   126  stm32f4xx_hal_tim.o(.text)
    HAL_TIM_PWM_Start_IT                     0x080050bf   Thumb Code   144  stm32f4xx_hal_tim.o(.text)
    HAL_TIM_PWM_Stop_IT                      0x0800514f   Thumb Code   196  stm32f4xx_hal_tim.o(.text)
    HAL_TIM_PWM_Start_DMA                    0x08005213   Thumb Code   312  stm32f4xx_hal_tim.o(.text)
    HAL_TIM_PWM_Stop_DMA                     0x0800534b   Thumb Code   202  stm32f4xx_hal_tim.o(.text)
    HAL_TIM_IC_MspInit                       0x08005415   Thumb Code     2  stm32f4xx_hal_tim.o(.text)
    HAL_TIM_IC_Init                          0x08005417   Thumb Code    62  stm32f4xx_hal_tim.o(.text)
    HAL_TIM_IC_MspDeInit                     0x08005455   Thumb Code     2  stm32f4xx_hal_tim.o(.text)
    HAL_TIM_IC_DeInit                        0x08005457   Thumb Code    70  stm32f4xx_hal_tim.o(.text)
    HAL_TIM_IC_Start                         0x0800549d   Thumb Code    32  stm32f4xx_hal_tim.o(.text)
    HAL_TIM_IC_Stop                          0x080054bd   Thumb Code    58  stm32f4xx_hal_tim.o(.text)
    HAL_TIM_IC_Start_IT                      0x080054f7   Thumb Code   108  stm32f4xx_hal_tim.o(.text)
    HAL_TIM_IC_Stop_IT                       0x08005563   Thumb Code   134  stm32f4xx_hal_tim.o(.text)
    HAL_TIM_IC_CaptureCallback               0x080055e9   Thumb Code     2  stm32f4xx_hal_tim.o(.text)
    TIM_DMACaptureCplt                       0x080055eb   Thumb Code    70  stm32f4xx_hal_tim.o(.text)
    HAL_TIM_IC_Start_DMA                     0x08005631   Thumb Code   276  stm32f4xx_hal_tim.o(.text)
    HAL_TIM_IC_Stop_DMA                      0x08005745   Thumb Code   140  stm32f4xx_hal_tim.o(.text)
    HAL_TIM_OnePulse_MspInit                 0x080057d1   Thumb Code     2  stm32f4xx_hal_tim.o(.text)
    HAL_TIM_OnePulse_Init                    0x080057d3   Thumb Code    76  stm32f4xx_hal_tim.o(.text)
    HAL_TIM_OnePulse_MspDeInit               0x0800581f   Thumb Code     2  stm32f4xx_hal_tim.o(.text)
    HAL_TIM_OnePulse_DeInit                  0x08005821   Thumb Code    70  stm32f4xx_hal_tim.o(.text)
    HAL_TIM_OnePulse_Start                   0x08005867   Thumb Code    66  stm32f4xx_hal_tim.o(.text)
    HAL_TIM_OnePulse_Stop                    0x080058a9   Thumb Code   130  stm32f4xx_hal_tim.o(.text)
    HAL_TIM_OnePulse_Start_IT                0x0800592b   Thumb Code    90  stm32f4xx_hal_tim.o(.text)
    HAL_TIM_OnePulse_Stop_IT                 0x08005985   Thumb Code   154  stm32f4xx_hal_tim.o(.text)
    HAL_TIM_Encoder_MspInit                  0x08005a1f   Thumb Code     2  stm32f4xx_hal_tim.o(.text)
    HAL_TIM_Encoder_Init                     0x08005a21   Thumb Code   180  stm32f4xx_hal_tim.o(.text)
    HAL_TIM_Encoder_MspDeInit                0x08005ad5   Thumb Code     2  stm32f4xx_hal_tim.o(.text)
    HAL_TIM_Encoder_DeInit                   0x08005ad7   Thumb Code    70  stm32f4xx_hal_tim.o(.text)
    HAL_TIM_Encoder_Start                    0x08005b1d   Thumb Code    78  stm32f4xx_hal_tim.o(.text)
    HAL_TIM_Encoder_Stop                     0x08005b6b   Thumb Code   104  stm32f4xx_hal_tim.o(.text)
    HAL_TIM_Encoder_Start_IT                 0x08005bd3   Thumb Code   126  stm32f4xx_hal_tim.o(.text)
    HAL_TIM_Encoder_Stop_IT                  0x08005c51   Thumb Code   160  stm32f4xx_hal_tim.o(.text)
    HAL_TIM_Encoder_Start_DMA                0x08005cf1   Thumb Code   328  stm32f4xx_hal_tim.o(.text)
    HAL_TIM_Encoder_Stop_DMA                 0x08005e39   Thumb Code   152  stm32f4xx_hal_tim.o(.text)
    HAL_TIM_TriggerCallback                  0x08005ed1   Thumb Code     2  stm32f4xx_hal_tim.o(.text)
    HAL_TIM_OC_DelayElapsedCallback          0x08005ed3   Thumb Code     2  stm32f4xx_hal_tim.o(.text)
    HAL_TIM_IRQHandler                       0x08005ed5   Thumb Code   406  stm32f4xx_hal_tim.o(.text)
    TIM_OC2_SetConfig                        0x0800613d   Thumb Code   112  stm32f4xx_hal_tim.o(.text)
    HAL_TIM_OC_ConfigChannel                 0x08006213   Thumb Code   116  stm32f4xx_hal_tim.o(.text)
    TIM_TI1_SetConfig                        0x08006341   Thumb Code   122  stm32f4xx_hal_tim.o(.text)
    HAL_TIM_IC_ConfigChannel                 0x080063bb   Thumb Code   224  stm32f4xx_hal_tim.o(.text)
    HAL_TIM_PWM_ConfigChannel                0x0800649b   Thumb Code   294  stm32f4xx_hal_tim.o(.text)
    HAL_TIM_OnePulse_ConfigChannel           0x080065c1   Thumb Code   286  stm32f4xx_hal_tim.o(.text)
    HAL_TIM_DMABurst_WriteStart              0x080066f3   Thumb Code   366  stm32f4xx_hal_tim.o(.text)
    HAL_TIM_DMABurst_WriteStop               0x08006861   Thumb Code   128  stm32f4xx_hal_tim.o(.text)
    HAL_TIM_DMABurst_ReadStart               0x080068e1   Thumb Code   366  stm32f4xx_hal_tim.o(.text)
    HAL_TIM_DMABurst_ReadStop                0x08006a4f   Thumb Code   128  stm32f4xx_hal_tim.o(.text)
    HAL_TIM_GenerateEvent                    0x08006acf   Thumb Code    54  stm32f4xx_hal_tim.o(.text)
    HAL_TIM_ConfigOCrefClear                 0x08006b1d   Thumb Code   252  stm32f4xx_hal_tim.o(.text)
    HAL_TIM_ConfigClockSource                0x08006c83   Thumb Code   306  stm32f4xx_hal_tim.o(.text)
    HAL_TIM_ConfigTI1Input                   0x08006db5   Thumb Code    24  stm32f4xx_hal_tim.o(.text)
    HAL_TIM_SlaveConfigSynchronization       0x08006e71   Thumb Code    86  stm32f4xx_hal_tim.o(.text)
    HAL_TIM_SlaveConfigSynchronization_IT    0x08006ec7   Thumb Code    86  stm32f4xx_hal_tim.o(.text)
    HAL_TIM_ReadCapturedValue                0x08006f1d   Thumb Code    84  stm32f4xx_hal_tim.o(.text)
    HAL_TIM_Base_GetState                    0x08006f71   Thumb Code     8  stm32f4xx_hal_tim.o(.text)
    HAL_TIM_OC_GetState                      0x08006f79   Thumb Code     8  stm32f4xx_hal_tim.o(.text)
    HAL_TIM_PWM_GetState                     0x08006f81   Thumb Code     8  stm32f4xx_hal_tim.o(.text)
    HAL_TIM_IC_GetState                      0x08006f89   Thumb Code     8  stm32f4xx_hal_tim.o(.text)
    HAL_TIM_OnePulse_GetState                0x08006f91   Thumb Code     8  stm32f4xx_hal_tim.o(.text)
    HAL_TIM_Encoder_GetState                 0x08006f99   Thumb Code     8  stm32f4xx_hal_tim.o(.text)
    HAL_TIMEx_HallSensor_MspInit             0x08006fa1   Thumb Code     2  stm32f4xx_hal_tim_ex.o(.text)
    HAL_TIMEx_HallSensor_Init                0x08006fa3   Thumb Code   196  stm32f4xx_hal_tim_ex.o(.text)
    HAL_TIMEx_HallSensor_MspDeInit           0x08007067   Thumb Code     2  stm32f4xx_hal_tim_ex.o(.text)
    HAL_TIMEx_HallSensor_DeInit              0x08007069   Thumb Code    70  stm32f4xx_hal_tim_ex.o(.text)
    HAL_TIMEx_HallSensor_Start               0x080070af   Thumb Code    30  stm32f4xx_hal_tim_ex.o(.text)
    HAL_TIMEx_HallSensor_Stop                0x080070cd   Thumb Code    56  stm32f4xx_hal_tim_ex.o(.text)
    HAL_TIMEx_HallSensor_Start_IT            0x08007105   Thumb Code    42  stm32f4xx_hal_tim_ex.o(.text)
    HAL_TIMEx_HallSensor_Stop_IT             0x0800712f   Thumb Code    68  stm32f4xx_hal_tim_ex.o(.text)
    HAL_TIMEx_HallSensor_Start_DMA           0x08007173   Thumb Code   106  stm32f4xx_hal_tim_ex.o(.text)
    HAL_TIMEx_HallSensor_Stop_DMA            0x080071dd   Thumb Code    68  stm32f4xx_hal_tim_ex.o(.text)
    HAL_TIMEx_OCN_Start                      0x0800723d   Thumb Code    44  stm32f4xx_hal_tim_ex.o(.text)
    HAL_TIMEx_OCN_Stop                       0x08007269   Thumb Code    96  stm32f4xx_hal_tim_ex.o(.text)
    HAL_TIMEx_OCN_Start_IT                   0x080072c9   Thumb Code   132  stm32f4xx_hal_tim_ex.o(.text)
    HAL_TIMEx_OCN_Stop_IT                    0x0800734d   Thumb Code   196  stm32f4xx_hal_tim_ex.o(.text)
    HAL_TIMEx_OCN_Start_DMA                  0x08007411   Thumb Code   272  stm32f4xx_hal_tim_ex.o(.text)
    HAL_TIMEx_OCN_Stop_DMA                   0x08007521   Thumb Code   192  stm32f4xx_hal_tim_ex.o(.text)
    HAL_TIMEx_PWMN_Start                     0x080075e1   Thumb Code    44  stm32f4xx_hal_tim_ex.o(.text)
    HAL_TIMEx_PWMN_Stop                      0x0800760d   Thumb Code    96  stm32f4xx_hal_tim_ex.o(.text)
    HAL_TIMEx_PWMN_Start_IT                  0x0800766d   Thumb Code   132  stm32f4xx_hal_tim_ex.o(.text)
    HAL_TIMEx_PWMN_Stop_IT                   0x080076f1   Thumb Code   196  stm32f4xx_hal_tim_ex.o(.text)
    HAL_TIMEx_PWMN_Start_DMA                 0x080077b5   Thumb Code   272  stm32f4xx_hal_tim_ex.o(.text)
    HAL_TIMEx_PWMN_Stop_DMA                  0x080078c5   Thumb Code   178  stm32f4xx_hal_tim_ex.o(.text)
    HAL_TIMEx_OnePulseN_Start                0x08007977   Thumb Code    32  stm32f4xx_hal_tim_ex.o(.text)
    HAL_TIMEx_OnePulseN_Stop                 0x08007997   Thumb Code    96  stm32f4xx_hal_tim_ex.o(.text)
    HAL_TIMEx_OnePulseN_Start_IT             0x080079f7   Thumb Code    56  stm32f4xx_hal_tim_ex.o(.text)
    HAL_TIMEx_OnePulseN_Stop_IT              0x08007a2f   Thumb Code   120  stm32f4xx_hal_tim_ex.o(.text)
    HAL_TIMEx_ConfigCommutationEvent         0x08007aa7   Thumb Code   110  stm32f4xx_hal_tim_ex.o(.text)
    HAL_TIMEx_ConfigCommutationEvent_IT      0x08007b15   Thumb Code   122  stm32f4xx_hal_tim_ex.o(.text)
    HAL_TIMEx_CommutationCallback            0x08007b8f   Thumb Code     2  stm32f4xx_hal_tim_ex.o(.text)
    TIMEx_DMACommutationCplt                 0x08007b91   Thumb Code    20  stm32f4xx_hal_tim_ex.o(.text)
    HAL_TIMEx_ConfigCommutationEvent_DMA     0x08007ba5   Thumb Code   146  stm32f4xx_hal_tim_ex.o(.text)
    HAL_TIMEx_MasterConfigSynchronization    0x08007c37   Thumb Code    98  stm32f4xx_hal_tim_ex.o(.text)
    HAL_TIMEx_ConfigBreakDeadTime            0x08007c99   Thumb Code    80  stm32f4xx_hal_tim_ex.o(.text)
    HAL_TIMEx_RemapConfig                    0x08007ce9   Thumb Code    48  stm32f4xx_hal_tim_ex.o(.text)
    HAL_TIMEx_BreakCallback                  0x08007d19   Thumb Code     2  stm32f4xx_hal_tim_ex.o(.text)
    HAL_TIMEx_HallSensor_GetState            0x08007d1b   Thumb Code     8  stm32f4xx_hal_tim_ex.o(.text)
    Reset_Handler                            0x08007d29   Thumb Code     8  startup_stm32f407xx.o(.text)
    NMI_Handler                              0x08007d31   Thumb Code     2  startup_stm32f407xx.o(.text)
    HardFault_Handler                        0x08007d33   Thumb Code     2  startup_stm32f407xx.o(.text)
    MemManage_Handler                        0x08007d35   Thumb Code     2  startup_stm32f407xx.o(.text)
    BusFault_Handler                         0x08007d37   Thumb Code     2  startup_stm32f407xx.o(.text)
    UsageFault_Handler                       0x08007d39   Thumb Code     2  startup_stm32f407xx.o(.text)
    DebugMon_Handler                         0x08007d3d   Thumb Code     2  startup_stm32f407xx.o(.text)
    ADC_IRQHandler                           0x08007d43   Thumb Code     0  startup_stm32f407xx.o(.text)
    CAN1_RX0_IRQHandler                      0x08007d43   Thumb Code     0  startup_stm32f407xx.o(.text)
    CAN1_RX1_IRQHandler                      0x08007d43   Thumb Code     0  startup_stm32f407xx.o(.text)
    CAN1_SCE_IRQHandler                      0x08007d43   Thumb Code     0  startup_stm32f407xx.o(.text)
    CAN1_TX_IRQHandler                       0x08007d43   Thumb Code     0  startup_stm32f407xx.o(.text)
    CAN2_RX0_IRQHandler                      0x08007d43   Thumb Code     0  startup_stm32f407xx.o(.text)
    CAN2_RX1_IRQHandler                      0x08007d43   Thumb Code     0  startup_stm32f407xx.o(.text)
    CAN2_SCE_IRQHandler                      0x08007d43   Thumb Code     0  startup_stm32f407xx.o(.text)
    CAN2_TX_IRQHandler                       0x08007d43   Thumb Code     0  startup_stm32f407xx.o(.text)
    DCMI_IRQHandler                          0x08007d43   Thumb Code     0  startup_stm32f407xx.o(.text)
    DMA1_Stream0_IRQHandler                  0x08007d43   Thumb Code     0  startup_stm32f407xx.o(.text)
    DMA1_Stream1_IRQHandler                  0x08007d43   Thumb Code     0  startup_stm32f407xx.o(.text)
    DMA1_Stream2_IRQHandler                  0x08007d43   Thumb Code     0  startup_stm32f407xx.o(.text)
    DMA1_Stream3_IRQHandler                  0x08007d43   Thumb Code     0  startup_stm32f407xx.o(.text)
    DMA1_Stream4_IRQHandler                  0x08007d43   Thumb Code     0  startup_stm32f407xx.o(.text)
    DMA1_Stream5_IRQHandler                  0x08007d43   Thumb Code     0  startup_stm32f407xx.o(.text)
    DMA1_Stream6_IRQHandler                  0x08007d43   Thumb Code     0  startup_stm32f407xx.o(.text)
    DMA1_Stream7_IRQHandler                  0x08007d43   Thumb Code     0  startup_stm32f407xx.o(.text)
    DMA2_Stream0_IRQHandler                  0x08007d43   Thumb Code     0  startup_stm32f407xx.o(.text)
    DMA2_Stream1_IRQHandler                  0x08007d43   Thumb Code     0  startup_stm32f407xx.o(.text)
    DMA2_Stream2_IRQHandler                  0x08007d43   Thumb Code     0  startup_stm32f407xx.o(.text)
    DMA2_Stream3_IRQHandler                  0x08007d43   Thumb Code     0  startup_stm32f407xx.o(.text)
    DMA2_Stream4_IRQHandler                  0x08007d43   Thumb Code     0  startup_stm32f407xx.o(.text)
    DMA2_Stream5_IRQHandler                  0x08007d43   Thumb Code     0  startup_stm32f407xx.o(.text)
    DMA2_Stream6_IRQHandler                  0x08007d43   Thumb Code     0  startup_stm32f407xx.o(.text)
    DMA2_Stream7_IRQHandler                  0x08007d43   Thumb Code     0  startup_stm32f407xx.o(.text)
    ETH_IRQHandler                           0x08007d43   Thumb Code     0  startup_stm32f407xx.o(.text)
    ETH_WKUP_IRQHandler                      0x08007d43   Thumb Code     0  startup_stm32f407xx.o(.text)
    EXTI15_10_IRQHandler                     0x08007d43   Thumb Code     0  startup_stm32f407xx.o(.text)
    EXTI1_IRQHandler                         0x08007d43   Thumb Code     0  startup_stm32f407xx.o(.text)
    EXTI2_IRQHandler                         0x08007d43   Thumb Code     0  startup_stm32f407xx.o(.text)
    EXTI3_IRQHandler                         0x08007d43   Thumb Code     0  startup_stm32f407xx.o(.text)
    EXTI4_IRQHandler                         0x08007d43   Thumb Code     0  startup_stm32f407xx.o(.text)
    EXTI9_5_IRQHandler                       0x08007d43   Thumb Code     0  startup_stm32f407xx.o(.text)
    FLASH_IRQHandler                         0x08007d43   Thumb Code     0  startup_stm32f407xx.o(.text)
    FMC_IRQHandler                           0x08007d43   Thumb Code     0  startup_stm32f407xx.o(.text)
    FPU_IRQHandler                           0x08007d43   Thumb Code     0  startup_stm32f407xx.o(.text)
    HASH_RNG_IRQHandler                      0x08007d43   Thumb Code     0  startup_stm32f407xx.o(.text)
    I2C1_ER_IRQHandler                       0x08007d43   Thumb Code     0  startup_stm32f407xx.o(.text)
    I2C1_EV_IRQHandler                       0x08007d43   Thumb Code     0  startup_stm32f407xx.o(.text)
    I2C2_ER_IRQHandler                       0x08007d43   Thumb Code     0  startup_stm32f407xx.o(.text)
    I2C2_EV_IRQHandler                       0x08007d43   Thumb Code     0  startup_stm32f407xx.o(.text)
    I2C3_ER_IRQHandler                       0x08007d43   Thumb Code     0  startup_stm32f407xx.o(.text)
    I2C3_EV_IRQHandler                       0x08007d43   Thumb Code     0  startup_stm32f407xx.o(.text)
    OTG_FS_IRQHandler                        0x08007d43   Thumb Code     0  startup_stm32f407xx.o(.text)
    OTG_FS_WKUP_IRQHandler                   0x08007d43   Thumb Code     0  startup_stm32f407xx.o(.text)
    OTG_HS_EP1_IN_IRQHandler                 0x08007d43   Thumb Code     0  startup_stm32f407xx.o(.text)
    OTG_HS_EP1_OUT_IRQHandler                0x08007d43   Thumb Code     0  startup_stm32f407xx.o(.text)
    OTG_HS_IRQHandler                        0x08007d43   Thumb Code     0  startup_stm32f407xx.o(.text)
    OTG_HS_WKUP_IRQHandler                   0x08007d43   Thumb Code     0  startup_stm32f407xx.o(.text)
    PVD_IRQHandler                           0x08007d43   Thumb Code     0  startup_stm32f407xx.o(.text)
    RCC_IRQHandler                           0x08007d43   Thumb Code     0  startup_stm32f407xx.o(.text)
    RTC_Alarm_IRQHandler                     0x08007d43   Thumb Code     0  startup_stm32f407xx.o(.text)
    RTC_WKUP_IRQHandler                      0x08007d43   Thumb Code     0  startup_stm32f407xx.o(.text)
    SDIO_IRQHandler                          0x08007d43   Thumb Code     0  startup_stm32f407xx.o(.text)
    SPI1_IRQHandler                          0x08007d43   Thumb Code     0  startup_stm32f407xx.o(.text)
    SPI2_IRQHandler                          0x08007d43   Thumb Code     0  startup_stm32f407xx.o(.text)
    SPI3_IRQHandler                          0x08007d43   Thumb Code     0  startup_stm32f407xx.o(.text)
    TAMP_STAMP_IRQHandler                    0x08007d43   Thumb Code     0  startup_stm32f407xx.o(.text)
    TIM1_BRK_TIM9_IRQHandler                 0x08007d43   Thumb Code     0  startup_stm32f407xx.o(.text)
    TIM1_CC_IRQHandler                       0x08007d43   Thumb Code     0  startup_stm32f407xx.o(.text)
    TIM1_TRG_COM_TIM11_IRQHandler            0x08007d43   Thumb Code     0  startup_stm32f407xx.o(.text)
    TIM1_UP_TIM10_IRQHandler                 0x08007d43   Thumb Code     0  startup_stm32f407xx.o(.text)
    TIM3_IRQHandler                          0x08007d43   Thumb Code     0  startup_stm32f407xx.o(.text)
    TIM4_IRQHandler                          0x08007d43   Thumb Code     0  startup_stm32f407xx.o(.text)
    TIM5_IRQHandler                          0x08007d43   Thumb Code     0  startup_stm32f407xx.o(.text)
    TIM6_DAC_IRQHandler                      0x08007d43   Thumb Code     0  startup_stm32f407xx.o(.text)
    TIM7_IRQHandler                          0x08007d43   Thumb Code     0  startup_stm32f407xx.o(.text)
    TIM8_BRK_TIM12_IRQHandler                0x08007d43   Thumb Code     0  startup_stm32f407xx.o(.text)
    TIM8_CC_IRQHandler                       0x08007d43   Thumb Code     0  startup_stm32f407xx.o(.text)
    TIM8_TRG_COM_TIM14_IRQHandler            0x08007d43   Thumb Code     0  startup_stm32f407xx.o(.text)
    TIM8_UP_TIM13_IRQHandler                 0x08007d43   Thumb Code     0  startup_stm32f407xx.o(.text)
    UART4_IRQHandler                         0x08007d43   Thumb Code     0  startup_stm32f407xx.o(.text)
    UART5_IRQHandler                         0x08007d43   Thumb Code     0  startup_stm32f407xx.o(.text)
    USART1_IRQHandler                        0x08007d43   Thumb Code     0  startup_stm32f407xx.o(.text)
    USART2_IRQHandler                        0x08007d43   Thumb Code     0  startup_stm32f407xx.o(.text)
    USART3_IRQHandler                        0x08007d43   Thumb Code     0  startup_stm32f407xx.o(.text)
    USART6_IRQHandler                        0x08007d43   Thumb Code     0  startup_stm32f407xx.o(.text)
    WWDG_IRQHandler                          0x08007d43   Thumb Code     0  startup_stm32f407xx.o(.text)
    SystemInit                               0x08007d4d   Thumb Code    82  system_stm32f4xx.o(.text)
    SystemCoreClockUpdate                    0x08007d9f   Thumb Code   174  system_stm32f4xx.o(.text)
    __aeabi_memcpy                           0x08007e6d   Thumb Code    36  memcpya.o(.text)
    __aeabi_memcpy4                          0x08007e6d   Thumb Code     0  memcpya.o(.text)
    __aeabi_memcpy8                          0x08007e6d   Thumb Code     0  memcpya.o(.text)
    __aeabi_dmul                             0x08007e91   Thumb Code   228  dmul.o(.text)
    __aeabi_ddiv                             0x08007f75   Thumb Code   222  ddiv.o(.text)
    __aeabi_ui2d                             0x08008053   Thumb Code    26  dfltui.o(.text)
    __aeabi_d2uiz                            0x0800806d   Thumb Code    50  dfixui.o(.text)
    __aeabi_f2d                              0x0800809f   Thumb Code    38  f2d.o(.text)
    __aeabi_d2f                              0x080080c5   Thumb Code    56  d2f.o(.text)
    __aeabi_llsl                             0x080080fd   Thumb Code    30  llshl.o(.text)
    _ll_shift_l                              0x080080fd   Thumb Code     0  llshl.o(.text)
    __aeabi_llsr                             0x0800811b   Thumb Code    32  llushr.o(.text)
    _ll_ushift_r                             0x0800811b   Thumb Code     0  llushr.o(.text)
    __I$use$fp                               0x0800813b   Thumb Code     0  iusefp.o(.text)
    _float_round                             0x0800813b   Thumb Code    18  fepilogue.o(.text)
    _float_epilogue                          0x0800814d   Thumb Code    92  fepilogue.o(.text)
    _double_round                            0x080081a9   Thumb Code    30  depilogue.o(.text)
    _double_epilogue                         0x080081c7   Thumb Code   156  depilogue.o(.text)
    __scatterload                            0x08008265   Thumb Code    28  init.o(.text)
    __scatterload_rt2                        0x08008265   Thumb Code     0  init.o(.text)
    SVC_Count                                0x08008288   Data           4  svc_table.o(SVC_TABLE)
    SVC_Table                                0x0800828c   Data           0  svc_table.o(SVC_TABLE)
    __0printf$bare                           0x0800828d   Thumb Code     8  printfb.o(i.__0printf$bare)
    __1printf$bare                           0x0800828d   Thumb Code     0  printfb.o(i.__0printf$bare)
    __2printf                                0x0800828d   Thumb Code     0  printfb.o(i.__0printf$bare)
    __scatterload_copy                       0x0800829d   Thumb Code    14  handlers.o(i.__scatterload_copy)
    __scatterload_null                       0x080082ab   Thumb Code     2  handlers.o(i.__scatterload_null)
    __scatterload_zeroinit                   0x080082ad   Thumb Code    14  handlers.o(i.__scatterload_zeroinit)
    _init_box                                0x080082bb   Thumb Code    70  rt_membox.o(i._init_box)
    dbg_init                                 0x08008325   Thumb Code    34  hal_cm.o(i.dbg_init)
    dbg_task_notify                          0x08008355   Thumb Code    32  hal_cm.o(i.dbg_task_notify)
    dbg_task_switch                          0x08008375   Thumb Code    16  hal_cm.o(i.dbg_task_switch)
    isrMessageGet                            0x08008385   Thumb Code    42  rt_cmsis.o(i.isrMessageGet)
    isrMessagePut                            0x080083af   Thumb Code    44  rt_cmsis.o(i.isrMessagePut)
    isrSemaphoreRelease                      0x080083db   Thumb Code    40  rt_cmsis.o(i.isrSemaphoreRelease)
    isr_mbx_receive                          0x08008405   Thumb Code    86  rt_mailbox.o(i.isr_mbx_receive)
    isr_mbx_send                             0x0800845b   Thumb Code    14  rt_mailbox.o(i.isr_mbx_send)
    isr_sem_send                             0x08008469   Thumb Code    16  rt_semaphore.o(i.isr_sem_send)
    osDelay                                  0x08008479   Thumb Code    18  rt_cmsis.o(i.osDelay)
    osKernelInitialize                       0x08008491   Thumb Code    30  rt_cmsis.o(i.osKernelInitialize)
    osKernelStart                            0x080084b5   Thumb Code    98  rt_cmsis.o(i.osKernelStart)
    osMessageGet                             0x08008521   Thumb Code    18  rt_cmsis.o(i.osMessageGet)
    osSemaphoreCreate                        0x08008539   Thumb Code    36  rt_cmsis.o(i.osSemaphoreCreate)
    osSemaphoreRelease                       0x08008565   Thumb Code    18  rt_cmsis.o(i.osSemaphoreRelease)
    osSemaphoreWait                          0x0800857d   Thumb Code    20  rt_cmsis.o(i.osSemaphoreWait)
    osThreadCreate                           0x08008595   Thumb Code    36  rt_cmsis.o(i.osThreadCreate)
    osThreadExit                             0x080085c1   Thumb Code    14  rt_cmsis.o(i.osThreadExit)
    osTimerCall                              0x080085d9   Thumb Code     8  rt_cmsis.o(i.osTimerCall)
    osTimerThread                            0x080085e5   Thumb Code    38  rt_cmsis.o(i.osTimerThread)
    os_tick_init                             0x08008611   Thumb Code    32  rt_system.o(i.os_tick_init)
    os_tick_irqack                           0x08008639   Thumb Code     2  rt_system.o(i.os_tick_irqack)
    rt_alloc_box                             0x0800863b   Thumb Code    26  rt_membox.o(i.rt_alloc_box)
    rt_alloc_mem                             0x08008655   Thumb Code    62  rt_memory.o(i.rt_alloc_mem)
    rt_block                                 0x08008695   Thumb Code    48  rt_task.o(i.rt_block)
    rt_chk_robin                             0x080086cd   Thumb Code    60  rt_robin.o(i.rt_chk_robin)
    rt_dec_dly                               0x08008715   Thumb Code   102  rt_list.o(i.rt_dec_dly)
    rt_dispatch                              0x08008785   Thumb Code    60  rt_task.o(i.rt_dispatch)
    rt_dly_wait                              0x080087c9   Thumb Code     6  rt_time.o(i.rt_dly_wait)
    rt_evt_psh                               0x080087d1   Thumb Code    76  rt_event.o(i.rt_evt_psh)
    rt_free_box                              0x08008821   Thumb Code    44  rt_membox.o(i.rt_free_box)
    rt_free_mem                              0x0800884d   Thumb Code    40  rt_memory.o(i.rt_free_mem)
    rt_get_first                             0x08008875   Thumb Code    40  rt_list.o(i.rt_get_first)
    rt_init_mem                              0x080088ed   Thumb Code    26  rt_memory.o(i.rt_init_mem)
    rt_init_robin                            0x08008909   Thumb Code    14  rt_robin.o(i.rt_init_robin)
    rt_init_stack                            0x08008921   Thumb Code   118  hal_cm.o(i.rt_init_stack)
    rt_mbx_check                             0x080089a1   Thumb Code     8  rt_mailbox.o(i.rt_mbx_check)
    rt_mbx_init                              0x080089a9   Thumb Code    26  rt_mailbox.o(i.rt_mbx_init)
    rt_mbx_psh                               0x080089c5   Thumb Code   236  rt_mailbox.o(i.rt_mbx_psh)
    rt_mbx_wait                              0x08008ab5   Thumb Code   174  rt_mailbox.o(i.rt_mbx_wait)
    rt_pop_req                               0x08008bad   Thumb Code   112  rt_system.o(i.rt_pop_req)
    rt_psh_req                               0x08008c29   Thumb Code    22  rt_system.o(i.rt_psh_req)
    rt_psq_enq                               0x08008c49   Thumb Code    88  rt_list.o(i.rt_psq_enq)
    rt_put_dly                               0x08008ca5   Thumb Code    68  rt_list.o(i.rt_put_dly)
    rt_put_prio                              0x08008ced   Thumb Code    54  rt_list.o(i.rt_put_prio)
    rt_put_rdy_first                         0x08008d25   Thumb Code    14  rt_list.o(i.rt_put_rdy_first)
    rt_resort_prio                           0x08008d39   Thumb Code    46  rt_list.o(i.rt_resort_prio)
    rt_ret_val                               0x08008d7d   Thumb Code    12  hal_cm.o(i.rt_ret_val)
    rt_ret_val2                              0x08008d89   Thumb Code    16  hal_cm.o(i.rt_ret_val2)
    rt_rmv_dly                               0x08008d99   Thumb Code    40  rt_list.o(i.rt_rmv_dly)
    rt_rmv_list                              0x08008dc1   Thumb Code    44  rt_list.o(i.rt_rmv_list)
    rt_sem_init                              0x08008df1   Thumb Code    12  rt_semaphore.o(i.rt_sem_init)
    rt_sem_psh                               0x08008dfd   Thumb Code    48  rt_semaphore.o(i.rt_sem_psh)
    rt_sem_send                              0x08008e31   Thumb Code    42  rt_semaphore.o(i.rt_sem_send)
    rt_sem_wait                              0x08008e5d   Thumb Code    58  rt_semaphore.o(i.rt_sem_wait)
    rt_stk_check                             0x08008e9d   Thumb Code    28  rt_system.o(i.rt_stk_check)
    rt_switch_req                            0x08008ec1   Thumb Code    30  rt_task.o(i.rt_switch_req)
    rt_sys_init                              0x08008ee9   Thumb Code   138  rt_task.o(i.rt_sys_init)
    rt_sys_start                             0x08008fb5   Thumb Code   110  rt_task.o(i.rt_sys_start)
    rt_systick                               0x0800902d   Thumb Code    50  rt_system.o(i.rt_systick)
    rt_tsk_create                            0x080090b5   Thumb Code   118  rt_task.o(i.rt_tsk_create)
    rt_tsk_delete                            0x0800913d   Thumb Code   352  rt_task.o(i.rt_tsk_delete)
    rt_tsk_prio                              0x080092b9   Thumb Code   108  rt_task.o(i.rt_tsk_prio)
    rt_tsk_self                              0x08009335   Thumb Code    12  rt_task.o(i.rt_tsk_self)
    svcDelay                                 0x08009345   Thumb Code    18  rt_cmsis.o(i.svcDelay)
    svcKernelInitialize                      0x08009359   Thumb Code    80  rt_cmsis.o(i.svcKernelInitialize)
    svcKernelStart                           0x080093c9   Thumb Code    62  rt_cmsis.o(i.svcKernelStart)
    svcMessageCreate                         0x08009411   Thumb Code    36  rt_cmsis.o(i.svcMessageCreate)
    svcMessageGet                            0x08009435   Thumb Code    58  rt_cmsis.o(i.svcMessageGet)
    svcSemaphoreCreate                       0x0800946f   Thumb Code    36  rt_cmsis.o(i.svcSemaphoreCreate)
    svcSemaphoreRelease                      0x08009493   Thumb Code    40  rt_cmsis.o(i.svcSemaphoreRelease)
    svcSemaphoreWait                         0x080094bb   Thumb Code    50  rt_cmsis.o(i.svcSemaphoreWait)
    svcThreadCreate                          0x080094ed   Thumb Code    96  rt_cmsis.o(i.svcThreadCreate)
    svcThreadGetId                           0x08009559   Thumb Code    22  rt_cmsis.o(i.svcThreadGetId)
    svcThreadTerminate                       0x08009575   Thumb Code    50  rt_cmsis.o(i.svcThreadTerminate)
    svcTimerCall                             0x080095ad   Thumb Code    24  rt_cmsis.o(i.svcTimerCall)
    sysTimerTick                             0x080095c5   Thumb Code    84  rt_cmsis.o(i.sysTimerTick)
    os_semaphore_def_semaphore               0x08009620   Data           4  thread.o(.constdata)
    os_thread_def_thread1                    0x08009624   Data          16  thread.o(.constdata)
    os_thread_def_thread2                    0x08009634   Data          16  thread.o(.constdata)
    os_maxtaskrun                            0x08009644   Data           2  rtx_conf_cm.o(.constdata)
    os_stackinfo                             0x08009648   Data           4  rtx_conf_cm.o(.constdata)
    os_rrobin                                0x0800964c   Data           4  rtx_conf_cm.o(.constdata)
    os_tickfreq                              0x08009650   Data           4  rtx_conf_cm.o(.constdata)
    os_tickus_i                              0x08009654   Data           2  rtx_conf_cm.o(.constdata)
    os_tickus_f                              0x08009656   Data           2  rtx_conf_cm.o(.constdata)
    os_trv                                   0x08009658   Data           4  rtx_conf_cm.o(.constdata)
    os_flags                                 0x0800965c   Data           1  rtx_conf_cm.o(.constdata)
    CMSIS_RTOS_API_Version                   0x08009660   Data           4  rtx_conf_cm.o(.constdata)
    CMSIS_RTOS_RTX_Version                   0x08009664   Data           4  rtx_conf_cm.o(.constdata)
    os_clockrate                             0x08009668   Data           4  rtx_conf_cm.o(.constdata)
    os_timernum                              0x0800966c   Data           4  rtx_conf_cm.o(.constdata)
    mp_tcb_size                              0x08009670   Data           2  rtx_conf_cm.o(.constdata)
    mp_stk_size                              0x08009674   Data           4  rtx_conf_cm.o(.constdata)
    os_stack_sz                              0x08009678   Data           4  rtx_conf_cm.o(.constdata)
    os_fifo_size                             0x0800967c   Data           1  rtx_conf_cm.o(.constdata)
    os_thread_def_osTimerThread              0x08009680   Data          16  rtx_conf_cm.o(.constdata)
    os_messageQ_def_osTimerMessageQ          0x08009690   Data           8  rtx_conf_cm.o(.constdata)
    mp_tmr_size                              0x08009698   Data           2  rtx_conf_cm.o(.constdata)
    os_thread_def_main                       0x0800969c   Data          16  rtx_conf_cm.o(.constdata)
    APBAHBPrescTable                         0x080096b4   Data          16  stm32f4xx_hal_rcc.o(.constdata)
    AHBPrescTable                            0x080096c4   Data          16  system_stm32f4xx.o(.constdata)
    Region$$Table$$Base                      0x080096d4   Number         0  anon$$obj.o(Region$$Table)
    Region$$Table$$Limit                     0x080096f4   Number         0  anon$$obj.o(Region$$Table)
    tid_thread1                              0x20000000   Data           4  thread.o(.data)
    tid_thread2                              0x20000004   Data           4  thread.o(.data)
    semaphore                                0x20000008   Data           4  thread.o(.data)
    os_semaphore_cb_semaphore                0x2000000c   Data           8  thread.o(.data)
    digitIndex                               0x20000014   Data           4  thread.o(.data)
    Acc_instance                             0x20000018   Data           6  thread.o(.data)
    finalAccX                                0x20000020   Data           4  thread.o(.data)
    finalAccY                                0x20000024   Data           4  thread.o(.data)
    finalAccZ                                0x20000028   Data           4  thread.o(.data)
    accX                                     0x2000002c   Data           4  filter.o(.data)
    accY                                     0x20000030   Data           4  filter.o(.data)
    accZ                                     0x20000034   Data           4  filter.o(.data)
    acc11                                    0x20000038   Data           4  filter.o(.data)
    acc12                                    0x2000003c   Data           4  filter.o(.data)
    acc13                                    0x20000040   Data           4  filter.o(.data)
    acc10                                    0x20000044   Data           4  filter.o(.data)
    acc21                                    0x20000048   Data           4  filter.o(.data)
    acc22                                    0x2000004c   Data           4  filter.o(.data)
    acc23                                    0x20000050   Data           4  filter.o(.data)
    acc20                                    0x20000054   Data           4  filter.o(.data)
    acc31                                    0x20000058   Data           4  filter.o(.data)
    acc32                                    0x2000005c   Data           4  filter.o(.data)
    acc33                                    0x20000060   Data           4  filter.o(.data)
    acc30                                    0x20000064   Data           4  filter.o(.data)
    normalizedAccX                           0x20000068   Data           4  filter.o(.data)
    normalizedAccY                           0x2000006c   Data           4  filter.o(.data)
    normalizedAccZ                           0x20000070   Data           4  filter.o(.data)
    outputAccX                               0x20000074   Data           8  filter.o(.data)
    outputAccY                               0x2000007c   Data           8  filter.o(.data)
    outputAccZ                               0x20000084   Data           8  filter.o(.data)
    b0                                       0x2000008c   Data           4  filter.o(.data)
    b1                                       0x20000090   Data           4  filter.o(.data)
    b2                                       0x20000094   Data           4  filter.o(.data)
    a1                                       0x20000098   Data           4  filter.o(.data)
    a2                                       0x2000009c   Data           4  filter.o(.data)
    LIS3DSHTimeout                           0x200000a0   Data           4  lis3dsh_1.o(.data)
    osThreadId_osTimerThread                 0x200000a4   Data           4  rtx_conf_cm.o(.data)
    osMessageQId_osTimerMessageQ             0x200000a8   Data           4  rtx_conf_cm.o(.data)
    os_tmr                                   0x200000ac   Data           4  rtx_conf_cm.o(.data)
    m_tmr                                    0x200000b0   Data           4  rtx_conf_cm.o(.data)
    SystemCoreClock                          0x200000b8   Data           4  system_stm32f4xx.o(.data)
    os_initialized                           0x200000bc   Data           1  rt_cmsis.o(.data)
    os_running                               0x200000bd   Data           1  rt_cmsis.o(.data)
    os_timer_head                            0x200000c0   Data           4  rt_cmsis.o(.data)
    os_time                                  0x200000c4   Data           4  rt_time.o(.data)
    os_tsk                                   0x200000c8   Data           8  rt_task.o(.data)
    os_tick_irqn                             0x200000d4   Data           4  rt_system.o(.data)
    dbg_msg                                  0x200000d8   Data           1  hal_cm.o(.data)
    os_robin                                 0x200000dc   Data           8  rt_robin.o(.data)
    __stdout                                 0x200000e4   Data           4  stdout.o(.data)
    digit                                    0x200000e8   Data          16  thread.o(.bss)
    LED_configuration                        0x200000f8   Data          20  thread.o(.bss)
    inputAccX                                0x2000010c   Data          12  filter.o(.bss)
    inputAccY                                0x20000118   Data          12  filter.o(.bss)
    inputAccZ                                0x20000124   Data          12  filter.o(.bss)
    finalAcc                                 0x20000130   Data          12  filter.o(.bss)
    htim2                                    0x2000013c   Data          60  tim.o(.bss)
    htim4                                    0x20000178   Data          60  tim.o(.bss)
    TIM4_ConfigHandler                       0x200001b4   Data          28  tim.o(.bss)
    SpiHandle                                0x200001d0   Data          88  lis3dsh_1.o(.bss)
    mp_tcb                                   0x20000228   Data         272  rtx_conf_cm.o(.bss)
    mp_stk                                   0x20000338   Data        3216  rtx_conf_cm.o(.bss)
    os_stack_mem                             0x20000fc8   Data        1256  rtx_conf_cm.o(.bss)
    os_fifo                                  0x200014b0   Data         132  rtx_conf_cm.o(.bss)
    os_active_TCB                            0x20001534   Data          20  rtx_conf_cm.o(.bss)
    os_messageQ_q_osTimerMessageQ            0x20001548   Data          32  rtx_conf_cm.o(.bss)
    os_idle_TCB                              0x20001568   Data          52  rt_task.o(.bss)
    os_rdy                                   0x2000159c   Data          24  rt_list.o(.bss)
    os_dly                                   0x200015b4   Data          24  rt_list.o(.bss)
    __initial_sp                             0x200019d0   Data           0  startup_stm32f407xx.o(STACK)



==============================================================================

Memory Map of the image

  Image Entry point : 0x08000189

  Load Region LR_IROM1 (Base: 0x08000000, Size: 0x000097dc, Max: 0x00100000, ABSOLUTE)

    Execution Region ER_IROM1 (Exec base: 0x08000000, Load base: 0x08000000, Size: 0x000096f4, Max: 0x00100000, ABSOLUTE)

    Exec Addr    Load Addr    Size         Type   Attr      Idx    E Section Name        Object

    0x08000000   0x08000000   0x00000188   Data   RO          847    RESET               startup_stm32f407xx.o
    0x08000188   0x08000188   0x00000000   Code   RO         2096  * .ARM.Collect$$$$00000000  mc_w.l(entry.o)
    0x08000188   0x08000188   0x00000004   Code   RO         2377    .ARM.Collect$$$$00000001  mc_w.l(entry2.o)
    0x0800018c   0x0800018c   0x00000004   Code   RO         2380    .ARM.Collect$$$$00000004  mc_w.l(entry5.o)
    0x08000190   0x08000190   0x00000000   Code   RO         2382    .ARM.Collect$$$$00000008  mc_w.l(entry7b.o)
    0x08000190   0x08000190   0x00000000   Code   RO         2384    .ARM.Collect$$$$0000000A  mc_w.l(entry8b.o)
    0x08000190   0x08000190   0x00000000   Code   RO         2385    .ARM.Collect$$$$0000000D  mc_w.l(entry10a.o)
    0x08000190   0x08000190   0x00000000   Code   RO         2387    .ARM.Collect$$$$0000000F  mc_w.l(entry11a.o)
    0x08000190   0x08000190   0x00000018   Code   RO          446    .ARM.Collect$$$$000000FF  rtx_conf_cm.o
    0x080001a8   0x080001a8   0x00000004   Code   RO         2378    .ARM.Collect$$$$00002712  mc_w.l(entry2.o)
    0x080001ac   0x080001ac   0x00000198   Code   RO         2083    .emb_text           RTX_CM4.lib(hal_cm4.o)
    0x08000344   0x08000344   0x000000c4   Code   RO            4    .text               main.o
    0x08000408   0x08000408   0x000001a4   Code   RO          153    .text               thread.o
    0x080005ac   0x080005ac   0x00000328   Code   RO          201    .text               filter.o
    0x080008d4   0x080008d4   0x00000038   Code   RO          229    .text               fput_debug.o
    0x0800090c   0x0800090c   0x00000284   Code   RO          257    .text               gpio.o
    0x08000b90   0x08000b90   0x00000440   Code   RO          311    .text               leddisplay.o
    0x08000fd0   0x08000fd0   0x00000014   Code   RO          335    .text               stm32f4xx_hal_msp.o
    0x08000fe4   0x08000fe4   0x00000018   Code   RO          359    .text               stm32f4xx_it.o
    0x08000ffc   0x08000ffc   0x000002d0   Code   RO          390    .text               tim.o
    0x080012cc   0x080012cc   0x000005c0   Code   RO          421    .text               lis3dsh_1.o
    0x0800188c   0x0800188c   0x00000026   Code   RO          447    .text               rtx_conf_cm.o
    0x080018b2   0x080018b2   0x00000002   PAD
    0x080018b4   0x080018b4   0x000001b0   Code   RO          478    .text               stm32f4xx_hal.o
    0x08001a64   0x08001a64   0x00000374   Code   RO          540    .text               stm32f4xx_hal_cortex.o
    0x08001dd8   0x08001dd8   0x00000618   Code   RO          568    .text               stm32f4xx_hal_dma.o
    0x080023f0   0x080023f0   0x000003cc   Code   RO          617    .text               stm32f4xx_hal_gpio.o
    0x080027bc   0x080027bc   0x00000a4c   Code   RO          689    .text               stm32f4xx_hal_rcc.o
    0x08003208   0x08003208   0x00001598   Code   RO          740    .text               stm32f4xx_hal_spi.o
    0x080047a0   0x080047a0   0x00002800   Code   RO          764    .text               stm32f4xx_hal_tim.o
    0x08006fa0   0x08006fa0   0x00000d88   Code   RO          788    .text               stm32f4xx_hal_tim_ex.o
    0x08007d28   0x08007d28   0x00000024   Code   RO          848    .text               startup_stm32f407xx.o
    0x08007d4c   0x08007d4c   0x00000120   Code   RO          855    .text               system_stm32f4xx.o
    0x08007e6c   0x08007e6c   0x00000024   Code   RO         2101    .text               mc_w.l(memcpya.o)
    0x08007e90   0x08007e90   0x000000e4   Code   RO         2365    .text               mf_w.l(dmul.o)
    0x08007f74   0x08007f74   0x000000de   Code   RO         2367    .text               mf_w.l(ddiv.o)
    0x08008052   0x08008052   0x0000001a   Code   RO         2369    .text               mf_w.l(dfltui.o)
    0x0800806c   0x0800806c   0x00000032   Code   RO         2371    .text               mf_w.l(dfixui.o)
    0x0800809e   0x0800809e   0x00000026   Code   RO         2373    .text               mf_w.l(f2d.o)
    0x080080c4   0x080080c4   0x00000038   Code   RO         2375    .text               mf_w.l(d2f.o)
    0x080080fc   0x080080fc   0x0000001e   Code   RO         2392    .text               mc_w.l(llshl.o)
    0x0800811a   0x0800811a   0x00000020   Code   RO         2394    .text               mc_w.l(llushr.o)
    0x0800813a   0x0800813a   0x00000000   Code   RO         2396    .text               mc_w.l(iusefp.o)
    0x0800813a   0x0800813a   0x0000006e   Code   RO         2397    .text               mf_w.l(fepilogue.o)
    0x080081a8   0x080081a8   0x000000ba   Code   RO         2399    .text               mf_w.l(depilogue.o)
    0x08008262   0x08008262   0x00000002   PAD
    0x08008264   0x08008264   0x00000024   Code   RO         2407    .text               mc_w.l(init.o)
    0x08008288   0x08008288   0x00000004   Code   RO         2093    SVC_TABLE           RTX_CM4.lib(svc_table.o)
    0x0800828c   0x0800828c   0x00000010   Code   RO         2106    i.__0printf$bare    mc_w.l(printfb.o)
    0x0800829c   0x0800829c   0x0000000e   Code   RO         2413    i.__scatterload_copy  mc_w.l(handlers.o)
    0x080082aa   0x080082aa   0x00000002   Code   RO         2414    i.__scatterload_null  mc_w.l(handlers.o)
    0x080082ac   0x080082ac   0x0000000e   Code   RO         2415    i.__scatterload_zeroinit  mc_w.l(handlers.o)
    0x080082ba   0x080082ba   0x00000046   Code   RO         1956    i._init_box         RTX_CM4.lib(rt_membox.o)
    0x08008300   0x08008300   0x00000022   Code   RO         2113    i._printf_core      mc_w.l(printfb.o)
    0x08008322   0x08008322   0x00000002   PAD
    0x08008324   0x08008324   0x00000030   Code   RO         2009    i.dbg_init          RTX_CM4.lib(hal_cm.o)
    0x08008354   0x08008354   0x00000020   Code   RO         2010    i.dbg_task_notify   RTX_CM4.lib(hal_cm.o)
    0x08008374   0x08008374   0x00000010   Code   RO         2011    i.dbg_task_switch   RTX_CM4.lib(hal_cm.o)
    0x08008384   0x08008384   0x0000002a   Code   RO          886    i.isrMessageGet     RTX_CM4.lib(rt_cmsis.o)
    0x080083ae   0x080083ae   0x0000002c   Code   RO          887    i.isrMessagePut     RTX_CM4.lib(rt_cmsis.o)
    0x080083da   0x080083da   0x00000028   Code   RO          888    i.isrSemaphoreRelease  RTX_CM4.lib(rt_cmsis.o)
    0x08008402   0x08008402   0x00000002   PAD
    0x08008404   0x08008404   0x00000056   Code   RO         1835    i.isr_mbx_receive   RTX_CM4.lib(rt_mailbox.o)
    0x0800845a   0x0800845a   0x0000000e   Code   RO         1836    i.isr_mbx_send      RTX_CM4.lib(rt_mailbox.o)
    0x08008468   0x08008468   0x00000010   Code   RO         1883    i.isr_sem_send      RTX_CM4.lib(rt_semaphore.o)
    0x08008478   0x08008478   0x00000018   Code   RO          890    i.osDelay           RTX_CM4.lib(rt_cmsis.o)
    0x08008490   0x08008490   0x00000024   Code   RO          891    i.osKernelInitialize  RTX_CM4.lib(rt_cmsis.o)
    0x080084b4   0x080084b4   0x0000006c   Code   RO          893    i.osKernelStart     RTX_CM4.lib(rt_cmsis.o)
    0x08008520   0x08008520   0x00000018   Code   RO          902    i.osMessageGet      RTX_CM4.lib(rt_cmsis.o)
    0x08008538   0x08008538   0x0000002c   Code   RO          912    i.osSemaphoreCreate  RTX_CM4.lib(rt_cmsis.o)
    0x08008564   0x08008564   0x00000018   Code   RO          914    i.osSemaphoreRelease  RTX_CM4.lib(rt_cmsis.o)
    0x0800857c   0x0800857c   0x00000018   Code   RO          915    i.osSemaphoreWait   RTX_CM4.lib(rt_cmsis.o)
    0x08008594   0x08008594   0x0000002c   Code   RO          919    i.osThreadCreate    RTX_CM4.lib(rt_cmsis.o)
    0x080085c0   0x080085c0   0x00000018   Code   RO          920    i.osThreadExit      RTX_CM4.lib(rt_cmsis.o)
    0x080085d8   0x080085d8   0x0000000c   Code   RO          926    i.osTimerCall       RTX_CM4.lib(rt_cmsis.o)
    0x080085e4   0x080085e4   0x0000002c   Code   RO          931    i.osTimerThread     RTX_CM4.lib(rt_cmsis.o)
    0x08008610   0x08008610   0x00000028   Code   RO         1623    i.os_tick_init      RTX_CM4.lib(rt_system.o)
    0x08008638   0x08008638   0x00000002   Code   RO         1624    i.os_tick_irqack    RTX_CM4.lib(rt_system.o)
    0x0800863a   0x0800863a   0x0000001a   Code   RO         1957    i.rt_alloc_box      RTX_CM4.lib(rt_membox.o)
    0x08008654   0x08008654   0x0000003e   Code   RO         1985    i.rt_alloc_mem      RTX_CM4.lib(rt_memory.o)
    0x08008692   0x08008692   0x00000002   PAD
    0x08008694   0x08008694   0x00000038   Code   RO         1538    i.rt_block          RTX_CM4.lib(rt_task.o)
    0x080086cc   0x080086cc   0x00000048   Code   RO         2062    i.rt_chk_robin      RTX_CM4.lib(rt_robin.o)
    0x08008714   0x08008714   0x00000070   Code   RO         1759    i.rt_dec_dly        RTX_CM4.lib(rt_list.o)
    0x08008784   0x08008784   0x00000044   Code   RO         1539    i.rt_dispatch       RTX_CM4.lib(rt_task.o)
    0x080087c8   0x080087c8   0x00000006   Code   RO         1505    i.rt_dly_wait       RTX_CM4.lib(rt_time.o)
    0x080087ce   0x080087ce   0x00000002   PAD
    0x080087d0   0x080087d0   0x00000050   Code   RO         1716    i.rt_evt_psh        RTX_CM4.lib(rt_event.o)
    0x08008820   0x08008820   0x0000002c   Code   RO         1958    i.rt_free_box       RTX_CM4.lib(rt_membox.o)
    0x0800884c   0x0800884c   0x00000028   Code   RO         1986    i.rt_free_mem       RTX_CM4.lib(rt_memory.o)
    0x08008874   0x08008874   0x00000028   Code   RO         1760    i.rt_get_first      RTX_CM4.lib(rt_list.o)
    0x0800889c   0x0800889c   0x00000008   Code   RO          936    i.rt_id2obj         RTX_CM4.lib(rt_cmsis.o)
    0x080088a4   0x080088a4   0x00000048   Code   RO         1540    i.rt_init_context   RTX_CM4.lib(rt_task.o)
    0x080088ec   0x080088ec   0x0000001a   Code   RO         1987    i.rt_init_mem       RTX_CM4.lib(rt_memory.o)
    0x08008906   0x08008906   0x00000002   PAD
    0x08008908   0x08008908   0x00000018   Code   RO         2063    i.rt_init_robin     RTX_CM4.lib(rt_robin.o)
    0x08008920   0x08008920   0x00000080   Code   RO         2012    i.rt_init_stack     RTX_CM4.lib(hal_cm.o)
    0x080089a0   0x080089a0   0x00000008   Code   RO         1837    i.rt_mbx_check      RTX_CM4.lib(rt_mailbox.o)
    0x080089a8   0x080089a8   0x0000001a   Code   RO         1838    i.rt_mbx_init       RTX_CM4.lib(rt_mailbox.o)
    0x080089c2   0x080089c2   0x00000002   PAD
    0x080089c4   0x080089c4   0x000000f0   Code   RO         1839    i.rt_mbx_psh        RTX_CM4.lib(rt_mailbox.o)
    0x08008ab4   0x08008ab4   0x000000b4   Code   RO         1841    i.rt_mbx_wait       RTX_CM4.lib(rt_mailbox.o)
    0x08008b68   0x08008b68   0x00000044   Code   RO          937    i.rt_ms2tick        RTX_CM4.lib(rt_cmsis.o)
    0x08008bac   0x08008bac   0x0000007c   Code   RO         1627    i.rt_pop_req        RTX_CM4.lib(rt_system.o)
    0x08008c28   0x08008c28   0x00000020   Code   RO         1628    i.rt_psh_req        RTX_CM4.lib(rt_system.o)
    0x08008c48   0x08008c48   0x0000005c   Code   RO         1762    i.rt_psq_enq        RTX_CM4.lib(rt_list.o)
    0x08008ca4   0x08008ca4   0x00000048   Code   RO         1763    i.rt_put_dly        RTX_CM4.lib(rt_list.o)
    0x08008cec   0x08008cec   0x00000036   Code   RO         1764    i.rt_put_prio       RTX_CM4.lib(rt_list.o)
    0x08008d22   0x08008d22   0x00000002   PAD
    0x08008d24   0x08008d24   0x00000014   Code   RO         1765    i.rt_put_rdy_first  RTX_CM4.lib(rt_list.o)
    0x08008d38   0x08008d38   0x00000034   Code   RO         1766    i.rt_resort_prio    RTX_CM4.lib(rt_list.o)
    0x08008d6c   0x08008d6c   0x00000010   Code   RO         2013    i.rt_ret_regs       RTX_CM4.lib(hal_cm.o)
    0x08008d7c   0x08008d7c   0x0000000c   Code   RO         2014    i.rt_ret_val        RTX_CM4.lib(hal_cm.o)
    0x08008d88   0x08008d88   0x00000010   Code   RO         2015    i.rt_ret_val2       RTX_CM4.lib(hal_cm.o)
    0x08008d98   0x08008d98   0x00000028   Code   RO         1767    i.rt_rmv_dly        RTX_CM4.lib(rt_list.o)
    0x08008dc0   0x08008dc0   0x00000030   Code   RO         1768    i.rt_rmv_list       RTX_CM4.lib(rt_list.o)
    0x08008df0   0x08008df0   0x0000000c   Code   RO         1885    i.rt_sem_init       RTX_CM4.lib(rt_semaphore.o)
    0x08008dfc   0x08008dfc   0x00000034   Code   RO         1886    i.rt_sem_psh        RTX_CM4.lib(rt_semaphore.o)
    0x08008e30   0x08008e30   0x0000002a   Code   RO         1887    i.rt_sem_send       RTX_CM4.lib(rt_semaphore.o)
    0x08008e5a   0x08008e5a   0x00000002   PAD
    0x08008e5c   0x08008e5c   0x00000040   Code   RO         1888    i.rt_sem_wait       RTX_CM4.lib(rt_semaphore.o)
    0x08008e9c   0x08008e9c   0x00000024   Code   RO         1630    i.rt_stk_check      RTX_CM4.lib(rt_system.o)
    0x08008ec0   0x08008ec0   0x00000028   Code   RO         1541    i.rt_switch_req     RTX_CM4.lib(rt_task.o)
    0x08008ee8   0x08008ee8   0x000000cc   Code   RO         1542    i.rt_sys_init       RTX_CM4.lib(rt_task.o)
    0x08008fb4   0x08008fb4   0x00000078   Code   RO         1543    i.rt_sys_start      RTX_CM4.lib(rt_task.o)
    0x0800902c   0x0800902c   0x00000040   Code   RO         1632    i.rt_systick        RTX_CM4.lib(rt_system.o)
    0x0800906c   0x0800906c   0x00000012   Code   RO          938    i.rt_tid2ptcb       RTX_CM4.lib(rt_cmsis.o)
    0x0800907e   0x0800907e   0x00000002   PAD
    0x08009080   0x08009080   0x00000034   Code   RO          939    i.rt_timer_insert   RTX_CM4.lib(rt_cmsis.o)
    0x080090b4   0x080090b4   0x00000088   Code   RO         1544    i.rt_tsk_create     RTX_CM4.lib(rt_task.o)
    0x0800913c   0x0800913c   0x0000017c   Code   RO         1545    i.rt_tsk_delete     RTX_CM4.lib(rt_task.o)
    0x080092b8   0x080092b8   0x0000007c   Code   RO         1547    i.rt_tsk_prio       RTX_CM4.lib(rt_task.o)
    0x08009334   0x08009334   0x00000010   Code   RO         1548    i.rt_tsk_self       RTX_CM4.lib(rt_task.o)
    0x08009344   0x08009344   0x00000012   Code   RO          941    i.svcDelay          RTX_CM4.lib(rt_cmsis.o)
    0x08009356   0x08009356   0x00000002   PAD
    0x08009358   0x08009358   0x00000070   Code   RO          942    i.svcKernelInitialize  RTX_CM4.lib(rt_cmsis.o)
    0x080093c8   0x080093c8   0x00000048   Code   RO          944    i.svcKernelStart    RTX_CM4.lib(rt_cmsis.o)
    0x08009410   0x08009410   0x00000024   Code   RO          947    i.svcMessageCreate  RTX_CM4.lib(rt_cmsis.o)
    0x08009434   0x08009434   0x0000003a   Code   RO          948    i.svcMessageGet     RTX_CM4.lib(rt_cmsis.o)
    0x0800946e   0x0800946e   0x00000024   Code   RO          955    i.svcSemaphoreCreate  RTX_CM4.lib(rt_cmsis.o)
    0x08009492   0x08009492   0x00000028   Code   RO          957    i.svcSemaphoreRelease  RTX_CM4.lib(rt_cmsis.o)
    0x080094ba   0x080094ba   0x00000032   Code   RO          958    i.svcSemaphoreWait  RTX_CM4.lib(rt_cmsis.o)
    0x080094ec   0x080094ec   0x0000006c   Code   RO          962    i.svcThreadCreate   RTX_CM4.lib(rt_cmsis.o)
    0x08009558   0x08009558   0x0000001c   Code   RO          963    i.svcThreadGetId    RTX_CM4.lib(rt_cmsis.o)
    0x08009574   0x08009574   0x00000038   Code   RO          966    i.svcThreadTerminate  RTX_CM4.lib(rt_cmsis.o)
    0x080095ac   0x080095ac   0x00000018   Code   RO          968    i.svcTimerCall      RTX_CM4.lib(rt_cmsis.o)
    0x080095c4   0x080095c4   0x0000005c   Code   RO          977    i.sysTimerTick      RTX_CM4.lib(rt_cmsis.o)
    0x08009620   0x08009620   0x00000024   Data   RO          155    .constdata          thread.o
    0x08009644   0x08009644   0x00000068   Data   RO          449    .constdata          rtx_conf_cm.o
    0x080096ac   0x080096ac   0x00000008   Data   RO          569    .constdata          stm32f4xx_hal_dma.o
    0x080096b4   0x080096b4   0x00000010   Data   RO          690    .constdata          stm32f4xx_hal_rcc.o
    0x080096c4   0x080096c4   0x00000010   Data   RO          856    .constdata          system_stm32f4xx.o
    0x080096d4   0x080096d4   0x00000020   Data   RO         2411    Region$$Table       anon$$obj.o


    Execution Region RW_IRAM1 (Exec base: 0x20000000, Load base: 0x080096f4, Size: 0x000019d0, Max: 0x00020000, ABSOLUTE)

    Exec Addr    Load Addr    Size         Type   Attr      Idx    E Section Name        Object

    0x20000000   0x080096f4   0x0000002c   Data   RW          156    .data               thread.o
    0x2000002c   0x08009720   0x00000074   Data   RW          203    .data               filter.o
    0x200000a0   0x08009794   0x00000004   Data   RW          423    .data               lis3dsh_1.o
    0x200000a4   0x08009798   0x00000010   Data   RW          450    .data               rtx_conf_cm.o
    0x200000b4   0x080097a8   0x00000004   Data   RW          479    .data               stm32f4xx_hal.o
    0x200000b8   0x080097ac   0x00000004   Data   RW          857    .data               system_stm32f4xx.o
    0x200000bc   0x080097b0   0x00000008   Data   RW          980    .data               RTX_CM4.lib(rt_cmsis.o)
    0x200000c4   0x080097b8   0x00000004   Data   RW         1509    .data               RTX_CM4.lib(rt_time.o)
    0x200000c8   0x080097bc   0x00000008   Data   RW         1550    .data               RTX_CM4.lib(rt_task.o)
    0x200000d0   0x080097c4   0x00000008   Data   RW         1635    .data               RTX_CM4.lib(rt_system.o)
    0x200000d8   0x080097cc   0x00000001   Data   RW         2016    .data               RTX_CM4.lib(hal_cm.o)
    0x200000d9   0x080097cd   0x00000003   PAD
    0x200000dc   0x080097d0   0x00000008   Data   RW         2064    .data               RTX_CM4.lib(rt_robin.o)
    0x200000e4   0x080097d8   0x00000004   Data   RW         2389    .data               mc_w.l(stdout.o)
    0x200000e8        -       0x00000024   Zero   RW          154    .bss                thread.o
    0x2000010c        -       0x00000030   Zero   RW          202    .bss                filter.o
    0x2000013c        -       0x00000094   Zero   RW          391    .bss                tim.o
    0x200001d0        -       0x00000058   Zero   RW          422    .bss                lis3dsh_1.o
    0x20000228        -       0x00001340   Zero   RW          448    .bss                rtx_conf_cm.o
    0x20001568        -       0x00000034   Zero   RW         1549    .bss                RTX_CM4.lib(rt_task.o)
    0x2000159c        -       0x00000030   Zero   RW         1769    .bss                RTX_CM4.lib(rt_list.o)
    0x200015cc   0x080097dc   0x00000004   PAD
    0x200015d0        -       0x00000400   Zero   RW          845    STACK               startup_stm32f407xx.o

